Archive member included to satisfy reference by file (symbol)

/usr/share/gcc-arm-none-eabi-10.3-2021.10/bin/../lib/gcc/arm-none-eabi/10.3.1/thumb/v7e-m+dp/softfp/libgcc.a(_aeabi_uldivmod.o)
                              spy/stm32f4xx_hal_rcc.o (__aeabi_uldivmod)
/usr/share/gcc-arm-none-eabi-10.3-2021.10/bin/../lib/gcc/arm-none-eabi/10.3.1/thumb/v7e-m+dp/softfp/libgcc.a(_udivmoddi4.o)
                              /usr/share/gcc-arm-none-eabi-10.3-2021.10/bin/../lib/gcc/arm-none-eabi/10.3.1/thumb/v7e-m+dp/softfp/libgcc.a(_aeabi_uldivmod.o) (__udivmoddi4)
/usr/share/gcc-arm-none-eabi-10.3-2021.10/bin/../lib/gcc/arm-none-eabi/10.3.1/thumb/v7e-m+dp/softfp/libgcc.a(_dvmd_tls.o)
                              /usr/share/gcc-arm-none-eabi-10.3-2021.10/bin/../lib/gcc/arm-none-eabi/10.3.1/thumb/v7e-m+dp/softfp/libgcc.a(_aeabi_uldivmod.o) (__aeabi_ldiv0)
/usr/share/gcc-arm-none-eabi-10.3-2021.10/bin/../lib/gcc/arm-none-eabi/10.3.1/../../../../arm-none-eabi/lib/thumb/v7e-m+dp/softfp/libc_nano.a(lib_a-errno.o)
                              spy/syscalls.o (__errno)
/usr/share/gcc-arm-none-eabi-10.3-2021.10/bin/../lib/gcc/arm-none-eabi/10.3.1/../../../../arm-none-eabi/lib/thumb/v7e-m+dp/softfp/libc_nano.a(lib_a-exit.o)
                              /usr/share/gcc-arm-none-eabi-10.3-2021.10/bin/../lib/gcc/arm-none-eabi/10.3.1/../../../../arm-none-eabi/lib/thumb/v7e-m+dp/softfp/crt0.o (exit)
/usr/share/gcc-arm-none-eabi-10.3-2021.10/bin/../lib/gcc/arm-none-eabi/10.3.1/../../../../arm-none-eabi/lib/thumb/v7e-m+dp/softfp/libc_nano.a(lib_a-impure.o)
                              /usr/share/gcc-arm-none-eabi-10.3-2021.10/bin/../lib/gcc/arm-none-eabi/10.3.1/../../../../arm-none-eabi/lib/thumb/v7e-m+dp/softfp/libc_nano.a(lib_a-exit.o) (_global_impure_ptr)
/usr/share/gcc-arm-none-eabi-10.3-2021.10/bin/../lib/gcc/arm-none-eabi/10.3.1/../../../../arm-none-eabi/lib/thumb/v7e-m+dp/softfp/libc_nano.a(lib_a-init.o)
                              /usr/share/gcc-arm-none-eabi-10.3-2021.10/bin/../lib/gcc/arm-none-eabi/10.3.1/../../../../arm-none-eabi/lib/thumb/v7e-m+dp/softfp/crt0.o (__libc_init_array)
/usr/share/gcc-arm-none-eabi-10.3-2021.10/bin/../lib/gcc/arm-none-eabi/10.3.1/../../../../arm-none-eabi/lib/thumb/v7e-m+dp/softfp/libc_nano.a(lib_a-memset.o)
                              /usr/share/gcc-arm-none-eabi-10.3-2021.10/bin/../lib/gcc/arm-none-eabi/10.3.1/../../../../arm-none-eabi/lib/thumb/v7e-m+dp/softfp/crt0.o (memset)
/usr/share/gcc-arm-none-eabi-10.3-2021.10/bin/../lib/gcc/arm-none-eabi/10.3.1/../../../../arm-none-eabi/lib/thumb/v7e-m+dp/softfp/libc_nano.a(lib_a-puts.o)
                              spy/main.o (puts)
/usr/share/gcc-arm-none-eabi-10.3-2021.10/bin/../lib/gcc/arm-none-eabi/10.3.1/../../../../arm-none-eabi/lib/thumb/v7e-m+dp/softfp/libc_nano.a(lib_a-wbuf.o)
                              /usr/share/gcc-arm-none-eabi-10.3-2021.10/bin/../lib/gcc/arm-none-eabi/10.3.1/../../../../arm-none-eabi/lib/thumb/v7e-m+dp/softfp/libc_nano.a(lib_a-puts.o) (__swbuf_r)
/usr/share/gcc-arm-none-eabi-10.3-2021.10/bin/../lib/gcc/arm-none-eabi/10.3.1/../../../../arm-none-eabi/lib/thumb/v7e-m+dp/softfp/libc_nano.a(lib_a-wsetup.o)
                              /usr/share/gcc-arm-none-eabi-10.3-2021.10/bin/../lib/gcc/arm-none-eabi/10.3.1/../../../../arm-none-eabi/lib/thumb/v7e-m+dp/softfp/libc_nano.a(lib_a-puts.o) (__swsetup_r)
/usr/share/gcc-arm-none-eabi-10.3-2021.10/bin/../lib/gcc/arm-none-eabi/10.3.1/../../../../arm-none-eabi/lib/thumb/v7e-m+dp/softfp/libc_nano.a(lib_a-fflush.o)
                              /usr/share/gcc-arm-none-eabi-10.3-2021.10/bin/../lib/gcc/arm-none-eabi/10.3.1/../../../../arm-none-eabi/lib/thumb/v7e-m+dp/softfp/libc_nano.a(lib_a-wbuf.o) (_fflush_r)
/usr/share/gcc-arm-none-eabi-10.3-2021.10/bin/../lib/gcc/arm-none-eabi/10.3.1/../../../../arm-none-eabi/lib/thumb/v7e-m+dp/softfp/libc_nano.a(lib_a-findfp.o)
                              /usr/share/gcc-arm-none-eabi-10.3-2021.10/bin/../lib/gcc/arm-none-eabi/10.3.1/../../../../arm-none-eabi/lib/thumb/v7e-m+dp/softfp/libc_nano.a(lib_a-puts.o) (__sinit)
/usr/share/gcc-arm-none-eabi-10.3-2021.10/bin/../lib/gcc/arm-none-eabi/10.3.1/../../../../arm-none-eabi/lib/thumb/v7e-m+dp/softfp/libc_nano.a(lib_a-fwalk.o)
                              /usr/share/gcc-arm-none-eabi-10.3-2021.10/bin/../lib/gcc/arm-none-eabi/10.3.1/../../../../arm-none-eabi/lib/thumb/v7e-m+dp/softfp/libc_nano.a(lib_a-findfp.o) (_fwalk)
/usr/share/gcc-arm-none-eabi-10.3-2021.10/bin/../lib/gcc/arm-none-eabi/10.3.1/../../../../arm-none-eabi/lib/thumb/v7e-m+dp/softfp/libc_nano.a(lib_a-lock.o)
                              /usr/share/gcc-arm-none-eabi-10.3-2021.10/bin/../lib/gcc/arm-none-eabi/10.3.1/../../../../arm-none-eabi/lib/thumb/v7e-m+dp/softfp/libc_nano.a(lib_a-findfp.o) (__retarget_lock_init_recursive)
/usr/share/gcc-arm-none-eabi-10.3-2021.10/bin/../lib/gcc/arm-none-eabi/10.3.1/../../../../arm-none-eabi/lib/thumb/v7e-m+dp/softfp/libc_nano.a(lib_a-makebuf.o)
[...]
Memory Configuration

Name             Origin             Length             Attributes
RAM              0x0000000020000000 0x0000000000020000 xrw
FLASH            0x0000000008000000 0x0000000000080000 xr
*default*        0x0000000000000000 0xffffffffffffffff

Linker script and memory map

LOAD /usr/share/gcc-arm-none-eabi-10.3-2021.10/bin/../lib/gcc/arm-none-eabi/10.3.1/thumb/v7e-m+dp/softfp/crti.o
LOAD /usr/share/gcc-arm-none-eabi-10.3-2021.10/bin/../lib/gcc/arm-none-eabi/10.3.1/thumb/v7e-m+dp/softfp/crtbegin.o
LOAD /usr/share/gcc-arm-none-eabi-10.3-2021.10/bin/../lib/gcc/arm-none-eabi/10.3.1/../../../../arm-none-eabi/lib/thumb/v7e-m+dp/softfp/crt0.o
LOAD spy/startup_stm32f411xe.o
LOAD spy/bsp.o
LOAD spy/main.o
LOAD spy/blinky.o
LOAD spy/system_stm32f4xx.o
LOAD spy/stm32f4xx_hal_gpio.o
LOAD spy/stm32f4xx_hal_rcc.o
LOAD spy/stm32f4xx_hal_uart.o
LOAD spy/stm32f4xx_hal.o
LOAD spy/stm32f4xx_hal_cortex.o
LOAD spy/syscalls.o
LOAD spy/qep_hsm.o
LOAD spy/qep_msm.o
LOAD spy/qf_act.o
LOAD spy/qf_actq.o
LOAD spy/qf_defer.o
LOAD spy/qf_dyn.o
LOAD spy/qf_mem.o
LOAD spy/qf_ps.o
LOAD spy/qf_qact.o
LOAD spy/qf_qeq.o
LOAD spy/qf_qmact.o
LOAD spy/qf_time.o
LOAD spy/qv.o
LOAD spy/qv_port.o
LOAD spy/qs.o
LOAD spy/qs_rx.o
LOAD spy/qs_fp.o
LOAD spy/qstamp.o
START GROUP
LOAD /usr/share/gcc-arm-none-eabi-10.3-2021.10/bin/../lib/gcc/arm-none-eabi/10.3.1/thumb/v7e-m+dp/softfp/libgcc.a
LOAD /usr/share/gcc-arm-none-eabi-10.3-2021.10/bin/../lib/gcc/arm-none-eabi/10.3.1/../../../../arm-none-eabi/lib/thumb/v7e-m+dp/softfp/libc_nano.a
END GROUP
START GROUP
LOAD /usr/share/gcc-arm-none-eabi-10.3-2021.10/bin/../lib/gcc/arm-none-eabi/10.3.1/thumb/v7e-m+dp/softfp/libgcc.a
LOAD /usr/share/gcc-arm-none-eabi-10.3-2021.10/bin/../lib/gcc/arm-none-eabi/10.3.1/../../../../arm-none-eabi/lib/thumb/v7e-m+dp/softfp/libc_nano.a
LOAD /usr/share/gcc-arm-none-eabi-10.3-2021.10/bin/../lib/gcc/arm-none-eabi/10.3.1/../../../../arm-none-eabi/lib/thumb/v7e-m+dp/softfp/libnosys.a
END GROUP
START GROUP
LOAD /usr/share/gcc-arm-none-eabi-10.3-2021.10/bin/../lib/gcc/arm-none-eabi/10.3.1/thumb/v7e-m+dp/softfp/libgcc.a
LOAD /usr/share/gcc-arm-none-eabi-10.3-2021.10/bin/../lib/gcc/arm-none-eabi/10.3.1/../../../../arm-none-eabi/lib/thumb/v7e-m+dp/softfp/libc_nano.a
LOAD /usr/share/gcc-arm-none-eabi-10.3-2021.10/bin/../lib/gcc/arm-none-eabi/10.3.1/../../../../arm-none-eabi/lib/thumb/v7e-m+dp/softfp/libnosys.a
END GROUP
LOAD /usr/share/gcc-arm-none-eabi-10.3-2021.10/bin/../lib/gcc/arm-none-eabi/10.3.1/thumb/v7e-m+dp/softfp/crtend.o
LOAD /usr/share/gcc-arm-none-eabi-10.3-2021.10/bin/../lib/gcc/arm-none-eabi/10.3.1/thumb/v7e-m+dp/softfp/crtn.o
                0x0000000020020000                _estack = 0x20020000
                0x0000000000000200                _Min_Heap_Size = 0x200
                0x0000000000000400                _Min_Stack_Size = 0x400

.isr_vector     0x0000000008000000      0x198
                0x0000000008000000                . = ALIGN (0x4)
 *(.isr_vector)
 .isr_vector    0x0000000008000000      0x198 spy/startup_stm32f411xe.o
                0x0000000008000000                g_pfnVectors
                0x0000000008000198                . = ALIGN (0x4)

.text           0x0000000008000198     0x4e90
                0x0000000008000198                . = ALIGN (0x4)
 *(.text)
 .text          0x0000000008000198       0x40 /usr/share/gcc-arm-none-eabi-10.3-2021.10/bin/../lib/gcc/arm-none-eabi/10.3.1/thumb/v7e-m+dp/softfp/crtbegin.o
 .text          0x00000000080001d8       0x30 /usr/share/gcc-arm-none-eabi-10.3-2021.10/bin/../lib/gcc/arm-none-eabi/10.3.1/thumb/v7e-m+dp/softfp/libgcc.a(_aeabi_uldivmod.o)
                0x00000000080001d8                __aeabi_uldivmod
 .text          0x0000000008000208      0x2d0 /usr/share/gcc-arm-none-eabi-10.3-2021.10/bin/../lib/gcc/arm-none-eabi/10.3.1/thumb/v7e-m+dp/softfp/libgcc.a(_udivmoddi4.o)
                0x0000000008000208                __udivmoddi4
 .text          0x00000000080004d8        0x4 /usr/share/gcc-arm-none-eabi-10.3-2021.10/bin/../lib/gcc/arm-none-eabi/10.3.1/thumb/v7e-m+dp/softfp/libgcc.a(_dvmd_tls.o)
                0x00000000080004d8                __aeabi_ldiv0
                0x00000000080004d8                __aeabi_idiv0
 *(.text*)
 .text.Reset_Handler
                0x00000000080004dc       0x50 spy/startup_stm32f411xe.o
                0x00000000080004dc                Reset_Handler
 .text.Default_Handler
                0x000000000800052c        0x2 spy/startup_stm32f411xe.o
                0x000000000800052c                RTC_Alarm_IRQHandler
                0x000000000800052c                EXTI2_IRQHandler
                0x000000000800052c                DebugMon_Handler
                0x000000000800052c                SPI4_IRQHandler
                0x000000000800052c                TIM1_CC_IRQHandler
                0x000000000800052c                DMA2_Stream5_IRQHandler
                0x000000000800052c                HardFault_Handler
                0x000000000800052c                DMA1_Stream5_IRQHandler
                0x000000000800052c                PVD_IRQHandler
                0x000000000800052c                SDIO_IRQHandler
                0x000000000800052c                TAMP_STAMP_IRQHandler
                0x000000000800052c                PendSV_Handler
                0x000000000800052c                NMI_Handler
                0x000000000800052c                EXTI3_IRQHandler
                0x000000000800052c                TIM1_UP_TIM10_IRQHandler
                0x000000000800052c                I2C3_ER_IRQHandler
                0x000000000800052c                EXTI0_IRQHandler
                0x000000000800052c                I2C2_EV_IRQHandler
                0x000000000800052c                DMA1_Stream2_IRQHandler
                0x000000000800052c                FPU_IRQHandler
                0x000000000800052c                UsageFault_Handler
                0x000000000800052c                DMA2_Stream2_IRQHandler
                0x000000000800052c                SPI1_IRQHandler
                0x000000000800052c                TIM1_BRK_TIM9_IRQHandler
                0x000000000800052c                DMA2_Stream3_IRQHandler
                0x000000000800052c                USART6_IRQHandler
                0x000000000800052c                DMA2_Stream0_IRQHandler
                0x000000000800052c                TIM4_IRQHandler
                0x000000000800052c                I2C1_EV_IRQHandler
                0x000000000800052c                DMA1_Stream6_IRQHandler
                0x000000000800052c                DMA1_Stream1_IRQHandler
                0x000000000800052c                TIM3_IRQHandler
                0x000000000800052c                RCC_IRQHandler
                0x000000000800052c                Default_Handler
                0x000000000800052c                EXTI15_10_IRQHandler
                0x000000000800052c                ADC_IRQHandler
                0x000000000800052c                DMA1_Stream7_IRQHandler
                0x000000000800052c                SPI5_IRQHandler
                0x000000000800052c                TIM5_IRQHandler
                0x000000000800052c                DMA2_Stream7_IRQHandler
                0x000000000800052c                I2C3_EV_IRQHandler
                0x000000000800052c                EXTI9_5_IRQHandler
                0x000000000800052c                RTC_WKUP_IRQHandler
                0x000000000800052c                SPI2_IRQHandler
                0x000000000800052c                MemManage_Handler
                0x000000000800052c                DMA1_Stream0_IRQHandler
                0x000000000800052c                SVC_Handler
                0x000000000800052c                EXTI4_IRQHandler
                0x000000000800052c                WWDG_IRQHandler
                0x000000000800052c                TIM2_IRQHandler
                0x000000000800052c                OTG_FS_WKUP_IRQHandler
                0x000000000800052c                TIM1_TRG_COM_TIM11_IRQHandler
                0x000000000800052c                EXTI1_IRQHandler
                0x000000000800052c                I2C2_ER_IRQHandler
                0x000000000800052c                DMA2_Stream1_IRQHandler
                0x000000000800052c                FLASH_IRQHandler
                0x000000000800052c                DMA2_Stream4_IRQHandler
                0x000000000800052c                BusFault_Handler
                0x000000000800052c                USART1_IRQHandler
                0x000000000800052c                OTG_FS_IRQHandler
                0x000000000800052c                SPI3_IRQHandler
                0x000000000800052c                DMA1_Stream4_IRQHandler
                0x000000000800052c                I2C1_ER_IRQHandler
                0x000000000800052c                DMA2_Stream6_IRQHandler
                0x000000000800052c                DMA1_Stream3_IRQHandler
 *fill*         0x000000000800052e        0x2 
 .text.__NVIC_SystemReset
                0x0000000008000530       0x24 spy/bsp.o
 .text.__io_putchar
                0x0000000008000554       0x20 spy/bsp.o
                0x0000000008000554                __io_putchar
 .text.HAL_UART_MspInit
                0x0000000008000574       0xe0 spy/bsp.o
                0x0000000008000574                HAL_UART_MspInit
 .text.HAL_MspInit
                0x0000000008000654       0x38 spy/bsp.o
                0x0000000008000654                HAL_MspInit
 .text.SysTick_Handler
                0x000000000800068c       0x30 spy/bsp.o
                0x000000000800068c                SysTick_Handler
 .text.USART2_IRQHandler
                0x00000000080006bc       0x24 spy/bsp.o
                0x00000000080006bc                USART2_IRQHandler
 .text.SystemClock_Config
                0x00000000080006e0       0xa8 spy/bsp.o
                0x00000000080006e0                SystemClock_Config
 .text.BSP_ledon
                0x0000000008000788       0x14 spy/bsp.o
                0x0000000008000788                BSP_ledon
 .text.BSP_ledoff
                0x000000000800079c       0x14 spy/bsp.o
                0x000000000800079c                BSP_ledoff
 .text.QF_onStartup
                0x00000000080007b0        0x2 spy/bsp.o
                0x00000000080007b0                QF_onStartup
 *fill*         0x00000000080007b2        0x2 
 .text.QV_onIdle
                0x00000000080007b4       0x48 spy/bsp.o
                0x00000000080007b4                QV_onIdle
 .text.Q_onAssert
                0x00000000080007fc        0xe spy/bsp.o
                0x00000000080007fc                Q_onAssert
 *fill*         0x000000000800080a        0x2 
 .text.QS_onStartup
                0x000000000800080c       0x44 spy/bsp.o
                0x000000000800080c                QS_onStartup
 .text.BSP_init
                0x0000000008000850       0xf8 spy/bsp.o
                0x0000000008000850                BSP_init
 .text.QS_onCleanup
                0x0000000008000948        0x2 spy/bsp.o
                0x0000000008000948                QS_onCleanup
 *fill*         0x000000000800094a        0x2 
 .text.QS_onGetTime
                0x000000000800094c       0x28 spy/bsp.o
                0x000000000800094c                QS_onGetTime
 .text.QS_onFlush
                0x0000000008000974       0x44 spy/bsp.o
                0x0000000008000974                QS_onFlush
 .text.QS_onReset
                0x00000000080009b8        0x6 spy/bsp.o
                0x00000000080009b8                QS_onReset
 *fill*         0x00000000080009be        0x2 
 .text.QS_onCommand
                0x00000000080009c0       0x7c spy/bsp.o
                0x00000000080009c0                QS_onCommand
 .text.main     0x0000000008000a3c       0x88 spy/main.o
                0x0000000008000a3c                main
 .text.Blinky_initial
                0x0000000008000ac4       0x1c spy/blinky.o
 .text.Blinky_off
                0x0000000008000ae0       0x2c spy/blinky.o
 .text.Blinky_on
                0x0000000008000b0c       0x2c spy/blinky.o
 .text.blinky_ctor
                0x0000000008000b38       0x24 spy/blinky.o
                0x0000000008000b38                blinky_ctor
 .text.SystemInit
                0x0000000008000b5c       0x14 spy/system_stm32f4xx.o
                0x0000000008000b5c                SystemInit
 .text.SystemCoreClockUpdate
                0x0000000008000b70       0x9c spy/system_stm32f4xx.o
                0x0000000008000b70                SystemCoreClockUpdate
 .text.HAL_GPIO_Init
                0x0000000008000c0c      0x1cc spy/stm32f4xx_hal_gpio.o
                0x0000000008000c0c                HAL_GPIO_Init
 .text.HAL_GPIO_WritePin
                0x0000000008000dd8        0xc spy/stm32f4xx_hal_gpio.o
                0x0000000008000dd8                HAL_GPIO_WritePin
 .text.HAL_RCC_OscConfig
                0x0000000008000de4      0x3f8 spy/stm32f4xx_hal_rcc.o
                0x0000000008000de4                HAL_RCC_OscConfig
 .text.HAL_RCC_GetSysClockFreq
                0x00000000080011dc       0xd4 spy/stm32f4xx_hal_rcc.o
                0x00000000080011dc                HAL_RCC_GetSysClockFreq
 .text.HAL_RCC_ClockConfig
                0x00000000080012b0      0x164 spy/stm32f4xx_hal_rcc.o
                0x00000000080012b0                HAL_RCC_ClockConfig
 .text.HAL_RCC_GetHCLKFreq
                0x0000000008001414        0xc spy/stm32f4xx_hal_rcc.o
                0x0000000008001414                HAL_RCC_GetHCLKFreq
 .text.HAL_RCC_GetPCLK1Freq
                0x0000000008001420       0x20 spy/stm32f4xx_hal_rcc.o
                0x0000000008001420                HAL_RCC_GetPCLK1Freq
 .text.HAL_RCC_GetPCLK2Freq
                0x0000000008001440       0x20 spy/stm32f4xx_hal_rcc.o
                0x0000000008001440                HAL_RCC_GetPCLK2Freq
 .text.UART_SetConfig
                0x0000000008001460      0x104 spy/stm32f4xx_hal_uart.o
 .text.UART_WaitOnFlagUntilTimeout
                0x0000000008001564       0x88 spy/stm32f4xx_hal_uart.o
 .text.HAL_UART_Init
                0x00000000080015ec       0x5e spy/stm32f4xx_hal_uart.o
                0x00000000080015ec                HAL_UART_Init
 .text.HAL_UART_Transmit
                0x000000000800164a       0xe4 spy/stm32f4xx_hal_uart.o
                0x000000000800164a                HAL_UART_Transmit
 *fill*         0x000000000800172e        0x2 
 .text.HAL_InitTick
                0x0000000008001730       0x4c spy/stm32f4xx_hal.o
                0x0000000008001730                HAL_InitTick
 .text.HAL_Init
                0x000000000800177c       0x34 spy/stm32f4xx_hal.o
                0x000000000800177c                HAL_Init
 .text.HAL_GetTick
                0x00000000080017b0        0xc spy/stm32f4xx_hal.o
                0x00000000080017b0                HAL_GetTick
 .text.HAL_NVIC_SetPriorityGrouping
                0x00000000080017bc       0x24 spy/stm32f4xx_hal_cortex.o
                0x00000000080017bc                HAL_NVIC_SetPriorityGrouping
 .text.HAL_NVIC_SetPriority
                0x00000000080017e0       0x6c spy/stm32f4xx_hal_cortex.o
                0x00000000080017e0                HAL_NVIC_SetPriority
 .text.HAL_NVIC_EnableIRQ
                0x000000000800184c       0x1c spy/stm32f4xx_hal_cortex.o
                0x000000000800184c                HAL_NVIC_EnableIRQ
 .text.HAL_SYSTICK_Config
                0x0000000008001868       0x28 spy/stm32f4xx_hal_cortex.o
                0x0000000008001868                HAL_SYSTICK_Config
 .text._read    0x0000000008001890       0x1a spy/syscalls.o
                0x0000000008001890                _read
 .text._write   0x00000000080018aa       0x1a spy/syscalls.o
                0x00000000080018aa                _write
 .text._sbrk    0x00000000080018c4       0x3c spy/syscalls.o
                0x00000000080018c4                _sbrk
 .text._close   0x0000000008001900        0x6 spy/syscalls.o
                0x0000000008001900                _close
 .text._fstat   0x0000000008001906        0xa spy/syscalls.o
                0x0000000008001906                _fstat
 .text._isatty  0x0000000008001910        0x4 spy/syscalls.o
                0x0000000008001910                _isatty
 .text._lseek   0x0000000008001914        0x4 spy/syscalls.o
                0x0000000008001914                _lseek
 .text.QHsm_top
                0x0000000008001918        0x4 spy/qep_hsm.o
                0x0000000008001918                QHsm_top
 .text.QHsm_getStateHandler_
                0x000000000800191c        0x4 spy/qep_hsm.o
                0x000000000800191c                QHsm_getStateHandler_
 .text.QHsm_init_
                0x0000000008001920      0x1e4 spy/qep_hsm.o
                0x0000000008001920                QHsm_init_
 .text.QHsm_dispatch_
                0x0000000008001b04      0x704 spy/qep_hsm.o
                0x0000000008001b04                QHsm_dispatch_
 .text.QHsm_ctor
                0x0000000008002208       0x14 spy/qep_hsm.o
                0x0000000008002208                QHsm_ctor
 .text.QF_add_  0x000000000800221c       0x3c spy/qf_act.o
                0x000000000800221c                QF_add_
 .text.QF_bzero
                0x0000000008002258       0x12 spy/qf_act.o
                0x0000000008002258                QF_bzero
 *fill*         0x000000000800226a        0x2 
 .text.QActive_post_
                0x000000000800226c      0x190 spy/qf_actq.o
                0x000000000800226c                QActive_post_
 .text.QActive_postLIFO_
                0x00000000080023fc       0xe0 spy/qf_actq.o
                0x00000000080023fc                QActive_postLIFO_
 .text.QActive_get_
                0x00000000080024dc      0x108 spy/qf_actq.o
                0x00000000080024dc                QActive_get_
 .text.QF_newX_
                0x00000000080025e4      0x134 spy/qf_dyn.o
                0x00000000080025e4                QF_newX_
 .text.QF_gc    0x0000000008002718       0xf8 spy/qf_dyn.o
                0x0000000008002718                QF_gc
 .text.QF_poolGetMaxBlockSize
                0x0000000008002810       0x1c spy/qf_dyn.o
                0x0000000008002810                QF_poolGetMaxBlockSize
 .text.QMPool_put
                0x000000000800282c       0x8c spy/qf_mem.o
                0x000000000800282c                QMPool_put
 .text.QMPool_get
                0x00000000080028b8      0x12c spy/qf_mem.o
                0x00000000080028b8                QMPool_get
 .text.QF_publish_
                0x00000000080029e4       0xec spy/qf_ps.o
                0x00000000080029e4                QF_publish_
 .text.QActive_ctor
                0x0000000008002ad0       0x20 spy/qf_qact.o
                0x0000000008002ad0                QActive_ctor
 .text.QEQueue_init
                0x0000000008002af0       0x1e spy/qf_qeq.o
                0x0000000008002af0                QEQueue_init
 *fill*         0x0000000008002b0e        0x2 
 .text.QF_tickX_
                0x0000000008002b10      0x198 spy/qf_time.o
                0x0000000008002b10                QF_tickX_
 .text.QTimeEvt_ctorX
                0x0000000008002ca8       0x2c spy/qf_time.o
                0x0000000008002ca8                QTimeEvt_ctorX
 .text.QTimeEvt_armX
                0x0000000008002cd4       0xc4 spy/qf_time.o
                0x0000000008002cd4                QTimeEvt_armX
 .text.QF_init  0x0000000008002d98       0x48 spy/qv.o
                0x0000000008002d98                QF_init
 .text.QF_run   0x0000000008002de0      0x128 spy/qv.o
                0x0000000008002de0                QF_run
 .text.QActive_start_
                0x0000000008002f08       0x4c spy/qv.o
                0x0000000008002f08                QActive_start_
 .text.QV_init  0x0000000008002f54       0x54 spy/qv_port.o
                0x0000000008002f54                QV_init
 .text.QS_glbFilter_
                0x0000000008002fa8      0x30c spy/qs.o
                0x0000000008002fa8                QS_glbFilter_
 .text.QS_locFilter_
                0x00000000080032b4       0xc8 spy/qs.o
                0x00000000080032b4                QS_locFilter_
 .text.QS_beginRec_
                0x000000000800337c       0x78 spy/qs.o
                0x000000000800337c                QS_beginRec_
 .text.QS_endRec_
                0x00000000080033f4       0x78 spy/qs.o
                0x00000000080033f4                QS_endRec_
 .text.QS_u8_fmt_
                0x000000000800346c       0xa4 spy/qs.o
                0x000000000800346c                QS_u8_fmt_
 .text.QS_u32_fmt_
                0x0000000008003510       0xb0 spy/qs.o
                0x0000000008003510                QS_u32_fmt_
 .text.QS_u8_raw_
                0x00000000080035c0       0x60 spy/qs.o
                0x00000000080035c0                QS_u8_raw_
 .text.QS_2u8_raw_
                0x0000000008003620       0xa4 spy/qs.o
                0x0000000008003620                QS_2u8_raw_
 .text.QS_u16_raw_
                0x00000000080036c4       0xa8 spy/qs.o
                0x00000000080036c4                QS_u16_raw_
 .text.QS_target_info_pre_
                0x000000000800376c      0x160 spy/qs.o
                0x000000000800376c                QS_target_info_pre_
 .text.QS_initBuf
                0x00000000080038cc       0x54 spy/qs.o
                0x00000000080038cc                QS_initBuf
 .text.QS_u32_raw_
                0x0000000008003920       0x70 spy/qs.o
                0x0000000008003920                QS_u32_raw_
 .text.QS_obj_raw_
                0x0000000008003990        0x8 spy/qs.o
                0x0000000008003990                QS_obj_raw_
 .text.QS_str_raw_
                0x0000000008003998       0x58 spy/qs.o
                0x0000000008003998                QS_str_raw_
 .text.QS_getByte
                0x00000000080039f0       0x2c spy/qs.o
                0x00000000080039f0                QS_getByte
 .text.QS_obj_dict_pre_
                0x0000000008003a1c       0x3a spy/qs.o
                0x0000000008003a1c                QS_obj_dict_pre_
 .text.QS_usr_dict_pre_
                0x0000000008003a56       0x30 spy/qs.o
                0x0000000008003a56                QS_usr_dict_pre_
 *fill*         0x0000000008003a86        0x2 
 .text.QS_ASSERTION
                0x0000000008003a88       0x6c spy/qs.o
                0x0000000008003a88                QS_ASSERTION
 .text.QS_rxReportError_
                0x0000000008003af4       0x28 spy/qs_rx.o
 .text.QS_rxReportAck_
                0x0000000008003b1c       0x26 spy/qs_rx.o
 .text.QS_rxReportDone_
                0x0000000008003b42       0x2e spy/qs_rx.o
 .text.QS_rxParseData_
                0x0000000008003b70      0x4ac spy/qs_rx.o
 .text.QS_rxInitBuf
                0x000000000800401c       0x48 spy/qs_rx.o
                0x000000000800401c                QS_rxInitBuf
 .text.QS_RX_PUT
                0x0000000008004064       0x30 spy/qs_rx.o
                0x0000000008004064                QS_RX_PUT
 .text.QS_queryCurrObj
                0x0000000008004094       0xc4 spy/qs_rx.o
                0x0000000008004094                QS_queryCurrObj
 .text.QS_rxParse
                0x0000000008004158      0x458 spy/qs_rx.o
                0x0000000008004158                QS_rxParse
 .text.__errno  0x00000000080045b0        0xc /usr/share/gcc-arm-none-eabi-10.3-2021.10/bin/../lib/gcc/arm-none-eabi/10.3.1/../../../../arm-none-eabi/lib/thumb/v7e-m+dp/softfp/libc_nano.a(lib_a-errno.o)
                0x00000000080045b0                __errno
 .text.__libc_init_array
                0x00000000080045bc       0x48 /usr/share/gcc-arm-none-eabi-10.3-2021.10/bin/../lib/gcc/arm-none-eabi/10.3.1/../../../../arm-none-eabi/lib/thumb/v7e-m+dp/softfp/libc_nano.a(lib_a-init.o)
                0x00000000080045bc                __libc_init_array
 .text.memset   0x0000000008004604       0x10 /usr/share/gcc-arm-none-eabi-10.3-2021.10/bin/../lib/gcc/arm-none-eabi/10.3.1/../../../../arm-none-eabi/lib/thumb/v7e-m+dp/softfp/libc_nano.a(lib_a-memset.o)
                0x0000000008004604                memset
 .text._puts_r  0x0000000008004614       0xdc /usr/share/gcc-arm-none-eabi-10.3-2021.10/bin/../lib/gcc/arm-none-eabi/10.3.1/../../../../arm-none-eabi/lib/thumb/v7e-m+dp/softfp/libc_nano.a(lib_a-puts.o)
                0x0000000008004614                _puts_r
 .text.puts     0x00000000080046f0       0x10 /usr/share/gcc-arm-none-eabi-10.3-2021.10/bin/../lib/gcc/arm-none-eabi/10.3.1/../../../../arm-none-eabi/lib/thumb/v7e-m+dp/softfp/libc_nano.a(lib_a-puts.o)
                0x00000000080046f0                puts
 .text.__swbuf_r
                0x0000000008004700       0xa4 /usr/share/gcc-arm-none-eabi-10.3-2021.10/bin/../lib/gcc/arm-none-eabi/10.3.1/../../../../arm-none-eabi/lib/thumb/v7e-m+dp/softfp/libc_nano.a(lib_a-wbuf.o)
                0x0000000008004700                __swbuf_r
 .text.__swsetup_r
                0x00000000080047a4       0xdc /usr/share/gcc-arm-none-eabi-10.3-2021.10/bin/../lib/gcc/arm-none-eabi/10.3.1/../../../../arm-none-eabi/lib/thumb/v7e-m+dp/softfp/libc_nano.a(lib_a-wsetup.o)
                0x00000000080047a4                __swsetup_r
 .text.__sflush_r
                0x0000000008004880      0x10c /usr/share/gcc-arm-none-eabi-10.3-2021.10/bin/../lib/gcc/arm-none-eabi/10.3.1/../../../../arm-none-eabi/lib/thumb/v7e-m+dp/softfp/libc_nano.a(lib_a-fflush.o)
                0x0000000008004880                __sflush_r
 .text._fflush_r
                0x000000000800498c       0x78 /usr/share/gcc-arm-none-eabi-10.3-2021.10/bin/../lib/gcc/arm-none-eabi/10.3.1/../../../../arm-none-eabi/lib/thumb/v7e-m+dp/softfp/libc_nano.a(lib_a-fflush.o)
                0x000000000800498c                _fflush_r
 .text.std      0x0000000008004a04       0x48 /usr/share/gcc-arm-none-eabi-10.3-2021.10/bin/../lib/gcc/arm-none-eabi/10.3.1/../../../../arm-none-eabi/lib/thumb/v7e-m+dp/softfp/libc_nano.a(lib_a-findfp.o)
 .text._cleanup_r
                0x0000000008004a4c        0xc /usr/share/gcc-arm-none-eabi-10.3-2021.10/bin/../lib/gcc/arm-none-eabi/10.3.1/../../../../arm-none-eabi/lib/thumb/v7e-m+dp/softfp/libc_nano.a(lib_a-findfp.o)
                0x0000000008004a4c                _cleanup_r
 .text.__sfmoreglue
                0x0000000008004a58       0x2c /usr/share/gcc-arm-none-eabi-10.3-2021.10/bin/../lib/gcc/arm-none-eabi/10.3.1/../../../../arm-none-eabi/lib/thumb/v7e-m+dp/softfp/libc_nano.a(lib_a-findfp.o)
                0x0000000008004a58                __sfmoreglue
 .text.__sfp_lock_acquire
                0x0000000008004a84        0xc /usr/share/gcc-arm-none-eabi-10.3-2021.10/bin/../lib/gcc/arm-none-eabi/10.3.1/../../../../arm-none-eabi/lib/thumb/v7e-m+dp/softfp/libc_nano.a(lib_a-findfp.o)
                0x0000000008004a84                __sfp_lock_acquire
 .text.__sfp_lock_release
                0x0000000008004a90        0xc /usr/share/gcc-arm-none-eabi-10.3-2021.10/bin/../lib/gcc/arm-none-eabi/10.3.1/../../../../arm-none-eabi/lib/thumb/v7e-m+dp/softfp/libc_nano.a(lib_a-findfp.o)
                0x0000000008004a90                __sfp_lock_release
 .text.__sinit_lock_acquire
                0x0000000008004a9c        0xc /usr/share/gcc-arm-none-eabi-10.3-2021.10/bin/../lib/gcc/arm-none-eabi/10.3.1/../../../../arm-none-eabi/lib/thumb/v7e-m+dp/softfp/libc_nano.a(lib_a-findfp.o)
                0x0000000008004a9c                __sinit_lock_acquire
 .text.__sinit_lock_release
                0x0000000008004aa8        0xc /usr/share/gcc-arm-none-eabi-10.3-2021.10/bin/../lib/gcc/arm-none-eabi/10.3.1/../../../../arm-none-eabi/lib/thumb/v7e-m+dp/softfp/libc_nano.a(lib_a-findfp.o)
                0x0000000008004aa8                __sinit_lock_release
 .text.__sinit  0x0000000008004ab4       0x70 /usr/share/gcc-arm-none-eabi-10.3-2021.10/bin/../lib/gcc/arm-none-eabi/10.3.1/../../../../arm-none-eabi/lib/thumb/v7e-m+dp/softfp/libc_nano.a(lib_a-findfp.o)
                0x0000000008004ab4                __sinit
 .text.__sfp    0x0000000008004b24       0x8c /usr/share/gcc-arm-none-eabi-10.3-2021.10/bin/../lib/gcc/arm-none-eabi/10.3.1/../../../../arm-none-eabi/lib/thumb/v7e-m+dp/softfp/libc_nano.a(lib_a-findfp.o)
                0x0000000008004b24                __sfp
 .text._fwalk_reent
                0x0000000008004bb0       0x3e /usr/share/gcc-arm-none-eabi-10.3-2021.10/bin/../lib/gcc/arm-none-eabi/10.3.1/../../../../arm-none-eabi/lib/thumb/v7e-m+dp/softfp/libc_nano.a(lib_a-fwalk.o)
                0x0000000008004bb0                _fwalk_reent
 .text.__retarget_lock_init_recursive
                0x0000000008004bee        0x2 /usr/share/gcc-arm-none-eabi-10.3-2021.10/bin/../lib/gcc/arm-none-eabi/10.3.1/../../../../arm-none-eabi/lib/thumb/v7e-m+dp/softfp/libc_nano.a(lib_a-lock.o)
                0x0000000008004bee                __retarget_lock_init_recursive
 .text.__retarget_lock_acquire_recursive
                0x0000000008004bf0        0x2 /usr/share/gcc-arm-none-eabi-10.3-2021.10/bin/../lib/gcc/arm-none-eabi/10.3.1/../../../../arm-none-eabi/lib/thumb/v7e-m+dp/softfp/libc_nano.a(lib_a-lock.o)
                0x0000000008004bf0                __retarget_lock_acquire_recursive
 .text.__retarget_lock_release_recursive
                0x0000000008004bf2        0x2 /usr/share/gcc-arm-none-eabi-10.3-2021.10/bin/../lib/gcc/arm-none-eabi/10.3.1/../../../../arm-none-eabi/lib/thumb/v7e-m+dp/softfp/libc_nano.a(lib_a-lock.o)
                0x0000000008004bf2                __retarget_lock_release_recursive
 .text.__swhatbuf_r
                0x0000000008004bf4       0x4a /usr/share/gcc-arm-none-eabi-10.3-2021.10/bin/../lib/gcc/arm-none-eabi/10.3.1/../../../../arm-none-eabi/lib/thumb/v7e-m+dp/softfp/libc_nano.a(lib_a-makebuf.o)
                0x0000000008004bf4                __swhatbuf_r
 *fill*         0x0000000008004c3e        0x2 
 .text.__smakebuf_r
                0x0000000008004c40       0x80 /usr/share/gcc-arm-none-eabi-10.3-2021.10/bin/../lib/gcc/arm-none-eabi/10.3.1/../../../../arm-none-eabi/lib/thumb/v7e-m+dp/softfp/libc_nano.a(lib_a-makebuf.o)
                0x0000000008004c40                __smakebuf_r
 .text._free_r  0x0000000008004cc0       0x98 /usr/share/gcc-arm-none-eabi-10.3-2021.10/bin/../lib/gcc/arm-none-eabi/10.3.1/../../../../arm-none-eabi/lib/thumb/v7e-m+dp/softfp/libc_nano.a(lib_a-nano-freer.o)
                0x0000000008004cc0                _free_r
 .text.sbrk_aligned
                0x0000000008004d58       0x40 /usr/share/gcc-arm-none-eabi-10.3-2021.10/bin/../lib/gcc/arm-none-eabi/10.3.1/../../../../arm-none-eabi/lib/thumb/v7e-m+dp/softfp/libc_nano.a(lib_a-nano-mallocr.o)
 .text._malloc_r
                0x0000000008004d98       0xe8 /usr/share/gcc-arm-none-eabi-10.3-2021.10/bin/../lib/gcc/arm-none-eabi/10.3.1/../../../../arm-none-eabi/lib/thumb/v7e-m+dp/softfp/libc_nano.a(lib_a-nano-mallocr.o)
                0x0000000008004d98                _malloc_r
 .text._sbrk_r  0x0000000008004e80       0x20 /usr/share/gcc-arm-none-eabi-10.3-2021.10/bin/../lib/gcc/arm-none-eabi/10.3.1/../../../../arm-none-eabi/lib/thumb/v7e-m+dp/softfp/libc_nano.a(lib_a-sbrkr.o)
                0x0000000008004e80                _sbrk_r
 .text.__sread  0x0000000008004ea0       0x22 /usr/share/gcc-arm-none-eabi-10.3-2021.10/bin/../lib/gcc/arm-none-eabi/10.3.1/../../../../arm-none-eabi/lib/thumb/v7e-m+dp/softfp/libc_nano.a(lib_a-stdio.o)
                0x0000000008004ea0                __sread
 .text.__swrite
                0x0000000008004ec2       0x38 /usr/share/gcc-arm-none-eabi-10.3-2021.10/bin/../lib/gcc/arm-none-eabi/10.3.1/../../../../arm-none-eabi/lib/thumb/v7e-m+dp/softfp/libc_nano.a(lib_a-stdio.o)
                0x0000000008004ec2                __swrite
 .text.__sseek  0x0000000008004efa       0x24 /usr/share/gcc-arm-none-eabi-10.3-2021.10/bin/../lib/gcc/arm-none-eabi/10.3.1/../../../../arm-none-eabi/lib/thumb/v7e-m+dp/softfp/libc_nano.a(lib_a-stdio.o)
                0x0000000008004efa                __sseek
 .text.__sclose
                0x0000000008004f1e        0x8 /usr/share/gcc-arm-none-eabi-10.3-2021.10/bin/../lib/gcc/arm-none-eabi/10.3.1/../../../../arm-none-eabi/lib/thumb/v7e-m+dp/softfp/libc_nano.a(lib_a-stdio.o)
                0x0000000008004f1e                __sclose
 *fill*         0x0000000008004f26        0x2 
 .text._write_r
                0x0000000008004f28       0x24 /usr/share/gcc-arm-none-eabi-10.3-2021.10/bin/../lib/gcc/arm-none-eabi/10.3.1/../../../../arm-none-eabi/lib/thumb/v7e-m+dp/softfp/libc_nano.a(lib_a-writer.o)
                0x0000000008004f28                _write_r
 .text._close_r
                0x0000000008004f4c       0x20 /usr/share/gcc-arm-none-eabi-10.3-2021.10/bin/../lib/gcc/arm-none-eabi/10.3.1/../../../../arm-none-eabi/lib/thumb/v7e-m+dp/softfp/libc_nano.a(lib_a-closer.o)
                0x0000000008004f4c                _close_r
 .text._fstat_r
                0x0000000008004f6c       0x24 /usr/share/gcc-arm-none-eabi-10.3-2021.10/bin/../lib/gcc/arm-none-eabi/10.3.1/../../../../arm-none-eabi/lib/thumb/v7e-m+dp/softfp/libc_nano.a(lib_a-fstatr.o)
                0x0000000008004f6c                _fstat_r
 .text._isatty_r
                0x0000000008004f90       0x20 /usr/share/gcc-arm-none-eabi-10.3-2021.10/bin/../lib/gcc/arm-none-eabi/10.3.1/../../../../arm-none-eabi/lib/thumb/v7e-m+dp/softfp/libc_nano.a(lib_a-isattyr.o)
                0x0000000008004f90                _isatty_r
 .text._lseek_r
                0x0000000008004fb0       0x24 /usr/share/gcc-arm-none-eabi-10.3-2021.10/bin/../lib/gcc/arm-none-eabi/10.3.1/../../../../arm-none-eabi/lib/thumb/v7e-m+dp/softfp/libc_nano.a(lib_a-lseekr.o)
                0x0000000008004fb0                _lseek_r
 .text.__malloc_lock
                0x0000000008004fd4        0xc /usr/share/gcc-arm-none-eabi-10.3-2021.10/bin/../lib/gcc/arm-none-eabi/10.3.1/../../../../arm-none-eabi/lib/thumb/v7e-m+dp/softfp/libc_nano.a(lib_a-mlock.o)
                0x0000000008004fd4                __malloc_lock
 .text.__malloc_unlock
                0x0000000008004fe0        0xc /usr/share/gcc-arm-none-eabi-10.3-2021.10/bin/../lib/gcc/arm-none-eabi/10.3.1/../../../../arm-none-eabi/lib/thumb/v7e-m+dp/softfp/libc_nano.a(lib_a-mlock.o)
                0x0000000008004fe0                __malloc_unlock
 .text._read_r  0x0000000008004fec       0x24 /usr/share/gcc-arm-none-eabi-10.3-2021.10/bin/../lib/gcc/arm-none-eabi/10.3.1/../../../../arm-none-eabi/lib/thumb/v7e-m+dp/softfp/libc_nano.a(lib_a-readr.o)
                0x0000000008004fec                _read_r
 *(.glue_7)
 .glue_7        0x0000000008005010        0x0 linker stubs
 *(.glue_7t)
 .glue_7t       0x0000000008005010        0x0 linker stubs
 *(.eh_frame)
 .eh_frame      0x0000000008005010        0x0 /usr/share/gcc-arm-none-eabi-10.3-2021.10/bin/../lib/gcc/arm-none-eabi/10.3.1/thumb/v7e-m+dp/softfp/crtbegin.o
 *(.init)
 .init          0x0000000008005010        0x4 /usr/share/gcc-arm-none-eabi-10.3-2021.10/bin/../lib/gcc/arm-none-eabi/10.3.1/thumb/v7e-m+dp/softfp/crti.o
                0x0000000008005010                _init
 .init          0x0000000008005014        0x8 /usr/share/gcc-arm-none-eabi-10.3-2021.10/bin/../lib/gcc/arm-none-eabi/10.3.1/thumb/v7e-m+dp/softfp/crtn.o
 *(.fini)
 .fini          0x000000000800501c        0x4 /usr/share/gcc-arm-none-eabi-10.3-2021.10/bin/../lib/gcc/arm-none-eabi/10.3.1/thumb/v7e-m+dp/softfp/crti.o
                0x000000000800501c                _fini
 .fini          0x0000000008005020        0x8 /usr/share/gcc-arm-none-eabi-10.3-2021.10/bin/../lib/gcc/arm-none-eabi/10.3.1/thumb/v7e-m+dp/softfp/crtn.o
                0x0000000008005028                . = ALIGN (0x4)
                0x0000000008005028                _etext = .

.vfp11_veneer   0x0000000008005028        0x0
 .vfp11_veneer  0x0000000008005028        0x0 linker stubs

.v4_bx          0x0000000008005028        0x0
 .v4_bx         0x0000000008005028        0x0 linker stubs

.iplt           0x0000000008005028        0x0
 .iplt          0x0000000008005028        0x0 /usr/share/gcc-arm-none-eabi-10.3-2021.10/bin/../lib/gcc/arm-none-eabi/10.3.1/thumb/v7e-m+dp/softfp/crtbegin.o

.rodata         0x0000000008005028      0x164
                0x0000000008005028                . = ALIGN (0x4)
 *(.rodata)
 *(.rodata*)
 .rodata.BSP_init.str1.4
                0x0000000008005028       0x18 spy/bsp.o
 .rodata.Q_this_module_
                0x0000000008005040        0x9 spy/bsp.o
 *fill*         0x0000000008005049        0x3 
 .rodata.l_SysTick
                0x000000000800504c        0x1 spy/bsp.o
 *fill*         0x000000000800504d        0x3 
 .rodata.main.str1.4
                0x0000000008005050        0xd spy/main.o
 *fill*         0x000000000800505d        0x3 
 .rodata.Q_this_module_
                0x0000000008005060        0xa spy/main.o
 *fill*         0x000000000800506a        0x2 
 .rodata.AO_Blinky
                0x000000000800506c        0x4 spy/blinky.o
                0x000000000800506c                AO_Blinky
 .rodata.AHBPrescTable
                0x0000000008005070       0x10 spy/system_stm32f4xx.o
                0x0000000008005070                AHBPrescTable
 .rodata.APBPrescTable
                0x0000000008005080        0x8 spy/system_stm32f4xx.o
                0x0000000008005080                APBPrescTable
 .rodata.QEP_reservedEvt_
                0x0000000008005088       0x10 spy/qep_hsm.o
 .rodata.Q_this_module_
                0x0000000008005098        0x8 spy/qep_hsm.o
 .rodata.vtable.0
                0x00000000080050a0        0xc spy/qep_hsm.o
 .rodata.Q_this_module_
                0x00000000080050ac        0x7 spy/qf_act.o
 *fill*         0x00000000080050b3        0x1 
 .rodata.Q_this_module_
                0x00000000080050b4        0x8 spy/qf_actq.o
 .rodata.Q_this_module_
                0x00000000080050bc        0x7 spy/qf_dyn.o
 *fill*         0x00000000080050c3        0x1 
 .rodata.Q_this_module_
                0x00000000080050c4        0x7 spy/qf_mem.o
 *fill*         0x00000000080050cb        0x1 
 .rodata.Q_this_module_
                0x00000000080050cc        0x6 spy/qf_ps.o
 *fill*         0x00000000080050d2        0x2 
 .rodata.vtable.0
                0x00000000080050d4       0x18 spy/qf_qact.o
 .rodata.Q_this_module_
                0x00000000080050ec        0x8 spy/qf_time.o
 .rodata.Q_this_module_
                0x00000000080050f4        0x3 spy/qv.o
 *fill*         0x00000000080050f7        0x1 
 .rodata.QS_ASSERTION.str1.4
                0x00000000080050f8        0x2 spy/qs.o
 *fill*         0x00000000080050fa        0x2 
 .rodata.Q_this_module_
                0x00000000080050fc        0x3 spy/qs.o
 *fill*         0x00000000080050ff        0x1 
 .rodata.QS_rxInitBuf.str1.4
                0x0000000008005100        0x6 spy/qs_rx.o
 *fill*         0x0000000008005106        0x2 
 .rodata.Q_this_module_
                0x0000000008005108        0x6 spy/qs_rx.o
 *fill*         0x000000000800510e        0x2 
 .rodata.Q_BUILD_DATE
                0x0000000008005110        0xc spy/qstamp.o
                0x0000000008005110                Q_BUILD_DATE
 .rodata.Q_BUILD_TIME
                0x000000000800511c        0x9 spy/qstamp.o
                0x000000000800511c                Q_BUILD_TIME
 *fill*         0x0000000008005125        0x3 
 .rodata._global_impure_ptr
                0x0000000008005128        0x4 /usr/share/gcc-arm-none-eabi-10.3-2021.10/bin/../lib/gcc/arm-none-eabi/10.3.1/../../../../arm-none-eabi/lib/thumb/v7e-m+dp/softfp/libc_nano.a(lib_a-impure.o)
                0x0000000008005128                _global_impure_ptr
 .rodata.__sf_fake_stderr
                0x000000000800512c       0x20 /usr/share/gcc-arm-none-eabi-10.3-2021.10/bin/../lib/gcc/arm-none-eabi/10.3.1/../../../../arm-none-eabi/lib/thumb/v7e-m+dp/softfp/libc_nano.a(lib_a-findfp.o)
                0x000000000800512c                __sf_fake_stderr
 .rodata.__sf_fake_stdin
                0x000000000800514c       0x20 /usr/share/gcc-arm-none-eabi-10.3-2021.10/bin/../lib/gcc/arm-none-eabi/10.3.1/../../../../arm-none-eabi/lib/thumb/v7e-m+dp/softfp/libc_nano.a(lib_a-findfp.o)
                0x000000000800514c                __sf_fake_stdin
 .rodata.__sf_fake_stdout
                0x000000000800516c       0x20 /usr/share/gcc-arm-none-eabi-10.3-2021.10/bin/../lib/gcc/arm-none-eabi/10.3.1/../../../../arm-none-eabi/lib/thumb/v7e-m+dp/softfp/libc_nano.a(lib_a-findfp.o)
                0x000000000800516c                __sf_fake_stdout
                0x000000000800518c                . = ALIGN (0x4)

.ARM.extab
 *(.ARM.extab* .gnu.linkonce.armextab.*)

.ARM            0x000000000800518c        0x8
                0x000000000800518c                __exidx_start = .
 *(.ARM.exidx*)
 .ARM.exidx     0x000000000800518c        0x8 /usr/share/gcc-arm-none-eabi-10.3-2021.10/bin/../lib/gcc/arm-none-eabi/10.3.1/thumb/v7e-m+dp/softfp/libgcc.a(_udivmoddi4.o)
                0x0000000008005194                __exidx_end = .

.rel.dyn        0x0000000008005194        0x0
 .rel.iplt      0x0000000008005194        0x0 /usr/share/gcc-arm-none-eabi-10.3-2021.10/bin/../lib/gcc/arm-none-eabi/10.3.1/thumb/v7e-m+dp/softfp/crtbegin.o

.preinit_array  0x0000000008005194        0x0
                0x0000000008005194                PROVIDE (__preinit_array_start = .)
 *(.preinit_array*)
                0x0000000008005194                PROVIDE (__preinit_array_end = .)

.init_array     0x0000000008005194        0x4
                0x0000000008005194                PROVIDE (__init_array_start = .)
 *(SORT_BY_NAME(.init_array.*))
 *(.init_array*)
 .init_array    0x0000000008005194        0x4 /usr/share/gcc-arm-none-eabi-10.3-2021.10/bin/../lib/gcc/arm-none-eabi/10.3.1/thumb/v7e-m+dp/softfp/crtbegin.o
                0x0000000008005198                PROVIDE (__init_array_end = .)

.fini_array     0x0000000008005198        0x4
                [!provide]                        PROVIDE (__fini_array_start = .)
 *(SORT_BY_NAME(.fini_array.*))
 *(.fini_array*)
 .fini_array    0x0000000008005198        0x4 /usr/share/gcc-arm-none-eabi-10.3-2021.10/bin/../lib/gcc/arm-none-eabi/10.3.1/thumb/v7e-m+dp/softfp/crtbegin.o
                [!provide]                        PROVIDE (__fini_array_end = .)
                0x000000000800519c                _sidata = LOADADDR (.data)

.data           0x0000000020000000       0x70 load address 0x000000000800519c
                0x0000000020000000                . = ALIGN (0x4)
                0x0000000020000000                _sdata = .
 *(.data)
 *(.data*)
 .data.SystemCoreClock
                0x0000000020000000        0x4 spy/system_stm32f4xx.o
                0x0000000020000000                SystemCoreClock
 .data.uwTickFreq
                0x0000000020000004        0x1 spy/stm32f4xx_hal.o
                0x0000000020000004                uwTickFreq
 *fill*         0x0000000020000005        0x3 
 .data.uwTickPrio
                0x0000000020000008        0x4 spy/stm32f4xx_hal.o
                0x0000000020000008                uwTickPrio
 .data._impure_ptr
                0x000000002000000c        0x4 /usr/share/gcc-arm-none-eabi-10.3-2021.10/bin/../lib/gcc/arm-none-eabi/10.3.1/../../../../arm-none-eabi/lib/thumb/v7e-m+dp/softfp/libc_nano.a(lib_a-impure.o)
                0x000000002000000c                _impure_ptr
 .data.impure_data
                0x0000000020000010       0x60 /usr/share/gcc-arm-none-eabi-10.3-2021.10/bin/../lib/gcc/arm-none-eabi/10.3.1/../../../../arm-none-eabi/lib/thumb/v7e-m+dp/softfp/libc_nano.a(lib_a-impure.o)
                0x0000000020000070                . = ALIGN (0x4)
                0x0000000020000070                _edata = .

.igot.plt       0x0000000020000070        0x0 load address 0x000000000800520c
 .igot.plt      0x0000000020000070        0x0 /usr/share/gcc-arm-none-eabi-10.3-2021.10/bin/../lib/gcc/arm-none-eabi/10.3.1/thumb/v7e-m+dp/softfp/crtbegin.o
                0x0000000020000070                . = ALIGN (0x4)

.bss            0x0000000020000070      0xab0 load address 0x000000000800520c
                0x0000000020000070                _sbss = .
                0x0000000020000070                __bss_start__ = _sbss
 *(.bss)
 .bss           0x0000000020000070       0x1c /usr/share/gcc-arm-none-eabi-10.3-2021.10/bin/../lib/gcc/arm-none-eabi/10.3.1/thumb/v7e-m+dp/softfp/crtbegin.o
 *(.bss*)
 .bss.QS_tickPeriod_
                0x000000002000008c        0x4 spy/bsp.o
 .bss.QS_tickTime_
                0x0000000020000090        0x4 spy/bsp.o
 .bss.huart2    0x0000000020000094       0x44 spy/bsp.o
                0x0000000020000094                huart2
 .bss.l_rnd     0x00000000200000d8        0x4 spy/bsp.o
 .bss.qsBuf.1   0x00000000200000dc      0x800 spy/bsp.o
 .bss.qsRxBuf.0
                0x00000000200008dc       0x64 spy/bsp.o
 .bss.l_blinkyQSto.0
                0x0000000020000940       0x28 spy/main.o
 .bss.blinks    0x0000000020000968       0x30 spy/blinky.o
 .bss.uwTick    0x0000000020000998        0x4 spy/stm32f4xx_hal.o
                0x0000000020000998                uwTick
 .bss.heap_end.0
                0x000000002000099c        0x4 spy/syscalls.o
 .bss.QF_active_
                0x00000000200009a0       0x84 spy/qf_act.o
                0x00000000200009a0                QF_active_
 .bss.QF_maxPool_
                0x0000000020000a24        0x4 spy/qf_dyn.o
                0x0000000020000a24                QF_maxPool_
 .bss.QF_pool_  0x0000000020000a28       0x3c spy/qf_dyn.o
                0x0000000020000a28                QF_pool_
 .bss.QF_maxPubSignal_
                0x0000000020000a64        0x4 spy/qf_ps.o
                0x0000000020000a64                QF_maxPubSignal_
 .bss.QF_subscrList_
                0x0000000020000a68        0x4 spy/qf_ps.o
                0x0000000020000a68                QF_subscrList_
 .bss.QF_timeEvtHead_
                0x0000000020000a6c       0x20 spy/qf_time.o
                0x0000000020000a6c                QF_timeEvtHead_
 .bss.QV_readySet_
                0x0000000020000a8c        0x4 spy/qv.o
                0x0000000020000a8c                QV_readySet_
 .bss.QS_priv_  0x0000000020000a90       0x3c spy/qs.o
                0x0000000020000a90                QS_priv_
 .bss.endian_test.0
                0x0000000020000acc        0x2 spy/qs.o
 *fill*         0x0000000020000ace        0x2 
 .bss.QS_rxPriv_
                0x0000000020000ad0       0x28 spy/qs_rx.o
                0x0000000020000ad0                QS_rxPriv_
 .bss.l_rx      0x0000000020000af8       0x18 spy/qs_rx.o
 .bss.__lock___malloc_recursive_mutex
                0x0000000020000b10        0x1 /usr/share/gcc-arm-none-eabi-10.3-2021.10/bin/../lib/gcc/arm-none-eabi/10.3.1/../../../../arm-none-eabi/lib/thumb/v7e-m+dp/softfp/libc_nano.a(lib_a-lock.o)
                0x0000000020000b10                __lock___malloc_recursive_mutex
 .bss.__lock___sfp_recursive_mutex
                0x0000000020000b11        0x1 /usr/share/gcc-arm-none-eabi-10.3-2021.10/bin/../lib/gcc/arm-none-eabi/10.3.1/../../../../arm-none-eabi/lib/thumb/v7e-m+dp/softfp/libc_nano.a(lib_a-lock.o)
                0x0000000020000b11                __lock___sfp_recursive_mutex
 .bss.__lock___sinit_recursive_mutex
                0x0000000020000b12        0x1 /usr/share/gcc-arm-none-eabi-10.3-2021.10/bin/../lib/gcc/arm-none-eabi/10.3.1/../../../../arm-none-eabi/lib/thumb/v7e-m+dp/softfp/libc_nano.a(lib_a-lock.o)
                0x0000000020000b12                __lock___sinit_recursive_mutex
 *fill*         0x0000000020000b13        0x1 
 .bss.__malloc_free_list
                0x0000000020000b14        0x4 /usr/share/gcc-arm-none-eabi-10.3-2021.10/bin/../lib/gcc/arm-none-eabi/10.3.1/../../../../arm-none-eabi/lib/thumb/v7e-m+dp/softfp/libc_nano.a(lib_a-nano-mallocr.o)
                0x0000000020000b14                __malloc_free_list
 .bss.__malloc_sbrk_start
                0x0000000020000b18        0x4 /usr/share/gcc-arm-none-eabi-10.3-2021.10/bin/../lib/gcc/arm-none-eabi/10.3.1/../../../../arm-none-eabi/lib/thumb/v7e-m+dp/softfp/libc_nano.a(lib_a-nano-mallocr.o)
                0x0000000020000b18                __malloc_sbrk_start
 .bss.errno     0x0000000020000b1c        0x4 /usr/share/gcc-arm-none-eabi-10.3-2021.10/bin/../lib/gcc/arm-none-eabi/10.3.1/../../../../arm-none-eabi/lib/thumb/v7e-m+dp/softfp/libc_nano.a(lib_a-reent.o)
                0x0000000020000b1c                errno
 *(COMMON)
                0x0000000020000b20                . = ALIGN (0x4)
                0x0000000020000b20                _ebss = .
                0x0000000020000b20                __bss_end__ = _ebss

._user_heap_stack
                0x0000000020000b20      0x600 load address 0x000000000800520c
                0x0000000020000b20                . = ALIGN (0x8)
                0x0000000020000b20                PROVIDE (end = .)
                [!provide]                        PROVIDE (_end = .)
                0x0000000020000d20                . = (. + _Min_Heap_Size)
 *fill*         0x0000000020000b20      0x200 
                0x0000000020001120                . = (. + _Min_Stack_Size)
 *fill*         0x0000000020000d20      0x400 
                0x0000000020001120                . = ALIGN (0x8)

/DISCARD/
 libc.a(*)
 libm.a(*)
 libgcc.a(*)

.ARM.attributes
                0x0000000000000000       0x2c
 *(.ARM.attributes)
 .ARM.attributes
                0x0000000000000000       0x1e /usr/share/gcc-arm-none-eabi-10.3-2021.10/bin/../lib/gcc/arm-none-eabi/10.3.1/thumb/v7e-m+dp/softfp/crti.o
 .ARM.attributes
                0x000000000000001e       0x30 /usr/share/gcc-arm-none-eabi-10.3-2021.10/bin/../lib/gcc/arm-none-eabi/10.3.1/thumb/v7e-m+dp/softfp/crtbegin.o
 .ARM.attributes
                0x000000000000004e       0x21 spy/startup_stm32f411xe.o
 .ARM.attributes
                0x000000000000006f       0x30 spy/bsp.o
 .ARM.attributes
                0x000000000000009f       0x30 spy/main.o
 .ARM.attributes
                0x00000000000000cf       0x30 spy/blinky.o
 .ARM.attributes
                0x00000000000000ff       0x30 spy/system_stm32f4xx.o
 .ARM.attributes
                0x000000000000012f       0x30 spy/stm32f4xx_hal_gpio.o
 .ARM.attributes
                0x000000000000015f       0x30 spy/stm32f4xx_hal_rcc.o
 .ARM.attributes
                0x000000000000018f       0x30 spy/stm32f4xx_hal_uart.o
 .ARM.attributes
                0x00000000000001bf       0x30 spy/stm32f4xx_hal.o
 .ARM.attributes
                0x00000000000001ef       0x30 spy/stm32f4xx_hal_cortex.o
 .ARM.attributes
                0x000000000000021f       0x30 spy/syscalls.o
 .ARM.attributes
                0x000000000000024f       0x30 spy/qep_hsm.o
 .ARM.attributes
                0x000000000000027f       0x30 spy/qf_act.o
 .ARM.attributes
                0x00000000000002af       0x30 spy/qf_actq.o
 .ARM.attributes
                0x00000000000002df       0x30 spy/qf_dyn.o
 .ARM.attributes
                0x000000000000030f       0x30 spy/qf_mem.o
 .ARM.attributes
                0x000000000000033f       0x30 spy/qf_ps.o
 .ARM.attributes
                0x000000000000036f       0x30 spy/qf_qact.o
 .ARM.attributes
                0x000000000000039f       0x30 spy/qf_qeq.o
 .ARM.attributes
                0x00000000000003cf       0x30 spy/qf_time.o
 .ARM.attributes
                0x00000000000003ff       0x30 spy/qv.o
 .ARM.attributes
                0x000000000000042f       0x30 spy/qv_port.o
 .ARM.attributes
                0x000000000000045f       0x30 spy/qs.o
 .ARM.attributes
                0x000000000000048f       0x30 spy/qs_rx.o
 .ARM.attributes
                0x00000000000004bf       0x30 spy/qstamp.o
 .ARM.attributes
                0x00000000000004ef       0x1e /usr/share/gcc-arm-none-eabi-10.3-2021.10/bin/../lib/gcc/arm-none-eabi/10.3.1/thumb/v7e-m+dp/softfp/libgcc.a(_aeabi_uldivmod.o)
 .ARM.attributes
                0x000000000000050d       0x30 /usr/share/gcc-arm-none-eabi-10.3-2021.10/bin/../lib/gcc/arm-none-eabi/10.3.1/thumb/v7e-m+dp/softfp/libgcc.a(_udivmoddi4.o)
 .ARM.attributes
                0x000000000000053d       0x1e /usr/share/gcc-arm-none-eabi-10.3-2021.10/bin/../lib/gcc/arm-none-eabi/10.3.1/thumb/v7e-m+dp/softfp/libgcc.a(_dvmd_tls.o)
 .ARM.attributes
                0x000000000000055b       0x30 /usr/share/gcc-arm-none-eabi-10.3-2021.10/bin/../lib/gcc/arm-none-eabi/10.3.1/../../../../arm-none-eabi/lib/thumb/v7e-m+dp/softfp/libc_nano.a(lib_a-errno.o)
 .ARM.attributes
                0x000000000000058b       0x30 /usr/share/gcc-arm-none-eabi-10.3-2021.10/bin/../lib/gcc/arm-none-eabi/10.3.1/../../../../arm-none-eabi/lib/thumb/v7e-m+dp/softfp/libc_nano.a(lib_a-impure.o)
 .ARM.attributes
                0x00000000000005bb       0x30 /usr/share/gcc-arm-none-eabi-10.3-2021.10/bin/../lib/gcc/arm-none-eabi/10.3.1/../../../../arm-none-eabi/lib/thumb/v7e-m+dp/softfp/libc_nano.a(lib_a-init.o)
 .ARM.attributes
                0x00000000000005eb       0x30 /usr/share/gcc-arm-none-eabi-10.3-2021.10/bin/../lib/gcc/arm-none-eabi/10.3.1/../../../../arm-none-eabi/lib/thumb/v7e-m+dp/softfp/libc_nano.a(lib_a-memset.o)
 .ARM.attributes
                0x000000000000061b       0x30 /usr/share/gcc-arm-none-eabi-10.3-2021.10/bin/../lib/gcc/arm-none-eabi/10.3.1/../../../../arm-none-eabi/lib/thumb/v7e-m+dp/softfp/libc_nano.a(lib_a-puts.o)
 .ARM.attributes
                0x000000000000064b       0x30 /usr/share/gcc-arm-none-eabi-10.3-2021.10/bin/../lib/gcc/arm-none-eabi/10.3.1/../../../../arm-none-eabi/lib/thumb/v7e-m+dp/softfp/libc_nano.a(lib_a-wbuf.o)
 .ARM.attributes
                0x000000000000067b       0x30 /usr/share/gcc-arm-none-eabi-10.3-2021.10/bin/../lib/gcc/arm-none-eabi/10.3.1/../../../../arm-none-eabi/lib/thumb/v7e-m+dp/softfp/libc_nano.a(lib_a-wsetup.o)
 .ARM.attributes
                0x00000000000006ab       0x30 /usr/share/gcc-arm-none-eabi-10.3-2021.10/bin/../lib/gcc/arm-none-eabi/10.3.1/../../../../arm-none-eabi/lib/thumb/v7e-m+dp/softfp/libc_nano.a(lib_a-fflush.o)
 .ARM.attributes
                0x00000000000006db       0x30 /usr/share/gcc-arm-none-eabi-10.3-2021.10/bin/../lib/gcc/arm-none-eabi/10.3.1/../../../../arm-none-eabi/lib/thumb/v7e-m+dp/softfp/libc_nano.a(lib_a-findfp.o)
 .ARM.attributes
                0x000000000000070b       0x30 /usr/share/gcc-arm-none-eabi-10.3-2021.10/bin/../lib/gcc/arm-none-eabi/10.3.1/../../../../arm-none-eabi/lib/thumb/v7e-m+dp/softfp/libc_nano.a(lib_a-fwalk.o)
 .ARM.attributes
                0x000000000000073b       0x30 /usr/share/gcc-arm-none-eabi-10.3-2021.10/bin/../lib/gcc/arm-none-eabi/10.3.1/../../../../arm-none-eabi/lib/thumb/v7e-m+dp/softfp/libc_nano.a(lib_a-lock.o)
 .ARM.attributes
                0x000000000000076b       0x30 /usr/share/gcc-arm-none-eabi-10.3-2021.10/bin/../lib/gcc/arm-none-eabi/10.3.1/../../../../arm-none-eabi/lib/thumb/v7e-m+dp/softfp/libc_nano.a(lib_a-makebuf.o)
 .ARM.attributes
                0x000000000000079b       0x30 /usr/share/gcc-arm-none-eabi-10.3-2021.10/bin/../lib/gcc/arm-none-eabi/10.3.1/../../../../arm-none-eabi/lib/thumb/v7e-m+dp/softfp/libc_nano.a(lib_a-nano-freer.o)
 .ARM.attributes
                0x00000000000007cb       0x30 /usr/share/gcc-arm-none-eabi-10.3-2021.10/bin/../lib/gcc/arm-none-eabi/10.3.1/../../../../arm-none-eabi/lib/thumb/v7e-m+dp/softfp/libc_nano.a(lib_a-nano-mallocr.o)
 .ARM.attributes
                0x00000000000007fb       0x30 /usr/share/gcc-arm-none-eabi-10.3-2021.10/bin/../lib/gcc/arm-none-eabi/10.3.1/../../../../arm-none-eabi/lib/thumb/v7e-m+dp/softfp/libc_nano.a(lib_a-sbrkr.o)
 .ARM.attributes
                0x000000000000082b       0x30 /usr/share/gcc-arm-none-eabi-10.3-2021.10/bin/../lib/gcc/arm-none-eabi/10.3.1/../../../../arm-none-eabi/lib/thumb/v7e-m+dp/softfp/libc_nano.a(lib_a-stdio.o)
 .ARM.attributes
                0x000000000000085b       0x30 /usr/share/gcc-arm-none-eabi-10.3-2021.10/bin/../lib/gcc/arm-none-eabi/10.3.1/../../../../arm-none-eabi/lib/thumb/v7e-m+dp/softfp/libc_nano.a(lib_a-writer.o)
 .ARM.attributes
                0x000000000000088b       0x30 /usr/share/gcc-arm-none-eabi-10.3-2021.10/bin/../lib/gcc/arm-none-eabi/10.3.1/../../../../arm-none-eabi/lib/thumb/v7e-m+dp/softfp/libc_nano.a(lib_a-closer.o)
 .ARM.attributes
                0x00000000000008bb       0x30 /usr/share/gcc-arm-none-eabi-10.3-2021.10/bin/../lib/gcc/arm-none-eabi/10.3.1/../../../../arm-none-eabi/lib/thumb/v7e-m+dp/softfp/libc_nano.a(lib_a-fstatr.o)
 .ARM.attributes
                0x00000000000008eb       0x30 /usr/share/gcc-arm-none-eabi-10.3-2021.10/bin/../lib/gcc/arm-none-eabi/10.3.1/../../../../arm-none-eabi/lib/thumb/v7e-m+dp/softfp/libc_nano.a(lib_a-isattyr.o)
 .ARM.attributes
                0x000000000000091b       0x30 /usr/share/gcc-arm-none-eabi-10.3-2021.10/bin/../lib/gcc/arm-none-eabi/10.3.1/../../../../arm-none-eabi/lib/thumb/v7e-m+dp/softfp/libc_nano.a(lib_a-lseekr.o)
 .ARM.attributes
                0x000000000000094b       0x30 /usr/share/gcc-arm-none-eabi-10.3-2021.10/bin/../lib/gcc/arm-none-eabi/10.3.1/../../../../arm-none-eabi/lib/thumb/v7e-m+dp/softfp/libc_nano.a(lib_a-mlock.o)
 .ARM.attributes
                0x000000000000097b       0x30 /usr/share/gcc-arm-none-eabi-10.3-2021.10/bin/../lib/gcc/arm-none-eabi/10.3.1/../../../../arm-none-eabi/lib/thumb/v7e-m+dp/softfp/libc_nano.a(lib_a-readr.o)
 .ARM.attributes
                0x00000000000009ab       0x30 /usr/share/gcc-arm-none-eabi-10.3-2021.10/bin/../lib/gcc/arm-none-eabi/10.3.1/../../../../arm-none-eabi/lib/thumb/v7e-m+dp/softfp/libc_nano.a(lib_a-reent.o)
 .ARM.attributes
                0x00000000000009db       0x1e /usr/share/gcc-arm-none-eabi-10.3-2021.10/bin/../lib/gcc/arm-none-eabi/10.3.1/thumb/v7e-m+dp/softfp/crtn.o
OUTPUT(spy/blinky-qv.elf elf32-littlearm)
LOAD linker stubs
LOAD /usr/share/gcc-arm-none-eabi-10.3-2021.10/bin/../lib/gcc/arm-none-eabi/10.3.1/../../../../arm-none-eabi/lib/thumb/v7e-m+dp/softfp/libc.a
LOAD /usr/share/gcc-arm-none-eabi-10.3-2021.10/bin/../lib/gcc/arm-none-eabi/10.3.1/../../../../arm-none-eabi/lib/thumb/v7e-m+dp/softfp/libm.a
LOAD /usr/share/gcc-arm-none-eabi-10.3-2021.10/bin/../lib/gcc/arm-none-eabi/10.3.1/thumb/v7e-m+dp/softfp/libgcc.a

.debug_line     0x0000000000000000     0xd13d
 .debug_line    0x0000000000000000       0xa0 spy/startup_stm32f411xe.o
 .debug_line    0x00000000000000a0      0xa35 spy/bsp.o
 .debug_line    0x0000000000000ad5      0x1ee spy/main.o
 .debug_line    0x0000000000000cc3      0x273 spy/blinky.o
 .debug_line    0x0000000000000f36      0x296 spy/system_stm32f4xx.o
 .debug_line    0x00000000000011cc      0x72e spy/stm32f4xx_hal_gpio.o
 .debug_line    0x00000000000018fa      0xb3e spy/stm32f4xx_hal_rcc.o
 .debug_line    0x0000000000002438     0x4541 spy/stm32f4xx_hal_uart.o
 .debug_line    0x0000000000006979      0x5a2 spy/stm32f4xx_hal.o
 .debug_line    0x0000000000006f1b      0x7a8 spy/stm32f4xx_hal_cortex.o
 .debug_line    0x00000000000076c3      0x428 spy/syscalls.o
 .debug_line    0x0000000000007aeb      0xb92 spy/qep_hsm.o
 .debug_line    0x000000000000867d      0x271 spy/qf_act.o
 .debug_line    0x00000000000088ee      0x6a8 spy/qf_actq.o
 .debug_line    0x0000000000008f96      0x4de spy/qf_dyn.o
 .debug_line    0x0000000000009474      0x4b7 spy/qf_mem.o
 .debug_line    0x000000000000992b      0x447 spy/qf_ps.o
 .debug_line    0x0000000000009d72      0x19a spy/qf_qact.o
 .debug_line    0x0000000000009f0c      0x545 spy/qf_qeq.o
 .debug_line    0x000000000000a451      0x6ea spy/qf_time.o
 .debug_line    0x000000000000ab3b      0x37d spy/qv.o
 .debug_line    0x000000000000aeb8      0x165 spy/qv_port.o
 .debug_line    0x000000000000b01d     0x14f1 spy/qs.o
 .debug_line    0x000000000000c50e      0xbe1 spy/qs_rx.o
 .debug_line    0x000000000000d0ef       0x4e spy/qstamp.o

.debug_info     0x0000000000000000    0x16b37
 .debug_info    0x0000000000000000       0x22 spy/startup_stm32f411xe.o
 .debug_info    0x0000000000000022     0x21c9 spy/bsp.o
 .debug_info    0x00000000000021eb      0xa94 spy/main.o
 .debug_info    0x0000000000002c7f      0x805 spy/blinky.o
 .debug_info    0x0000000000003484      0x564 spy/system_stm32f4xx.o
 .debug_info    0x00000000000039e8      0x7d4 spy/stm32f4xx_hal_gpio.o
 .debug_info    0x00000000000041bc      0xb4d spy/stm32f4xx_hal_rcc.o
 .debug_info    0x0000000000004d09     0x42d7 spy/stm32f4xx_hal_uart.o
 .debug_info    0x0000000000008fe0      0x982 spy/stm32f4xx_hal.o
 .debug_info    0x0000000000009962     0x1004 spy/stm32f4xx_hal_cortex.o
 .debug_info    0x000000000000a966      0x85e spy/syscalls.o
 .debug_info    0x000000000000b1c4     0x1673 spy/qep_hsm.o
 .debug_info    0x000000000000c837      0x8f8 spy/qf_act.o
 .debug_info    0x000000000000d12f     0x11e9 spy/qf_actq.o
 .debug_info    0x000000000000e318      0xbb7 spy/qf_dyn.o
 .debug_info    0x000000000000eecf      0x9c0 spy/qf_mem.o
 .debug_info    0x000000000000f88f      0xeae spy/qf_ps.o
 .debug_info    0x000000000001073d      0x5f2 spy/qf_qact.o
 .debug_info    0x0000000000010d2f      0xaae spy/qf_qeq.o
 .debug_info    0x00000000000117dd     0x113b spy/qf_time.o
 .debug_info    0x0000000000012918      0xdf9 spy/qv.o
 .debug_info    0x0000000000013711       0xc5 spy/qv_port.o
 .debug_info    0x00000000000137d6     0x18e5 spy/qs.o
 .debug_info    0x00000000000150bb     0x19ed spy/qs_rx.o
 .debug_info    0x0000000000016aa8       0x8f spy/qstamp.o

.debug_abbrev   0x0000000000000000     0x3f35
 .debug_abbrev  0x0000000000000000       0x12 spy/startup_stm32f411xe.o
 .debug_abbrev  0x0000000000000012      0x4e3 spy/bsp.o
 .debug_abbrev  0x00000000000004f5      0x277 spy/main.o
 .debug_abbrev  0x000000000000076c      0x280 spy/blinky.o
 .debug_abbrev  0x00000000000009ec      0x119 spy/system_stm32f4xx.o
 .debug_abbrev  0x0000000000000b05      0x1ef spy/stm32f4xx_hal_gpio.o
 .debug_abbrev  0x0000000000000cf4      0x2a9 spy/stm32f4xx_hal_rcc.o
 .debug_abbrev  0x0000000000000f9d      0x353 spy/stm32f4xx_hal_uart.o
 .debug_abbrev  0x00000000000012f0      0x237 spy/stm32f4xx_hal.o
 .debug_abbrev  0x0000000000001527      0x351 spy/stm32f4xx_hal_cortex.o
 .debug_abbrev  0x0000000000001878      0x22e spy/syscalls.o
 .debug_abbrev  0x0000000000001aa6      0x403 spy/qep_hsm.o
 .debug_abbrev  0x0000000000001ea9      0x24d spy/qf_act.o
 .debug_abbrev  0x00000000000020f6      0x387 spy/qf_actq.o
 .debug_abbrev  0x000000000000247d      0x2c9 spy/qf_dyn.o
 .debug_abbrev  0x0000000000002746      0x285 spy/qf_mem.o
 .debug_abbrev  0x00000000000029cb      0x2fc spy/qf_ps.o
 .debug_abbrev  0x0000000000002cc7      0x1e0 spy/qf_qact.o
 .debug_abbrev  0x0000000000002ea7      0x2a2 spy/qf_qeq.o
 .debug_abbrev  0x0000000000003149      0x367 spy/qf_time.o
 .debug_abbrev  0x00000000000034b0      0x2c0 spy/qv.o
 .debug_abbrev  0x0000000000003770       0x67 spy/qv_port.o
 .debug_abbrev  0x00000000000037d7      0x342 spy/qs.o
 .debug_abbrev  0x0000000000003b19      0x3c6 spy/qs_rx.o
 .debug_abbrev  0x0000000000003edf       0x56 spy/qstamp.o

.debug_aranges  0x0000000000000000      0xab8
 .debug_aranges
                0x0000000000000000       0x28 spy/startup_stm32f411xe.o
 .debug_aranges
                0x0000000000000028       0xe0 spy/bsp.o
 .debug_aranges
                0x0000000000000108       0x20 spy/main.o
 .debug_aranges
                0x0000000000000128       0x38 spy/blinky.o
 .debug_aranges
                0x0000000000000160       0x28 spy/system_stm32f4xx.o
 .debug_aranges
                0x0000000000000188       0x58 spy/stm32f4xx_hal_gpio.o
 .debug_aranges
                0x00000000000001e0       0x88 spy/stm32f4xx_hal_rcc.o
 .debug_aranges
                0x0000000000000268      0x1e8 spy/stm32f4xx_hal_uart.o
 .debug_aranges
                0x0000000000000450       0xf0 spy/stm32f4xx_hal.o
 .debug_aranges
                0x0000000000000540       0xa8 spy/stm32f4xx_hal_cortex.o
 .debug_aranges
                0x00000000000005e8       0xb0 spy/syscalls.o
 .debug_aranges
                0x0000000000000698       0x50 spy/qep_hsm.o
 .debug_aranges
                0x00000000000006e8       0x30 spy/qf_act.o
 .debug_aranges
                0x0000000000000718       0x60 spy/qf_actq.o
 .debug_aranges
                0x0000000000000778       0x48 spy/qf_dyn.o
 .debug_aranges
                0x00000000000007c0       0x38 spy/qf_mem.o
 .debug_aranges
                0x00000000000007f8       0x40 spy/qf_ps.o
 .debug_aranges
                0x0000000000000838       0x20 spy/qf_qact.o
 .debug_aranges
                0x0000000000000858       0x38 spy/qf_qeq.o
 .debug_aranges
                0x0000000000000890       0x58 spy/qf_time.o
 .debug_aranges
                0x00000000000008e8       0x38 spy/qv.o
 .debug_aranges
                0x0000000000000920       0x20 spy/qv_port.o
 .debug_aranges
                0x0000000000000940       0xf8 spy/qs.o
 .debug_aranges
                0x0000000000000a38       0x68 spy/qs_rx.o
 .debug_aranges
                0x0000000000000aa0       0x18 spy/qstamp.o

.debug_str      0x0000000000000000     0x3d7e
 .debug_str     0x0000000000000000       0xa3 spy/startup_stm32f411xe.o
 .debug_str     0x00000000000000a3     0x19e5 spy/bsp.o
                                       0x1b01 (size before relaxing)
 .debug_str     0x0000000000001a88      0x19a spy/main.o
                                        0xaf5 (size before relaxing)
 .debug_str     0x0000000000001c22      0x162 spy/blinky.o
                                        0x4e8 (size before relaxing)
 .debug_str     0x0000000000001d84       0x7f spy/system_stm32f4xx.o
                                        0x3ab (size before relaxing)
 .debug_str     0x0000000000001e03      0x13f spy/stm32f4xx_hal_gpio.o
                                        0x502 (size before relaxing)
 .debug_str     0x0000000000001f42      0x1a9 spy/stm32f4xx_hal_rcc.o
                                        0x728 (size before relaxing)
 .debug_str     0x00000000000020eb      0x640 spy/stm32f4xx_hal_uart.o
                                        0xd69 (size before relaxing)
 .debug_str     0x000000000000272b      0x2e3 spy/stm32f4xx_hal.o
                                        0xa24 (size before relaxing)
 .debug_str     0x0000000000002a0e      0x41f spy/stm32f4xx_hal_cortex.o
                                        0xae5 (size before relaxing)
 .debug_str     0x0000000000002e2d      0x225 spy/syscalls.o
                                        0x427 (size before relaxing)
 .debug_str     0x0000000000003052      0x108 spy/qep_hsm.o
                                        0xc8b (size before relaxing)
 .debug_str     0x000000000000315a       0x48 spy/qf_act.o
                                        0xa83 (size before relaxing)
 .debug_str     0x00000000000031a2      0x113 spy/qf_actq.o
                                        0xc58 (size before relaxing)
 .debug_str     0x00000000000032b5      0x109 spy/qf_dyn.o
                                        0xade (size before relaxing)
 .debug_str     0x00000000000033be       0x51 spy/qf_mem.o
                                        0xa8e (size before relaxing)
 .debug_str     0x000000000000340f       0xbe spy/qf_ps.o
                                        0xc37 (size before relaxing)
 .debug_str     0x00000000000034cd       0x22 spy/qf_qact.o
                                        0x38d (size before relaxing)
 .debug_str     0x00000000000034ef       0x62 spy/qf_qeq.o
                                        0xa65 (size before relaxing)
 .debug_str     0x0000000000003551       0x9e spy/qf_time.o
                                        0xc50 (size before relaxing)
 .debug_str     0x00000000000035ef       0x51 spy/qv.o
                                        0xc49 (size before relaxing)
 .debug_str     0x0000000000003640       0x2f spy/qv_port.o
                                        0x1d5 (size before relaxing)
 .debug_str     0x000000000000366f      0x18f spy/qs.o
                                        0xd64 (size before relaxing)
 .debug_str     0x00000000000037fe      0x55e spy/qs_rx.o
                                       0x11c6 (size before relaxing)
 .debug_str     0x0000000000003d5c       0x22 spy/qstamp.o
                                        0x13c (size before relaxing)

.debug_ranges   0x0000000000000000      0xb88
 .debug_ranges  0x0000000000000000       0x20 spy/startup_stm32f411xe.o
 .debug_ranges  0x0000000000000020      0x150 spy/bsp.o
 .debug_ranges  0x0000000000000170       0x10 spy/main.o
 .debug_ranges  0x0000000000000180       0x28 spy/blinky.o
 .debug_ranges  0x00000000000001a8       0x18 spy/system_stm32f4xx.o
 .debug_ranges  0x00000000000001c0       0x48 spy/stm32f4xx_hal_gpio.o
 .debug_ranges  0x0000000000000208       0x90 spy/stm32f4xx_hal_rcc.o
 .debug_ranges  0x0000000000000298      0x208 spy/stm32f4xx_hal_uart.o
 .debug_ranges  0x00000000000004a0       0xe0 spy/stm32f4xx_hal.o
 .debug_ranges  0x0000000000000580       0xc8 spy/stm32f4xx_hal_cortex.o
 .debug_ranges  0x0000000000000648       0xa0 spy/syscalls.o
 .debug_ranges  0x00000000000006e8       0xa8 spy/qep_hsm.o
 .debug_ranges  0x0000000000000790       0x20 spy/qf_act.o
 .debug_ranges  0x00000000000007b0       0x50 spy/qf_actq.o
 .debug_ranges  0x0000000000000800       0x50 spy/qf_dyn.o
 .debug_ranges  0x0000000000000850       0x28 spy/qf_mem.o
 .debug_ranges  0x0000000000000878       0x48 spy/qf_ps.o
 .debug_ranges  0x00000000000008c0       0x10 spy/qf_qact.o
 .debug_ranges  0x00000000000008d0       0x40 spy/qf_qeq.o
 .debug_ranges  0x0000000000000910       0x80 spy/qf_time.o
 .debug_ranges  0x0000000000000990       0x48 spy/qv.o
 .debug_ranges  0x00000000000009d8       0x10 spy/qv_port.o
 .debug_ranges  0x00000000000009e8       0xe8 spy/qs.o
 .debug_ranges  0x0000000000000ad0       0xb8 spy/qs_rx.o

.debug_loc      0x0000000000000000     0xb725
 .debug_loc     0x0000000000000000      0x2ec spy/bsp.o
 .debug_loc     0x00000000000002ec      0x1dd spy/blinky.o
 .debug_loc     0x00000000000004c9      0x185 spy/system_stm32f4xx.o
 .debug_loc     0x000000000000064e      0x4db spy/stm32f4xx_hal_gpio.o
 .debug_loc     0x0000000000000b29      0x573 spy/stm32f4xx_hal_rcc.o
 .debug_loc     0x000000000000109c     0x4b4e spy/stm32f4xx_hal_uart.o
 .debug_loc     0x0000000000005bea      0x141 spy/stm32f4xx_hal.o
 .debug_loc     0x0000000000005d2b      0x655 spy/stm32f4xx_hal_cortex.o
 .debug_loc     0x0000000000006380      0x42c spy/syscalls.o
 .debug_loc     0x00000000000067ac      0xad0 spy/qep_hsm.o
 .debug_loc     0x000000000000727c       0xec spy/qf_act.o
 .debug_loc     0x0000000000007368      0x70e spy/qf_actq.o
 .debug_loc     0x0000000000007a76      0x4c9 spy/qf_dyn.o
 .debug_loc     0x0000000000007f3f      0x548 spy/qf_mem.o
 .debug_loc     0x0000000000008487      0x3e6 spy/qf_ps.o
 .debug_loc     0x000000000000886d       0x64 spy/qf_qact.o
 .debug_loc     0x00000000000088d1      0x4d8 spy/qf_qeq.o
 .debug_loc     0x0000000000008da9      0x5d4 spy/qf_time.o
 .debug_loc     0x000000000000937d      0x26a spy/qv.o
 .debug_loc     0x00000000000095e7       0x1e spy/qv_port.o
 .debug_loc     0x0000000000009605     0x1929 spy/qs.o
 .debug_loc     0x000000000000af2e      0x7f7 spy/qs_rx.o

.comment        0x0000000000000000       0x49
 .comment       0x0000000000000000       0x49 spy/bsp.o
                                         0x4a (size before relaxing)
 .comment       0x0000000000000049       0x4a spy/main.o
 .comment       0x0000000000000049       0x4a spy/blinky.o
 .comment       0x0000000000000049       0x4a spy/system_stm32f4xx.o
 .comment       0x0000000000000049       0x4a spy/stm32f4xx_hal_gpio.o
 .comment       0x0000000000000049       0x4a spy/stm32f4xx_hal_rcc.o
 .comment       0x0000000000000049       0x4a spy/stm32f4xx_hal_uart.o
 .comment       0x0000000000000049       0x4a spy/stm32f4xx_hal.o
 .comment       0x0000000000000049       0x4a spy/stm32f4xx_hal_cortex.o
 .comment       0x0000000000000049       0x4a spy/syscalls.o
 .comment       0x0000000000000049       0x4a spy/qep_hsm.o
 .comment       0x0000000000000049       0x4a spy/qf_act.o
 .comment       0x0000000000000049       0x4a spy/qf_actq.o
 .comment       0x0000000000000049       0x4a spy/qf_dyn.o
 .comment       0x0000000000000049       0x4a spy/qf_mem.o
 .comment       0x0000000000000049       0x4a spy/qf_ps.o
 .comment       0x0000000000000049       0x4a spy/qf_qact.o
 .comment       0x0000000000000049       0x4a spy/qf_qeq.o
 .comment       0x0000000000000049       0x4a spy/qf_time.o
 .comment       0x0000000000000049       0x4a spy/qv.o
 .comment       0x0000000000000049       0x4a spy/qv_port.o
 .comment       0x0000000000000049       0x4a spy/qs.o
 .comment       0x0000000000000049       0x4a spy/qs_rx.o
 .comment       0x0000000000000049       0x4a spy/qstamp.o

.debug_frame    0x0000000000000000     0x2194
 .debug_frame   0x0000000000000000      0x258 spy/bsp.o
 .debug_frame   0x0000000000000258       0x30 spy/main.o
 .debug_frame   0x0000000000000288       0x70 spy/blinky.o
 .debug_frame   0x00000000000002f8       0x30 spy/system_stm32f4xx.o
 .debug_frame   0x0000000000000328       0xd8 spy/stm32f4xx_hal_gpio.o
 .debug_frame   0x0000000000000400      0x170 spy/stm32f4xx_hal_rcc.o
 .debug_frame   0x0000000000000570      0x598 spy/stm32f4xx_hal_uart.o
 .debug_frame   0x0000000000000b08      0x1ec spy/stm32f4xx_hal.o
 .debug_frame   0x0000000000000cf4      0x148 spy/stm32f4xx_hal_cortex.o
 .debug_frame   0x0000000000000e3c      0x1a8 spy/syscalls.o
 .debug_frame   0x0000000000000fe4       0xdc spy/qep_hsm.o
 .debug_frame   0x00000000000010c0       0x50 spy/qf_act.o
 .debug_frame   0x0000000000001110      0x100 spy/qf_actq.o
 .debug_frame   0x0000000000001210       0xb0 spy/qf_dyn.o
 .debug_frame   0x00000000000012c0       0x74 spy/qf_mem.o
 .debug_frame   0x0000000000001334       0xac spy/qf_ps.o
 .debug_frame   0x00000000000013e0       0x2c spy/qf_qact.o
 .debug_frame   0x000000000000140c       0x78 spy/qf_qeq.o
 .debug_frame   0x0000000000001484       0xd0 spy/qf_time.o
 .debug_frame   0x0000000000001554       0x80 spy/qv.o
 .debug_frame   0x00000000000015d4       0x20 spy/qv_port.o
 .debug_frame   0x00000000000015f4      0x354 spy/qs.o
 .debug_frame   0x0000000000001948      0x108 spy/qs_rx.o
 .debug_frame   0x0000000000001a50       0x2c /usr/share/gcc-arm-none-eabi-10.3-2021.10/bin/../lib/gcc/arm-none-eabi/10.3.1/thumb/v7e-m+dp/softfp/libgcc.a(_aeabi_uldivmod.o)
 .debug_frame   0x0000000000001a7c       0x34 /usr/share/gcc-arm-none-eabi-10.3-2021.10/bin/../lib/gcc/arm-none-eabi/10.3.1/thumb/v7e-m+dp/softfp/libgcc.a(_udivmoddi4.o)
 .debug_frame   0x0000000000001ab0       0x20 /usr/share/gcc-arm-none-eabi-10.3-2021.10/bin/../lib/gcc/arm-none-eabi/10.3.1/../../../../arm-none-eabi/lib/thumb/v7e-m+dp/softfp/libc_nano.a(lib_a-errno.o)
 .debug_frame   0x0000000000001ad0       0x2c /usr/share/gcc-arm-none-eabi-10.3-2021.10/bin/../lib/gcc/arm-none-eabi/10.3.1/../../../../arm-none-eabi/lib/thumb/v7e-m+dp/softfp/libc_nano.a(lib_a-init.o)
 .debug_frame   0x0000000000001afc       0x20 /usr/share/gcc-arm-none-eabi-10.3-2021.10/bin/../lib/gcc/arm-none-eabi/10.3.1/../../../../arm-none-eabi/lib/thumb/v7e-m+dp/softfp/libc_nano.a(lib_a-memset.o)
 .debug_frame   0x0000000000001b1c       0x3c /usr/share/gcc-arm-none-eabi-10.3-2021.10/bin/../lib/gcc/arm-none-eabi/10.3.1/../../../../arm-none-eabi/lib/thumb/v7e-m+dp/softfp/libc_nano.a(lib_a-puts.o)
 .debug_frame   0x0000000000001b58       0x40 /usr/share/gcc-arm-none-eabi-10.3-2021.10/bin/../lib/gcc/arm-none-eabi/10.3.1/../../../../arm-none-eabi/lib/thumb/v7e-m+dp/softfp/libc_nano.a(lib_a-wbuf.o)
 .debug_frame   0x0000000000001b98       0x2c /usr/share/gcc-arm-none-eabi-10.3-2021.10/bin/../lib/gcc/arm-none-eabi/10.3.1/../../../../arm-none-eabi/lib/thumb/v7e-m+dp/softfp/libc_nano.a(lib_a-wsetup.o)
 .debug_frame   0x0000000000001bc4       0x5c /usr/share/gcc-arm-none-eabi-10.3-2021.10/bin/../lib/gcc/arm-none-eabi/10.3.1/../../../../arm-none-eabi/lib/thumb/v7e-m+dp/softfp/libc_nano.a(lib_a-fflush.o)
 .debug_frame   0x0000000000001c20      0x14c /usr/share/gcc-arm-none-eabi-10.3-2021.10/bin/../lib/gcc/arm-none-eabi/10.3.1/../../../../arm-none-eabi/lib/thumb/v7e-m+dp/softfp/libc_nano.a(lib_a-findfp.o)
 .debug_frame   0x0000000000001d6c       0x54 /usr/share/gcc-arm-none-eabi-10.3-2021.10/bin/../lib/gcc/arm-none-eabi/10.3.1/../../../../arm-none-eabi/lib/thumb/v7e-m+dp/softfp/libc_nano.a(lib_a-fwalk.o)
 .debug_frame   0x0000000000001dc0       0xb0 /usr/share/gcc-arm-none-eabi-10.3-2021.10/bin/../lib/gcc/arm-none-eabi/10.3.1/../../../../arm-none-eabi/lib/thumb/v7e-m+dp/softfp/libc_nano.a(lib_a-lock.o)
 .debug_frame   0x0000000000001e70       0x58 /usr/share/gcc-arm-none-eabi-10.3-2021.10/bin/../lib/gcc/arm-none-eabi/10.3.1/../../../../arm-none-eabi/lib/thumb/v7e-m+dp/softfp/libc_nano.a(lib_a-makebuf.o)
 .debug_frame   0x0000000000001ec8       0x38 /usr/share/gcc-arm-none-eabi-10.3-2021.10/bin/../lib/gcc/arm-none-eabi/10.3.1/../../../../arm-none-eabi/lib/thumb/v7e-m+dp/softfp/libc_nano.a(lib_a-nano-freer.o)
 .debug_frame   0x0000000000001f00       0x4c /usr/share/gcc-arm-none-eabi-10.3-2021.10/bin/../lib/gcc/arm-none-eabi/10.3.1/../../../../arm-none-eabi/lib/thumb/v7e-m+dp/softfp/libc_nano.a(lib_a-nano-mallocr.o)
 .debug_frame   0x0000000000001f4c       0x2c /usr/share/gcc-arm-none-eabi-10.3-2021.10/bin/../lib/gcc/arm-none-eabi/10.3.1/../../../../arm-none-eabi/lib/thumb/v7e-m+dp/softfp/libc_nano.a(lib_a-sbrkr.o)
 .debug_frame   0x0000000000001f78       0x88 /usr/share/gcc-arm-none-eabi-10.3-2021.10/bin/../lib/gcc/arm-none-eabi/10.3.1/../../../../arm-none-eabi/lib/thumb/v7e-m+dp/softfp/libc_nano.a(lib_a-stdio.o)
 .debug_frame   0x0000000000002000       0x2c /usr/share/gcc-arm-none-eabi-10.3-2021.10/bin/../lib/gcc/arm-none-eabi/10.3.1/../../../../arm-none-eabi/lib/thumb/v7e-m+dp/softfp/libc_nano.a(lib_a-writer.o)
 .debug_frame   0x000000000000202c       0x2c /usr/share/gcc-arm-none-eabi-10.3-2021.10/bin/../lib/gcc/arm-none-eabi/10.3.1/../../../../arm-none-eabi/lib/thumb/v7e-m+dp/softfp/libc_nano.a(lib_a-closer.o)
 .debug_frame   0x0000000000002058       0x2c /usr/share/gcc-arm-none-eabi-10.3-2021.10/bin/../lib/gcc/arm-none-eabi/10.3.1/../../../../arm-none-eabi/lib/thumb/v7e-m+dp/softfp/libc_nano.a(lib_a-fstatr.o)
 .debug_frame   0x0000000000002084       0x2c /usr/share/gcc-arm-none-eabi-10.3-2021.10/bin/../lib/gcc/arm-none-eabi/10.3.1/../../../../arm-none-eabi/lib/thumb/v7e-m+dp/softfp/libc_nano.a(lib_a-isattyr.o)
 .debug_frame   0x00000000000020b0       0x2c /usr/share/gcc-arm-none-eabi-10.3-2021.10/bin/../lib/gcc/arm-none-eabi/10.3.1/../../../../arm-none-eabi/lib/thumb/v7e-m+dp/softfp/libc_nano.a(lib_a-lseekr.o)
 .debug_frame   0x00000000000020dc       0x30 /usr/share/gcc-arm-none-eabi-10.3-2021.10/bin/../lib/gcc/arm-none-eabi/10.3.1/../../../../arm-none-eabi/lib/thumb/v7e-m+dp/softfp/libc_nano.a(lib_a-mlock.o)
 .debug_frame   0x000000000000210c       0x2c /usr/share/gcc-arm-none-eabi-10.3-2021.10/bin/../lib/gcc/arm-none-eabi/10.3.1/../../../../arm-none-eabi/lib/thumb/v7e-m+dp/softfp/libc_nano.a(lib_a-readr.o)
 .debug_frame   0x0000000000002138       0x5c /usr/share/gcc-arm-none-eabi-10.3-2021.10/bin/../lib/gcc/arm-none-eabi/10.3.1/../../../../arm-none-eabi/lib/thumb/v7e-m+dp/softfp/libc_nano.a(lib_a-reent.o)

Cross Reference Table

Symbol                                            File
ADC_IRQHandler                                    spy/startup_stm32f411xe.o
AHBPrescTable                                     spy/system_stm32f4xx.o
                                                  spy/stm32f4xx_hal_rcc.o
AO_Blinky                                         spy/blinky.o
                                                  spy/main.o
APBPrescTable                                     spy/system_stm32f4xx.o
                                                  spy/stm32f4xx_hal_rcc.o
BSP_init                                          spy/bsp.o
                                                  spy/main.o
BSP_ledoff                                        spy/bsp.o
                                                  spy/blinky.o
BSP_ledon                                         spy/bsp.o
                                                  spy/blinky.o
BSP_random                                        spy/bsp.o
BSP_randomSeed                                    spy/bsp.o
BSP_terminate                                     spy/bsp.o
BusFault_Handler                                  spy/startup_stm32f411xe.o
DMA1_Stream0_IRQHandler                           spy/startup_stm32f411xe.o
DMA1_Stream1_IRQHandler                           spy/startup_stm32f411xe.o
DMA1_Stream2_IRQHandler                           spy/startup_stm32f411xe.o
DMA1_Stream3_IRQHandler                           spy/startup_stm32f411xe.o
DMA1_Stream4_IRQHandler                           spy/startup_stm32f411xe.o
DMA1_Stream5_IRQHandler                           spy/startup_stm32f411xe.o
DMA1_Stream6_IRQHandler                           spy/startup_stm32f411xe.o
DMA1_Stream7_IRQHandler                           spy/startup_stm32f411xe.o
DMA2_Stream0_IRQHandler                           spy/startup_stm32f411xe.o
DMA2_Stream1_IRQHandler                           spy/startup_stm32f411xe.o
DMA2_Stream2_IRQHandler                           spy/startup_stm32f411xe.o
DMA2_Stream3_IRQHandler                           spy/startup_stm32f411xe.o
DMA2_Stream4_IRQHandler                           spy/startup_stm32f411xe.o
DMA2_Stream5_IRQHandler                           spy/startup_stm32f411xe.o
DMA2_Stream6_IRQHandler                           spy/startup_stm32f411xe.o
DMA2_Stream7_IRQHandler                           spy/startup_stm32f411xe.o
DebugMon_Handler                                  spy/startup_stm32f411xe.o
Default_Handler                                   spy/startup_stm32f411xe.o
EXTI0_IRQHandler                                  spy/startup_stm32f411xe.o
EXTI15_10_IRQHandler                              spy/startup_stm32f411xe.o
EXTI1_IRQHandler                                  spy/startup_stm32f411xe.o
EXTI2_IRQHandler                                  spy/startup_stm32f411xe.o
EXTI3_IRQHandler                                  spy/startup_stm32f411xe.o
EXTI4_IRQHandler                                  spy/startup_stm32f411xe.o
EXTI9_5_IRQHandler                                spy/startup_stm32f411xe.o
Error_Handler                                     spy/bsp.o
FLASH_IRQHandler                                  spy/startup_stm32f411xe.o
FPU_IRQHandler                                    spy/startup_stm32f411xe.o
HAL_DBGMCU_DisableDBGSleepMode                    spy/stm32f4xx_hal.o
HAL_DBGMCU_DisableDBGStandbyMode                  spy/stm32f4xx_hal.o
HAL_DBGMCU_DisableDBGStopMode                     spy/stm32f4xx_hal.o
HAL_DBGMCU_EnableDBGSleepMode                     spy/stm32f4xx_hal.o
HAL_DBGMCU_EnableDBGStandbyMode                   spy/stm32f4xx_hal.o
HAL_DBGMCU_EnableDBGStopMode                      spy/stm32f4xx_hal.o
HAL_DMA_Abort                                     spy/stm32f4xx_hal_uart.o
HAL_DMA_Abort_IT                                  spy/stm32f4xx_hal_uart.o
HAL_DMA_GetError                                  spy/stm32f4xx_hal_uart.o
HAL_DMA_Start_IT                                  spy/stm32f4xx_hal_uart.o
HAL_DeInit                                        spy/stm32f4xx_hal.o
HAL_Delay                                         spy/stm32f4xx_hal.o
HAL_DisableCompensationCell                       spy/stm32f4xx_hal.o
HAL_EnableCompensationCell                        spy/stm32f4xx_hal.o
HAL_GPIO_DeInit                                   spy/stm32f4xx_hal_gpio.o
                                                  spy/bsp.o
HAL_GPIO_EXTI_Callback                            spy/stm32f4xx_hal_gpio.o
HAL_GPIO_EXTI_IRQHandler                          spy/stm32f4xx_hal_gpio.o
HAL_GPIO_Init                                     spy/stm32f4xx_hal_gpio.o
                                                  spy/stm32f4xx_hal_rcc.o
                                                  spy/bsp.o
HAL_GPIO_LockPin                                  spy/stm32f4xx_hal_gpio.o
HAL_GPIO_ReadPin                                  spy/stm32f4xx_hal_gpio.o
HAL_GPIO_TogglePin                                spy/stm32f4xx_hal_gpio.o
HAL_GPIO_WritePin                                 spy/stm32f4xx_hal_gpio.o
                                                  spy/bsp.o
HAL_GetDEVID                                      spy/stm32f4xx_hal.o
HAL_GetHalVersion                                 spy/stm32f4xx_hal.o
HAL_GetREVID                                      spy/stm32f4xx_hal.o
HAL_GetTick                                       spy/stm32f4xx_hal.o
                                                  spy/stm32f4xx_hal_uart.o
                                                  spy/stm32f4xx_hal_rcc.o
HAL_GetTickFreq                                   spy/stm32f4xx_hal.o
HAL_GetTickPrio                                   spy/stm32f4xx_hal.o
HAL_GetUIDw0                                      spy/stm32f4xx_hal.o
HAL_GetUIDw1                                      spy/stm32f4xx_hal.o
HAL_GetUIDw2                                      spy/stm32f4xx_hal.o
HAL_HalfDuplex_EnableReceiver                     spy/stm32f4xx_hal_uart.o
HAL_HalfDuplex_EnableTransmitter                  spy/stm32f4xx_hal_uart.o
HAL_HalfDuplex_Init                               spy/stm32f4xx_hal_uart.o
HAL_IncTick                                       spy/stm32f4xx_hal.o
HAL_Init                                          spy/stm32f4xx_hal.o
                                                  spy/bsp.o
HAL_InitTick                                      spy/stm32f4xx_hal.o
                                                  spy/stm32f4xx_hal_rcc.o
HAL_LIN_Init                                      spy/stm32f4xx_hal_uart.o
HAL_LIN_SendBreak                                 spy/stm32f4xx_hal_uart.o
HAL_MPU_ConfigRegion                              spy/stm32f4xx_hal_cortex.o
HAL_MPU_Disable                                   spy/stm32f4xx_hal_cortex.o
HAL_MPU_Enable                                    spy/stm32f4xx_hal_cortex.o
HAL_MspDeInit                                     spy/stm32f4xx_hal.o
HAL_MspInit                                       spy/bsp.o
HAL_MultiProcessor_EnterMuteMode                  spy/stm32f4xx_hal_uart.o
HAL_MultiProcessor_ExitMuteMode                   spy/stm32f4xx_hal_uart.o
HAL_MultiProcessor_Init                           spy/stm32f4xx_hal_uart.o
HAL_NVIC_ClearPendingIRQ                          spy/stm32f4xx_hal_cortex.o
HAL_NVIC_DisableIRQ                               spy/stm32f4xx_hal_cortex.o
                                                  spy/bsp.o
HAL_NVIC_EnableIRQ                                spy/stm32f4xx_hal_cortex.o
                                                  spy/bsp.o
HAL_NVIC_GetActive                                spy/stm32f4xx_hal_cortex.o
HAL_NVIC_GetPendingIRQ                            spy/stm32f4xx_hal_cortex.o
HAL_NVIC_GetPriority                              spy/stm32f4xx_hal_cortex.o
HAL_NVIC_GetPriorityGrouping                      spy/stm32f4xx_hal_cortex.o
HAL_NVIC_SetPendingIRQ                            spy/stm32f4xx_hal_cortex.o
HAL_NVIC_SetPriority                              spy/stm32f4xx_hal_cortex.o
                                                  spy/stm32f4xx_hal.o
                                                  spy/bsp.o
HAL_NVIC_SetPriorityGrouping                      spy/stm32f4xx_hal_cortex.o
                                                  spy/stm32f4xx_hal.o
HAL_NVIC_SystemReset                              spy/stm32f4xx_hal_cortex.o
HAL_RCC_CSSCallback                               spy/stm32f4xx_hal_rcc.o
HAL_RCC_ClockConfig                               spy/stm32f4xx_hal_rcc.o
                                                  spy/bsp.o
HAL_RCC_DeInit                                    spy/stm32f4xx_hal_rcc.o
HAL_RCC_DisableCSS                                spy/stm32f4xx_hal_rcc.o
HAL_RCC_EnableCSS                                 spy/stm32f4xx_hal_rcc.o
HAL_RCC_GetClockConfig                            spy/stm32f4xx_hal_rcc.o
HAL_RCC_GetHCLKFreq                               spy/stm32f4xx_hal_rcc.o
                                                  spy/bsp.o
HAL_RCC_GetOscConfig                              spy/stm32f4xx_hal_rcc.o
HAL_RCC_GetPCLK1Freq                              spy/stm32f4xx_hal_rcc.o
                                                  spy/stm32f4xx_hal_uart.o
                                                  spy/bsp.o
HAL_RCC_GetPCLK2Freq                              spy/stm32f4xx_hal_rcc.o
                                                  spy/stm32f4xx_hal_uart.o
                                                  spy/bsp.o
HAL_RCC_GetSysClockFreq                           spy/stm32f4xx_hal_rcc.o
                                                  spy/bsp.o
HAL_RCC_MCOConfig                                 spy/stm32f4xx_hal_rcc.o
HAL_RCC_NMI_IRQHandler                            spy/stm32f4xx_hal_rcc.o
HAL_RCC_OscConfig                                 spy/stm32f4xx_hal_rcc.o
                                                  spy/bsp.o
HAL_ResumeTick                                    spy/stm32f4xx_hal.o
HAL_SYSTICK_CLKSourceConfig                       spy/stm32f4xx_hal_cortex.o
HAL_SYSTICK_Callback                              spy/stm32f4xx_hal_cortex.o
HAL_SYSTICK_Config                                spy/stm32f4xx_hal_cortex.o
                                                  spy/stm32f4xx_hal.o
HAL_SYSTICK_IRQHandler                            spy/stm32f4xx_hal_cortex.o
HAL_SetTickFreq                                   spy/stm32f4xx_hal.o
HAL_SuspendTick                                   spy/stm32f4xx_hal.o
HAL_UARTEx_ReceiveToIdle                          spy/stm32f4xx_hal_uart.o
HAL_UARTEx_ReceiveToIdle_DMA                      spy/stm32f4xx_hal_uart.o
HAL_UARTEx_ReceiveToIdle_IT                       spy/stm32f4xx_hal_uart.o
HAL_UARTEx_RxEventCallback                        spy/stm32f4xx_hal_uart.o
HAL_UART_Abort                                    spy/stm32f4xx_hal_uart.o
HAL_UART_AbortCpltCallback                        spy/stm32f4xx_hal_uart.o
HAL_UART_AbortReceive                             spy/stm32f4xx_hal_uart.o
HAL_UART_AbortReceiveCpltCallback                 spy/stm32f4xx_hal_uart.o
HAL_UART_AbortReceive_IT                          spy/stm32f4xx_hal_uart.o
HAL_UART_AbortTransmit                            spy/stm32f4xx_hal_uart.o
HAL_UART_AbortTransmitCpltCallback                spy/stm32f4xx_hal_uart.o
HAL_UART_AbortTransmit_IT                         spy/stm32f4xx_hal_uart.o
HAL_UART_Abort_IT                                 spy/stm32f4xx_hal_uart.o
HAL_UART_DMAPause                                 spy/stm32f4xx_hal_uart.o
HAL_UART_DMAResume                                spy/stm32f4xx_hal_uart.o
HAL_UART_DMAStop                                  spy/stm32f4xx_hal_uart.o
HAL_UART_DeInit                                   spy/stm32f4xx_hal_uart.o
HAL_UART_ErrorCallback                            spy/stm32f4xx_hal_uart.o
HAL_UART_GetError                                 spy/stm32f4xx_hal_uart.o
HAL_UART_GetState                                 spy/stm32f4xx_hal_uart.o
HAL_UART_IRQHandler                               spy/stm32f4xx_hal_uart.o
HAL_UART_Init                                     spy/stm32f4xx_hal_uart.o
                                                  spy/bsp.o
HAL_UART_MspDeInit                                spy/bsp.o
HAL_UART_MspInit                                  spy/bsp.o
HAL_UART_Receive                                  spy/stm32f4xx_hal_uart.o
HAL_UART_Receive_DMA                              spy/stm32f4xx_hal_uart.o
HAL_UART_Receive_IT                               spy/stm32f4xx_hal_uart.o
HAL_UART_RxCpltCallback                           spy/stm32f4xx_hal_uart.o
HAL_UART_RxHalfCpltCallback                       spy/stm32f4xx_hal_uart.o
HAL_UART_Transmit                                 spy/stm32f4xx_hal_uart.o
                                                  spy/bsp.o
HAL_UART_Transmit_DMA                             spy/stm32f4xx_hal_uart.o
HAL_UART_Transmit_IT                              spy/stm32f4xx_hal_uart.o
HAL_UART_TxCpltCallback                           spy/stm32f4xx_hal_uart.o
HAL_UART_TxHalfCpltCallback                       spy/stm32f4xx_hal_uart.o
HardFault_Handler                                 spy/startup_stm32f411xe.o
I2C1_ER_IRQHandler                                spy/startup_stm32f411xe.o
I2C1_EV_IRQHandler                                spy/startup_stm32f411xe.o
I2C2_ER_IRQHandler                                spy/startup_stm32f411xe.o
I2C2_EV_IRQHandler                                spy/startup_stm32f411xe.o
I2C3_ER_IRQHandler                                spy/startup_stm32f411xe.o
I2C3_EV_IRQHandler                                spy/startup_stm32f411xe.o
MemManage_Handler                                 spy/startup_stm32f411xe.o
NMI_Handler                                       spy/startup_stm32f411xe.o
OTG_FS_IRQHandler                                 spy/startup_stm32f411xe.o
OTG_FS_WKUP_IRQHandler                            spy/startup_stm32f411xe.o
PVD_IRQHandler                                    spy/startup_stm32f411xe.o
PendSV_Handler                                    spy/startup_stm32f411xe.o
QActive_ctor                                      spy/qf_qact.o
                                                  spy/qf_actq.o
                                                  spy/blinky.o
QActive_defer                                     spy/qf_defer.o
QActive_flushDeferred                             spy/qf_defer.o
QActive_get_                                      spy/qf_actq.o
                                                  spy/qv.o
QActive_postLIFO_                                 spy/qf_actq.o
                                                  spy/qf_qmact.o
                                                  spy/qf_qact.o
QActive_post_                                     spy/qf_actq.o
                                                  spy/qf_qmact.o
                                                  spy/qf_qact.o
QActive_recall                                    spy/qf_defer.o
QActive_start_                                    spy/qv.o
                                                  spy/qf_qmact.o
                                                  spy/qf_qact.o
                                                  spy/qf_actq.o
QActive_subscribe                                 spy/qf_ps.o
QActive_unsubscribe                               spy/qf_ps.o
QActive_unsubscribeAll                            spy/qf_ps.o
QEQueue_get                                       spy/qf_qeq.o