Archive member included to satisfy reference by file (symbol)

/usr/share/gcc-arm-none-eabi-10.3-2021.10/bin/../lib/gcc/arm-none-eabi/10.3.1/thumb/v7e-m+dp/softfp/libgcc.a(_aeabi_uldivmod.o)
                              spy/stm32f4xx_hal_rcc.o (__aeabi_uldivmod)
/usr/share/gcc-arm-none-eabi-10.3-2021.10/bin/../lib/gcc/arm-none-eabi/10.3.1/thumb/v7e-m+dp/softfp/libgcc.a(_udivmoddi4.o)
                              /usr/share/gcc-arm-none-eabi-10.3-2021.10/bin/../lib/gcc/arm-none-eabi/10.3.1/thumb/v7e-m+dp/softfp/libgcc.a(_aeabi_uldivmod.o) (__udivmoddi4)
/usr/share/gcc-arm-none-eabi-10.3-2021.10/bin/../lib/gcc/arm-none-eabi/10.3.1/thumb/v7e-m+dp/softfp/libgcc.a(_dvmd_tls.o)
                              /usr/share/gcc-arm-none-eabi-10.3-2021.10/bin/../lib/gcc/arm-none-eabi/10.3.1/thumb/v7e-m+dp/softfp/libgcc.a(_aeabi_uldivmod.o) (__aeabi_ldiv0)
/usr/share/gcc-arm-none-eabi-10.3-2021.10/bin/../lib/gcc/arm-none-eabi/10.3.1/../../../../arm-none-eabi/lib/thumb/v7e-m+dp/softfp/libc_nano.a(lib_a-exit.o)
                              /usr/share/gcc-arm-none-eabi-10.3-2021.10/bin/../lib/gcc/arm-none-eabi/10.3.1/../../../../arm-none-eabi/lib/thumb/v7e-m+dp/softfp/crt0.o (exit)
/usr/share/gcc-arm-none-eabi-10.3-2021.10/bin/../lib/gcc/arm-none-eabi/10.3.1/../../../../arm-none-eabi/lib/thumb/v7e-m+dp/softfp/libc_nano.a(lib_a-impure.o)
                              /usr/share/gcc-arm-none-eabi-10.3-2021.10/bin/../lib/gcc/arm-none-eabi/10.3.1/../../../../arm-none-eabi/lib/thumb/v7e-m+dp/softfp/libc_nano.a(lib_a-exit.o) (_global_impure_ptr)
/usr/share/gcc-arm-none-eabi-10.3-2021.10/bin/../lib/gcc/arm-none-eabi/10.3.1/../../../../arm-none-eabi/lib/thumb/v7e-m+dp/softfp/libc_nano.a(lib_a-init.o)
                              /usr/share/gcc-arm-none-eabi-10.3-2021.10/bin/../lib/gcc/arm-none-eabi/10.3.1/../../../../arm-none-eabi/lib/thumb/v7e-m+dp/softfp/crt0.o (__libc_init_array)
/usr/share/gcc-arm-none-eabi-10.3-2021.10/bin/../lib/gcc/arm-none-eabi/10.3.1/../../../../arm-none-eabi/lib/thumb/v7e-m+dp/softfp/libc_nano.a(lib_a-memset.o)
                              /usr/share/gcc-arm-none-eabi-10.3-2021.10/bin/../lib/gcc/arm-none-eabi/10.3.1/../../../../arm-none-eabi/lib/thumb/v7e-m+dp/softfp/crt0.o (memset)
/usr/share/gcc-arm-none-eabi-10.3-2021.10/bin/../lib/gcc/arm-none-eabi/10.3.1/../../../../arm-none-eabi/lib/thumb/v7e-m+dp/softfp/libnosys.a(_exit.o)
                              /usr/share/gcc-arm-none-eabi-10.3-2021.10/bin/../lib/gcc/arm-none-eabi/10.3.1/../../../../arm-none-eabi/lib/thumb/v7e-m+dp/softfp/libc_nano.a(lib_a-exit.o) (_exit)

Discarded input sections

 .text          0x0000000000000000        0x0 /usr/share/gcc-arm-none-eabi-10.3-2021.10/bin/../lib/gcc/arm-none-eabi/10.3.1/thumb/v7e-m+dp/softfp/crti.o
 .data          0x0000000000000000        0x0 /usr/share/gcc-arm-none-eabi-10.3-2021.10/bin/../lib/gcc/arm-none-eabi/10.3.1/thumb/v7e-m+dp/softfp/crti.o
 .bss           0x0000000000000000        0x0 /usr/share/gcc-arm-none-eabi-10.3-2021.10/bin/../lib/gcc/arm-none-eabi/10.3.1/thumb/v7e-m+dp/softfp/crti.o
 .data          0x0000000000000000        0x4 /usr/share/gcc-arm-none-eabi-10.3-2021.10/bin/../lib/gcc/arm-none-eabi/10.3.1/thumb/v7e-m+dp/softfp/crtbegin.o
 .rodata        0x0000000000000000       0x24 /usr/share/gcc-arm-none-eabi-10.3-2021.10/bin/../lib/gcc/arm-none-eabi/10.3.1/thumb/v7e-m+dp/softfp/crtbegin.o
 .text          0x0000000000000000       0x7c /usr/share/gcc-arm-none-eabi-10.3-2021.10/bin/../lib/gcc/arm-none-eabi/10.3.1/../../../../arm-none-eabi/lib/thumb/v7e-m+dp/softfp/crt0.o
 .data          0x0000000000000000        0x0 /usr/share/gcc-arm-none-eabi-10.3-2021.10/bin/../lib/gcc/arm-none-eabi/10.3.1/../../../../arm-none-eabi/lib/thumb/v7e-m+dp/softfp/crt0.o
 .bss           0x0000000000000000        0x0 /usr/share/gcc-arm-none-eabi-10.3-2021.10/bin/../lib/gcc/arm-none-eabi/10.3.1/../../../../arm-none-eabi/lib/thumb/v7e-m+dp/softfp/crt0.o
 .ARM.extab     0x0000000000000000        0x0 /usr/share/gcc-arm-none-eabi-10.3-2021.10/bin/../lib/gcc/arm-none-eabi/10.3.1/../../../../arm-none-eabi/lib/thumb/v7e-m+dp/softfp/crt0.o
 .ARM.exidx     0x0000000000000000       0x10 /usr/share/gcc-arm-none-eabi-10.3-2021.10/bin/../lib/gcc/arm-none-eabi/10.3.1/../../../../arm-none-eabi/lib/thumb/v7e-m+dp/softfp/crt0.o
 .ARM.attributes
                0x0000000000000000       0x1c /usr/share/gcc-arm-none-eabi-10.3-2021.10/bin/../lib/gcc/arm-none-eabi/10.3.1/../../../../arm-none-eabi/lib/thumb/v7e-m+dp/softfp/crt0.o
 .text          0x0000000000000000       0x14 spy/startup_stm32f411xe.o
 .data          0x0000000000000000        0x0 spy/startup_stm32f411xe.o
 .bss           0x0000000000000000        0x0 spy/startup_stm32f411xe.o
 .text          0x0000000000000000        0x0 spy/bsp.o
 .data          0x0000000000000000        0x0 spy/bsp.o
 .bss           0x0000000000000000        0x0 spy/bsp.o
 .text.HAL_UART_MspDeInit
                0x0000000000000000       0x58 spy/bsp.o
 .text.Error_Handler
[...]
Memory Configuration

Name             Origin             Length             Attributes
RAM              0x0000000020000000 0x0000000000020000 xrw
FLASH            0x0000000008000000 0x0000000000080000 xr
*default*        0x0000000000000000 0xffffffffffffffff

Linker script and memory map

LOAD /usr/share/gcc-arm-none-eabi-10.3-2021.10/bin/../lib/gcc/arm-none-eabi/10.3.1/thumb/v7e-m+dp/softfp/crti.o
LOAD /usr/share/gcc-arm-none-eabi-10.3-2021.10/bin/../lib/gcc/arm-none-eabi/10.3.1/thumb/v7e-m+dp/softfp/crtbegin.o
LOAD /usr/share/gcc-arm-none-eabi-10.3-2021.10/bin/../lib/gcc/arm-none-eabi/10.3.1/../../../../arm-none-eabi/lib/thumb/v7e-m+dp/softfp/crt0.o
LOAD spy/startup_stm32f411xe.o
LOAD spy/bsp.o
LOAD spy/main.o
LOAD spy/blinky.o
LOAD spy/system_stm32f4xx.o
LOAD spy/stm32f4xx_hal_gpio.o
LOAD spy/stm32f4xx_hal_rcc.o
LOAD spy/stm32f4xx_hal_uart.o
LOAD spy/stm32f4xx_hal.o
LOAD spy/stm32f4xx_hal_cortex.o
LOAD spy/qep_hsm.o
LOAD spy/qep_msm.o
LOAD spy/qf_act.o
LOAD spy/qf_actq.o
LOAD spy/qf_defer.o
LOAD spy/qf_dyn.o
LOAD spy/qf_mem.o
LOAD spy/qf_ps.o
LOAD spy/qf_qact.o
LOAD spy/qf_qeq.o
LOAD spy/qf_qmact.o
LOAD spy/qf_time.o
LOAD spy/qv.o
LOAD spy/qv_port.o
LOAD spy/qs.o
LOAD spy/qs_rx.o
LOAD spy/qs_fp.o
LOAD spy/qstamp.o
START GROUP
LOAD /usr/share/gcc-arm-none-eabi-10.3-2021.10/bin/../lib/gcc/arm-none-eabi/10.3.1/thumb/v7e-m+dp/softfp/libgcc.a
LOAD /usr/share/gcc-arm-none-eabi-10.3-2021.10/bin/../lib/gcc/arm-none-eabi/10.3.1/../../../../arm-none-eabi/lib/thumb/v7e-m+dp/softfp/libc_nano.a
END GROUP
START GROUP
LOAD /usr/share/gcc-arm-none-eabi-10.3-2021.10/bin/../lib/gcc/arm-none-eabi/10.3.1/thumb/v7e-m+dp/softfp/libgcc.a
LOAD /usr/share/gcc-arm-none-eabi-10.3-2021.10/bin/../lib/gcc/arm-none-eabi/10.3.1/../../../../arm-none-eabi/lib/thumb/v7e-m+dp/softfp/libc_nano.a
LOAD /usr/share/gcc-arm-none-eabi-10.3-2021.10/bin/../lib/gcc/arm-none-eabi/10.3.1/../../../../arm-none-eabi/lib/thumb/v7e-m+dp/softfp/libnosys.a
END GROUP
START GROUP
LOAD /usr/share/gcc-arm-none-eabi-10.3-2021.10/bin/../lib/gcc/arm-none-eabi/10.3.1/thumb/v7e-m+dp/softfp/libgcc.a
LOAD /usr/share/gcc-arm-none-eabi-10.3-2021.10/bin/../lib/gcc/arm-none-eabi/10.3.1/../../../../arm-none-eabi/lib/thumb/v7e-m+dp/softfp/libc_nano.a
LOAD /usr/share/gcc-arm-none-eabi-10.3-2021.10/bin/../lib/gcc/arm-none-eabi/10.3.1/../../../../arm-none-eabi/lib/thumb/v7e-m+dp/softfp/libnosys.a
END GROUP
LOAD /usr/share/gcc-arm-none-eabi-10.3-2021.10/bin/../lib/gcc/arm-none-eabi/10.3.1/thumb/v7e-m+dp/softfp/crtend.o
LOAD /usr/share/gcc-arm-none-eabi-10.3-2021.10/bin/../lib/gcc/arm-none-eabi/10.3.1/thumb/v7e-m+dp/softfp/crtn.o
                0x0000000020020000                _estack = 0x20020000
                0x0000000000000200                _Min_Heap_Size = 0x200
                0x0000000000000400                _Min_Stack_Size = 0x400

.isr_vector     0x0000000008000000      0x198
                0x0000000008000000                . = ALIGN (0x4)
 *(.isr_vector)
 .isr_vector    0x0000000008000000      0x198 spy/startup_stm32f411xe.o
                0x0000000008000000                g_pfnVectors
                0x0000000008000198                . = ALIGN (0x4)

.text           0x0000000008000198     0x4240
                0x0000000008000198                . = ALIGN (0x4)
 *(.text)
 .text          0x0000000008000198       0x40 /usr/share/gcc-arm-none-eabi-10.3-2021.10/bin/../lib/gcc/arm-none-eabi/10.3.1/thumb/v7e-m+dp/softfp/crtbegin.o
 .text          0x00000000080001d8       0x30 /usr/share/gcc-arm-none-eabi-10.3-2021.10/bin/../lib/gcc/arm-none-eabi/10.3.1/thumb/v7e-m+dp/softfp/libgcc.a(_aeabi_uldivmod.o)
                0x00000000080001d8                __aeabi_uldivmod
 .text          0x0000000008000208      0x2d0 /usr/share/gcc-arm-none-eabi-10.3-2021.10/bin/../lib/gcc/arm-none-eabi/10.3.1/thumb/v7e-m+dp/softfp/libgcc.a(_udivmoddi4.o)
                0x0000000008000208                __udivmoddi4
 .text          0x00000000080004d8        0x4 /usr/share/gcc-arm-none-eabi-10.3-2021.10/bin/../lib/gcc/arm-none-eabi/10.3.1/thumb/v7e-m+dp/softfp/libgcc.a(_dvmd_tls.o)
                0x00000000080004d8                __aeabi_ldiv0
                0x00000000080004d8                __aeabi_idiv0
 *(.text*)
 .text.Reset_Handler
                0x00000000080004dc       0x50 spy/startup_stm32f411xe.o
                0x00000000080004dc                Reset_Handler
 .text.Default_Handler
                0x000000000800052c        0x2 spy/startup_stm32f411xe.o
                0x000000000800052c                RTC_Alarm_IRQHandler
                0x000000000800052c                EXTI2_IRQHandler
                0x000000000800052c                DebugMon_Handler
                0x000000000800052c                SPI4_IRQHandler
                0x000000000800052c                TIM1_CC_IRQHandler
                0x000000000800052c                DMA2_Stream5_IRQHandler
                0x000000000800052c                HardFault_Handler
                0x000000000800052c                DMA1_Stream5_IRQHandler
                0x000000000800052c                PVD_IRQHandler
                0x000000000800052c                SDIO_IRQHandler
                0x000000000800052c                TAMP_STAMP_IRQHandler
                0x000000000800052c                PendSV_Handler
                0x000000000800052c                NMI_Handler
                0x000000000800052c                EXTI3_IRQHandler
                0x000000000800052c                TIM1_UP_TIM10_IRQHandler
                0x000000000800052c                I2C3_ER_IRQHandler
                0x000000000800052c                EXTI0_IRQHandler
                0x000000000800052c                I2C2_EV_IRQHandler
                0x000000000800052c                DMA1_Stream2_IRQHandler
                0x000000000800052c                FPU_IRQHandler
                0x000000000800052c                UsageFault_Handler
                0x000000000800052c                DMA2_Stream2_IRQHandler
                0x000000000800052c                SPI1_IRQHandler
                0x000000000800052c                TIM1_BRK_TIM9_IRQHandler
                0x000000000800052c                DMA2_Stream3_IRQHandler
                0x000000000800052c                USART6_IRQHandler
                0x000000000800052c                DMA2_Stream0_IRQHandler
                0x000000000800052c                TIM4_IRQHandler
                0x000000000800052c                I2C1_EV_IRQHandler
                0x000000000800052c                DMA1_Stream6_IRQHandler
                0x000000000800052c                DMA1_Stream1_IRQHandler
                0x000000000800052c                TIM3_IRQHandler
                0x000000000800052c                RCC_IRQHandler
                0x000000000800052c                Default_Handler
                0x000000000800052c                EXTI15_10_IRQHandler
                0x000000000800052c                ADC_IRQHandler
                0x000000000800052c                DMA1_Stream7_IRQHandler
                0x000000000800052c                SPI5_IRQHandler
                0x000000000800052c                TIM5_IRQHandler
                0x000000000800052c                DMA2_Stream7_IRQHandler
                0x000000000800052c                I2C3_EV_IRQHandler
                0x000000000800052c                EXTI9_5_IRQHandler
                0x000000000800052c                RTC_WKUP_IRQHandler
                0x000000000800052c                SPI2_IRQHandler
                0x000000000800052c                MemManage_Handler
                0x000000000800052c                DMA1_Stream0_IRQHandler
                0x000000000800052c                SVC_Handler
                0x000000000800052c                EXTI4_IRQHandler
                0x000000000800052c                WWDG_IRQHandler
                0x000000000800052c                TIM2_IRQHandler
                0x000000000800052c                OTG_FS_WKUP_IRQHandler
                0x000000000800052c                TIM1_TRG_COM_TIM11_IRQHandler
                0x000000000800052c                EXTI1_IRQHandler
                0x000000000800052c                I2C2_ER_IRQHandler
                0x000000000800052c                DMA2_Stream1_IRQHandler
                0x000000000800052c                FLASH_IRQHandler
                0x000000000800052c                DMA2_Stream4_IRQHandler
                0x000000000800052c                BusFault_Handler
                0x000000000800052c                USART1_IRQHandler
                0x000000000800052c                OTG_FS_IRQHandler
                0x000000000800052c                SPI3_IRQHandler
                0x000000000800052c                DMA1_Stream4_IRQHandler
                0x000000000800052c                I2C1_ER_IRQHandler
                0x000000000800052c                DMA2_Stream6_IRQHandler
                0x000000000800052c                DMA1_Stream3_IRQHandler
 *fill*         0x000000000800052e        0x2 
 .text.__NVIC_SystemReset
                0x0000000008000530       0x24 spy/bsp.o
 .text.HAL_UART_MspInit
                0x0000000008000554       0xe0 spy/bsp.o
                0x0000000008000554                HAL_UART_MspInit
 .text.HAL_MspInit
                0x0000000008000634       0x38 spy/bsp.o
                0x0000000008000634                HAL_MspInit
 .text.SysTick_Handler
                0x000000000800066c       0x30 spy/bsp.o
                0x000000000800066c                SysTick_Handler
 .text.USART2_IRQHandler
                0x000000000800069c       0x24 spy/bsp.o
                0x000000000800069c                USART2_IRQHandler
 .text.SystemClock_Config
                0x00000000080006c0       0xa8 spy/bsp.o
                0x00000000080006c0                SystemClock_Config
 .text.BSP_ledon
                0x0000000008000768       0x14 spy/bsp.o
                0x0000000008000768                BSP_ledon
 .text.BSP_ledoff
                0x000000000800077c       0x14 spy/bsp.o
                0x000000000800077c                BSP_ledoff
 .text.QF_onStartup
                0x0000000008000790        0x2 spy/bsp.o
                0x0000000008000790                QF_onStartup
 *fill*         0x0000000008000792        0x2 
 .text.QV_onIdle
                0x0000000008000794       0x48 spy/bsp.o
                0x0000000008000794                QV_onIdle
 .text.Q_onAssert
                0x00000000080007dc        0xe spy/bsp.o
                0x00000000080007dc                Q_onAssert
 *fill*         0x00000000080007ea        0x2 
 .text.QS_onStartup
                0x00000000080007ec       0x44 spy/bsp.o
                0x00000000080007ec                QS_onStartup
 .text.BSP_init
                0x0000000008000830      0x104 spy/bsp.o
                0x0000000008000830                BSP_init
 .text.QS_onCleanup
                0x0000000008000934        0x2 spy/bsp.o
                0x0000000008000934                QS_onCleanup
 *fill*         0x0000000008000936        0x2 
 .text.QS_onGetTime
                0x0000000008000938       0x28 spy/bsp.o
                0x0000000008000938                QS_onGetTime
 .text.QS_onFlush
                0x0000000008000960       0x44 spy/bsp.o
                0x0000000008000960                QS_onFlush
 .text.QS_onReset
                0x00000000080009a4        0x6 spy/bsp.o
                0x00000000080009a4                QS_onReset
 *fill*         0x00000000080009aa        0x2 
 .text.QS_onCommand
                0x00000000080009ac       0x7c spy/bsp.o
                0x00000000080009ac                QS_onCommand
 .text.main     0x0000000008000a28       0x48 spy/main.o
                0x0000000008000a28                main
 .text.Blinky_initial
                0x0000000008000a70       0x1c spy/blinky.o
 .text.Blinky_off
                0x0000000008000a8c       0x2c spy/blinky.o
 .text.Blinky_on
                0x0000000008000ab8       0x2c spy/blinky.o
 .text.blinky_ctor
                0x0000000008000ae4       0x24 spy/blinky.o
                0x0000000008000ae4                blinky_ctor
 .text.SystemInit
                0x0000000008000b08       0x14 spy/system_stm32f4xx.o
                0x0000000008000b08                SystemInit
 .text.SystemCoreClockUpdate
                0x0000000008000b1c       0x9c spy/system_stm32f4xx.o
                0x0000000008000b1c                SystemCoreClockUpdate
 .text.HAL_GPIO_Init
                0x0000000008000bb8      0x1cc spy/stm32f4xx_hal_gpio.o
                0x0000000008000bb8                HAL_GPIO_Init
 .text.HAL_GPIO_WritePin
                0x0000000008000d84        0xc spy/stm32f4xx_hal_gpio.o
                0x0000000008000d84                HAL_GPIO_WritePin
 .text.HAL_RCC_OscConfig
                0x0000000008000d90      0x3f8 spy/stm32f4xx_hal_rcc.o
                0x0000000008000d90                HAL_RCC_OscConfig
 .text.HAL_RCC_GetSysClockFreq
                0x0000000008001188       0xd4 spy/stm32f4xx_hal_rcc.o
                0x0000000008001188                HAL_RCC_GetSysClockFreq
 .text.HAL_RCC_ClockConfig
                0x000000000800125c      0x164 spy/stm32f4xx_hal_rcc.o
                0x000000000800125c                HAL_RCC_ClockConfig
 .text.HAL_RCC_GetHCLKFreq
                0x00000000080013c0        0xc spy/stm32f4xx_hal_rcc.o
                0x00000000080013c0                HAL_RCC_GetHCLKFreq
 .text.HAL_RCC_GetPCLK1Freq
                0x00000000080013cc       0x20 spy/stm32f4xx_hal_rcc.o
                0x00000000080013cc                HAL_RCC_GetPCLK1Freq
 .text.HAL_RCC_GetPCLK2Freq
                0x00000000080013ec       0x20 spy/stm32f4xx_hal_rcc.o
                0x00000000080013ec                HAL_RCC_GetPCLK2Freq
 .text.UART_SetConfig
                0x000000000800140c      0x104 spy/stm32f4xx_hal_uart.o
 .text.HAL_UART_Init
                0x0000000008001510       0x5e spy/stm32f4xx_hal_uart.o
                0x0000000008001510                HAL_UART_Init
 *fill*         0x000000000800156e        0x2 
 .text.HAL_InitTick
                0x0000000008001570       0x4c spy/stm32f4xx_hal.o
                0x0000000008001570                HAL_InitTick
 .text.HAL_Init
                0x00000000080015bc       0x34 spy/stm32f4xx_hal.o
                0x00000000080015bc                HAL_Init
 .text.HAL_GetTick
                0x00000000080015f0        0xc spy/stm32f4xx_hal.o
                0x00000000080015f0                HAL_GetTick
 .text.HAL_NVIC_SetPriorityGrouping
                0x00000000080015fc       0x24 spy/stm32f4xx_hal_cortex.o
                0x00000000080015fc                HAL_NVIC_SetPriorityGrouping
 .text.HAL_NVIC_SetPriority
                0x0000000008001620       0x6c spy/stm32f4xx_hal_cortex.o
                0x0000000008001620                HAL_NVIC_SetPriority
 .text.HAL_NVIC_EnableIRQ
                0x000000000800168c       0x1c spy/stm32f4xx_hal_cortex.o
                0x000000000800168c                HAL_NVIC_EnableIRQ
 .text.HAL_SYSTICK_Config
                0x00000000080016a8       0x28 spy/stm32f4xx_hal_cortex.o
                0x00000000080016a8                HAL_SYSTICK_Config
 .text.QHsm_top
                0x00000000080016d0        0x4 spy/qep_hsm.o
                0x00000000080016d0                QHsm_top
 .text.QHsm_getStateHandler_
                0x00000000080016d4        0x4 spy/qep_hsm.o
                0x00000000080016d4                QHsm_getStateHandler_
 .text.QHsm_init_
                0x00000000080016d8      0x1e4 spy/qep_hsm.o
                0x00000000080016d8                QHsm_init_
 .text.QHsm_dispatch_
                0x00000000080018bc      0x704 spy/qep_hsm.o
                0x00000000080018bc                QHsm_dispatch_
 .text.QHsm_ctor
                0x0000000008001fc0       0x14 spy/qep_hsm.o
                0x0000000008001fc0                QHsm_ctor
 .text.QF_add_  0x0000000008001fd4       0x3c spy/qf_act.o
                0x0000000008001fd4                QF_add_
 .text.QF_bzero
                0x0000000008002010       0x12 spy/qf_act.o
                0x0000000008002010                QF_bzero
 *fill*         0x0000000008002022        0x2 
 .text.QActive_post_
                0x0000000008002024      0x190 spy/qf_actq.o
                0x0000000008002024                QActive_post_
 .text.QActive_postLIFO_
                0x00000000080021b4       0xe0 spy/qf_actq.o
                0x00000000080021b4                QActive_postLIFO_
 .text.QActive_get_
                0x0000000008002294      0x108 spy/qf_actq.o
                0x0000000008002294                QActive_get_
 .text.QF_newX_
                0x000000000800239c      0x134 spy/qf_dyn.o
                0x000000000800239c                QF_newX_
 .text.QF_gc    0x00000000080024d0       0xf8 spy/qf_dyn.o
                0x00000000080024d0                QF_gc
 .text.QF_poolGetMaxBlockSize
                0x00000000080025c8       0x1c spy/qf_dyn.o
                0x00000000080025c8                QF_poolGetMaxBlockSize
 .text.QMPool_put
                0x00000000080025e4       0x8c spy/qf_mem.o
                0x00000000080025e4                QMPool_put
 .text.QMPool_get
                0x0000000008002670      0x12c spy/qf_mem.o
                0x0000000008002670                QMPool_get
 .text.QF_publish_
                0x000000000800279c       0xec spy/qf_ps.o
                0x000000000800279c                QF_publish_
 .text.QActive_ctor
                0x0000000008002888       0x20 spy/qf_qact.o
                0x0000000008002888                QActive_ctor
 .text.QEQueue_init
                0x00000000080028a8       0x1e spy/qf_qeq.o
                0x00000000080028a8                QEQueue_init
 *fill*         0x00000000080028c6        0x2 
 .text.QF_tickX_
                0x00000000080028c8      0x198 spy/qf_time.o
                0x00000000080028c8                QF_tickX_
 .text.QTimeEvt_ctorX
                0x0000000008002a60       0x2c spy/qf_time.o
                0x0000000008002a60                QTimeEvt_ctorX
 .text.QTimeEvt_armX
                0x0000000008002a8c       0xc4 spy/qf_time.o
                0x0000000008002a8c                QTimeEvt_armX
 .text.QF_init  0x0000000008002b50       0x48 spy/qv.o
                0x0000000008002b50                QF_init
 .text.QF_run   0x0000000008002b98      0x128 spy/qv.o
                0x0000000008002b98                QF_run
 .text.QActive_start_
                0x0000000008002cc0       0x4c spy/qv.o
                0x0000000008002cc0                QActive_start_
 .text.QV_init  0x0000000008002d0c       0x54 spy/qv_port.o
                0x0000000008002d0c                QV_init
 .text.QS_glbFilter_
                0x0000000008002d60      0x30c spy/qs.o
                0x0000000008002d60                QS_glbFilter_
 .text.QS_locFilter_
                0x000000000800306c       0xc8 spy/qs.o
                0x000000000800306c                QS_locFilter_
 .text.QS_beginRec_
                0x0000000008003134       0x78 spy/qs.o
                0x0000000008003134                QS_beginRec_
 .text.QS_endRec_
                0x00000000080031ac       0x78 spy/qs.o
                0x00000000080031ac                QS_endRec_
 .text.QS_u8_fmt_
                0x0000000008003224       0xa4 spy/qs.o
                0x0000000008003224                QS_u8_fmt_
 .text.QS_u32_fmt_
                0x00000000080032c8       0xb0 spy/qs.o
                0x00000000080032c8                QS_u32_fmt_
 .text.QS_u8_raw_
                0x0000000008003378       0x60 spy/qs.o
                0x0000000008003378                QS_u8_raw_
 .text.QS_2u8_raw_
                0x00000000080033d8       0xa4 spy/qs.o
                0x00000000080033d8                QS_2u8_raw_
 .text.QS_u16_raw_
                0x000000000800347c       0xa8 spy/qs.o
                0x000000000800347c                QS_u16_raw_
 .text.QS_target_info_pre_
                0x0000000008003524      0x160 spy/qs.o
                0x0000000008003524                QS_target_info_pre_
 .text.QS_initBuf
                0x0000000008003684       0x54 spy/qs.o
                0x0000000008003684                QS_initBuf
 .text.QS_u32_raw_
                0x00000000080036d8       0x70 spy/qs.o
                0x00000000080036d8                QS_u32_raw_
 .text.QS_obj_raw_
                0x0000000008003748        0x8 spy/qs.o
                0x0000000008003748                QS_obj_raw_
 .text.QS_str_raw_
                0x0000000008003750       0x58 spy/qs.o
                0x0000000008003750                QS_str_raw_
 .text.QS_getByte
                0x00000000080037a8       0x2c spy/qs.o
                0x00000000080037a8                QS_getByte
 .text.QS_obj_dict_pre_
                0x00000000080037d4       0x3a spy/qs.o
                0x00000000080037d4                QS_obj_dict_pre_
 .text.QS_usr_dict_pre_
                0x000000000800380e       0x30 spy/qs.o
                0x000000000800380e                QS_usr_dict_pre_
 *fill*         0x000000000800383e        0x2 
 .text.QS_ASSERTION
                0x0000000008003840       0x6c spy/qs.o
                0x0000000008003840                QS_ASSERTION
 .text.QS_rxReportError_
                0x00000000080038ac       0x28 spy/qs_rx.o
 .text.QS_rxReportAck_
                0x00000000080038d4       0x26 spy/qs_rx.o
 .text.QS_rxReportDone_
                0x00000000080038fa       0x2e spy/qs_rx.o
 .text.QS_rxParseData_
                0x0000000008003928      0x4ac spy/qs_rx.o
 .text.QS_rxInitBuf
                0x0000000008003dd4       0x48 spy/qs_rx.o
                0x0000000008003dd4                QS_rxInitBuf
 .text.QS_RX_PUT
                0x0000000008003e1c       0x30 spy/qs_rx.o
                0x0000000008003e1c                QS_RX_PUT
 .text.QS_queryCurrObj
                0x0000000008003e4c       0xc4 spy/qs_rx.o
                0x0000000008003e4c                QS_queryCurrObj
 .text.QS_rxParse
                0x0000000008003f10      0x458 spy/qs_rx.o
                0x0000000008003f10                QS_rxParse
 .text.__libc_init_array
                0x0000000008004368       0x48 /usr/share/gcc-arm-none-eabi-10.3-2021.10/bin/../lib/gcc/arm-none-eabi/10.3.1/../../../../arm-none-eabi/lib/thumb/v7e-m+dp/softfp/libc_nano.a(lib_a-init.o)
                0x0000000008004368                __libc_init_array
 .text.memset   0x00000000080043b0       0x10 /usr/share/gcc-arm-none-eabi-10.3-2021.10/bin/../lib/gcc/arm-none-eabi/10.3.1/../../../../arm-none-eabi/lib/thumb/v7e-m+dp/softfp/libc_nano.a(lib_a-memset.o)
                0x00000000080043b0                memset
 *(.glue_7)
 .glue_7        0x00000000080043c0        0x0 linker stubs
 *(.glue_7t)
 .glue_7t       0x00000000080043c0        0x0 linker stubs
 *(.eh_frame)
 .eh_frame      0x00000000080043c0        0x0 /usr/share/gcc-arm-none-eabi-10.3-2021.10/bin/../lib/gcc/arm-none-eabi/10.3.1/thumb/v7e-m+dp/softfp/crtbegin.o
 *(.init)
 .init          0x00000000080043c0        0x4 /usr/share/gcc-arm-none-eabi-10.3-2021.10/bin/../lib/gcc/arm-none-eabi/10.3.1/thumb/v7e-m+dp/softfp/crti.o
                0x00000000080043c0                _init
 .init          0x00000000080043c4        0x8 /usr/share/gcc-arm-none-eabi-10.3-2021.10/bin/../lib/gcc/arm-none-eabi/10.3.1/thumb/v7e-m+dp/softfp/crtn.o
 *(.fini)
 .fini          0x00000000080043cc        0x4 /usr/share/gcc-arm-none-eabi-10.3-2021.10/bin/../lib/gcc/arm-none-eabi/10.3.1/thumb/v7e-m+dp/softfp/crti.o
                0x00000000080043cc                _fini
 .fini          0x00000000080043d0        0x8 /usr/share/gcc-arm-none-eabi-10.3-2021.10/bin/../lib/gcc/arm-none-eabi/10.3.1/thumb/v7e-m+dp/softfp/crtn.o
                0x00000000080043d8                . = ALIGN (0x4)
                0x00000000080043d8                _etext = .

.vfp11_veneer   0x00000000080043d8        0x0
 .vfp11_veneer  0x00000000080043d8        0x0 linker stubs

.v4_bx          0x00000000080043d8        0x0
 .v4_bx         0x00000000080043d8        0x0 linker stubs

.iplt           0x00000000080043d8        0x0
 .iplt          0x00000000080043d8        0x0 /usr/share/gcc-arm-none-eabi-10.3-2021.10/bin/../lib/gcc/arm-none-eabi/10.3.1/thumb/v7e-m+dp/softfp/crtbegin.o

.rodata         0x00000000080043d8      0x100
                0x00000000080043d8                . = ALIGN (0x4)
 *(.rodata)
 *(.rodata*)
 .rodata.BSP_init.str1.4
                0x00000000080043d8       0x25 spy/bsp.o
 *fill*         0x00000000080043fd        0x3 
 .rodata.Q_this_module_
                0x0000000008004400        0x9 spy/bsp.o
 *fill*         0x0000000008004409        0x3 
 .rodata.l_SysTick
                0x000000000800440c        0x1 spy/bsp.o
 *fill*         0x000000000800440d        0x3 
 .rodata.Q_this_module_
                0x0000000008004410        0xa spy/main.o
 *fill*         0x000000000800441a        0x2 
 .rodata.AO_Blinky
                0x000000000800441c        0x4 spy/blinky.o
                0x000000000800441c                AO_Blinky
 .rodata.AHBPrescTable
                0x0000000008004420       0x10 spy/system_stm32f4xx.o
                0x0000000008004420                AHBPrescTable
 .rodata.APBPrescTable
                0x0000000008004430        0x8 spy/system_stm32f4xx.o
                0x0000000008004430                APBPrescTable
 .rodata.QEP_reservedEvt_
                0x0000000008004438       0x10 spy/qep_hsm.o
 .rodata.Q_this_module_
                0x0000000008004448        0x8 spy/qep_hsm.o
 .rodata.vtable.0
                0x0000000008004450        0xc spy/qep_hsm.o
 .rodata.Q_this_module_
                0x000000000800445c        0x7 spy/qf_act.o
 *fill*         0x0000000008004463        0x1 
 .rodata.Q_this_module_
                0x0000000008004464        0x8 spy/qf_actq.o
 .rodata.Q_this_module_
                0x000000000800446c        0x7 spy/qf_dyn.o
 *fill*         0x0000000008004473        0x1 
 .rodata.Q_this_module_
                0x0000000008004474        0x7 spy/qf_mem.o
 *fill*         0x000000000800447b        0x1 
 .rodata.Q_this_module_
                0x000000000800447c        0x6 spy/qf_ps.o
 *fill*         0x0000000008004482        0x2 
 .rodata.vtable.0
                0x0000000008004484       0x18 spy/qf_qact.o
 .rodata.Q_this_module_
                0x000000000800449c        0x8 spy/qf_time.o
 .rodata.Q_this_module_
                0x00000000080044a4        0x3 spy/qv.o
 *fill*         0x00000000080044a7        0x1 
 .rodata.QS_ASSERTION.str1.4
                0x00000000080044a8        0x2 spy/qs.o
 *fill*         0x00000000080044aa        0x2 
 .rodata.Q_this_module_
                0x00000000080044ac        0x3 spy/qs.o
 *fill*         0x00000000080044af        0x1 
 .rodata.QS_rxInitBuf.str1.4
                0x00000000080044b0        0x6 spy/qs_rx.o
 *fill*         0x00000000080044b6        0x2 
 .rodata.Q_this_module_
                0x00000000080044b8        0x6 spy/qs_rx.o
 *fill*         0x00000000080044be        0x2 
 .rodata.Q_BUILD_DATE
                0x00000000080044c0        0xc spy/qstamp.o
                0x00000000080044c0                Q_BUILD_DATE
 .rodata.Q_BUILD_TIME
                0x00000000080044cc        0x9 spy/qstamp.o
                0x00000000080044cc                Q_BUILD_TIME
                0x00000000080044d8                . = ALIGN (0x4)
 *fill*         0x00000000080044d5        0x3 

.ARM.extab
 *(.ARM.extab* .gnu.linkonce.armextab.*)

.ARM            0x00000000080044d8        0x8
                0x00000000080044d8                __exidx_start = .
 *(.ARM.exidx*)
 .ARM.exidx     0x00000000080044d8        0x8 /usr/share/gcc-arm-none-eabi-10.3-2021.10/bin/../lib/gcc/arm-none-eabi/10.3.1/thumb/v7e-m+dp/softfp/libgcc.a(_udivmoddi4.o)
                0x00000000080044e0                __exidx_end = .

.rel.dyn        0x00000000080044e0        0x0
 .rel.iplt      0x00000000080044e0        0x0 /usr/share/gcc-arm-none-eabi-10.3-2021.10/bin/../lib/gcc/arm-none-eabi/10.3.1/thumb/v7e-m+dp/softfp/crtbegin.o

.preinit_array  0x00000000080044e0        0x0
                0x00000000080044e0                PROVIDE (__preinit_array_start = .)
 *(.preinit_array*)
                0x00000000080044e0                PROVIDE (__preinit_array_end = .)

.init_array     0x00000000080044e0        0x4
                0x00000000080044e0                PROVIDE (__init_array_start = .)
 *(SORT_BY_NAME(.init_array.*))
 *(.init_array*)
 .init_array    0x00000000080044e0        0x4 /usr/share/gcc-arm-none-eabi-10.3-2021.10/bin/../lib/gcc/arm-none-eabi/10.3.1/thumb/v7e-m+dp/softfp/crtbegin.o
                0x00000000080044e4                PROVIDE (__init_array_end = .)

.fini_array     0x00000000080044e4        0x4
                [!provide]                        PROVIDE (__fini_array_start = .)
 *(SORT_BY_NAME(.fini_array.*))
 *(.fini_array*)
 .fini_array    0x00000000080044e4        0x4 /usr/share/gcc-arm-none-eabi-10.3-2021.10/bin/../lib/gcc/arm-none-eabi/10.3.1/thumb/v7e-m+dp/softfp/crtbegin.o
                [!provide]                        PROVIDE (__fini_array_end = .)
                0x00000000080044e8                _sidata = LOADADDR (.data)

.data           0x0000000020000000        0xc load address 0x00000000080044e8
                0x0000000020000000                . = ALIGN (0x4)
                0x0000000020000000                _sdata = .
 *(.data)
 *(.data*)
 .data.SystemCoreClock
                0x0000000020000000        0x4 spy/system_stm32f4xx.o
                0x0000000020000000                SystemCoreClock
 .data.uwTickFreq
                0x0000000020000004        0x1 spy/stm32f4xx_hal.o
                0x0000000020000004                uwTickFreq
 *fill*         0x0000000020000005        0x3 
 .data.uwTickPrio
                0x0000000020000008        0x4 spy/stm32f4xx_hal.o
                0x0000000020000008                uwTickPrio
                0x000000002000000c                . = ALIGN (0x4)
                0x000000002000000c                _edata = .

.igot.plt       0x000000002000000c        0x0 load address 0x00000000080044f4
 .igot.plt      0x000000002000000c        0x0 /usr/share/gcc-arm-none-eabi-10.3-2021.10/bin/../lib/gcc/arm-none-eabi/10.3.1/thumb/v7e-m+dp/softfp/crtbegin.o
                0x000000002000000c                . = ALIGN (0x4)

.bss            0x000000002000000c      0xa9c load address 0x00000000080044f4
                0x000000002000000c                _sbss = .
                0x000000002000000c                __bss_start__ = _sbss
 *(.bss)
 .bss           0x000000002000000c       0x1c /usr/share/gcc-arm-none-eabi-10.3-2021.10/bin/../lib/gcc/arm-none-eabi/10.3.1/thumb/v7e-m+dp/softfp/crtbegin.o
 *(.bss*)
 .bss.QS_tickPeriod_
                0x0000000020000028        0x4 spy/bsp.o
 .bss.QS_tickTime_
                0x000000002000002c        0x4 spy/bsp.o
 .bss.huart2    0x0000000020000030       0x44 spy/bsp.o
                0x0000000020000030                huart2
 .bss.l_rnd     0x0000000020000074        0x4 spy/bsp.o
 .bss.qsBuf.1   0x0000000020000078      0x800 spy/bsp.o
 .bss.qsRxBuf.0
                0x0000000020000878       0x64 spy/bsp.o
 .bss.l_blinkyQSto.0
                0x00000000200008dc       0x28 spy/main.o
 .bss.blinks    0x0000000020000904       0x30 spy/blinky.o
 .bss.uwTick    0x0000000020000934        0x4 spy/stm32f4xx_hal.o
                0x0000000020000934                uwTick
 .bss.QF_active_
                0x0000000020000938       0x84 spy/qf_act.o
                0x0000000020000938                QF_active_
 .bss.QF_maxPool_
                0x00000000200009bc        0x4 spy/qf_dyn.o
                0x00000000200009bc                QF_maxPool_
 .bss.QF_pool_  0x00000000200009c0       0x3c spy/qf_dyn.o
                0x00000000200009c0                QF_pool_
 .bss.QF_maxPubSignal_
                0x00000000200009fc        0x4 spy/qf_ps.o
                0x00000000200009fc                QF_maxPubSignal_
 .bss.QF_subscrList_
                0x0000000020000a00        0x4 spy/qf_ps.o
                0x0000000020000a00                QF_subscrList_
 .bss.QF_timeEvtHead_
                0x0000000020000a04       0x20 spy/qf_time.o
                0x0000000020000a04                QF_timeEvtHead_
 .bss.QV_readySet_
                0x0000000020000a24        0x4 spy/qv.o
                0x0000000020000a24                QV_readySet_
 .bss.QS_priv_  0x0000000020000a28       0x3c spy/qs.o
                0x0000000020000a28                QS_priv_
 .bss.endian_test.0
                0x0000000020000a64        0x2 spy/qs.o
 *fill*         0x0000000020000a66        0x2 
 .bss.QS_rxPriv_
                0x0000000020000a68       0x28 spy/qs_rx.o
                0x0000000020000a68                QS_rxPriv_
 .bss.l_rx      0x0000000020000a90       0x18 spy/qs_rx.o
 *(COMMON)
                0x0000000020000aa8                . = ALIGN (0x4)
                0x0000000020000aa8                _ebss = .
                0x0000000020000aa8                __bss_end__ = _ebss

._user_heap_stack
                0x0000000020000aa8      0x600 load address 0x00000000080044f4
                0x0000000020000aa8                . = ALIGN (0x8)
                [!provide]                        PROVIDE (end = .)
                [!provide]                        PROVIDE (_end = .)
                0x0000000020000ca8                . = (. + _Min_Heap_Size)
 *fill*         0x0000000020000aa8      0x200 
                0x00000000200010a8                . = (. + _Min_Stack_Size)
 *fill*         0x0000000020000ca8      0x400 
                0x00000000200010a8                . = ALIGN (0x8)

/DISCARD/
 libc.a(*)
 libm.a(*)
 libgcc.a(*)

.ARM.attributes
                0x0000000000000000       0x2c
 *(.ARM.attributes)
 .ARM.attributes
                0x0000000000000000       0x1e /usr/share/gcc-arm-none-eabi-10.3-2021.10/bin/../lib/gcc/arm-none-eabi/10.3.1/thumb/v7e-m+dp/softfp/crti.o
 .ARM.attributes
                0x000000000000001e       0x30 /usr/share/gcc-arm-none-eabi-10.3-2021.10/bin/../lib/gcc/arm-none-eabi/10.3.1/thumb/v7e-m+dp/softfp/crtbegin.o
 .ARM.attributes
                0x000000000000004e       0x21 spy/startup_stm32f411xe.o
 .ARM.attributes
                0x000000000000006f       0x30 spy/bsp.o
 .ARM.attributes
                0x000000000000009f       0x30 spy/main.o
 .ARM.attributes
                0x00000000000000cf       0x30 spy/blinky.o
 .ARM.attributes
                0x00000000000000ff       0x30 spy/system_stm32f4xx.o
 .ARM.attributes
                0x000000000000012f       0x30 spy/stm32f4xx_hal_gpio.o
 .ARM.attributes
                0x000000000000015f       0x30 spy/stm32f4xx_hal_rcc.o
 .ARM.attributes
                0x000000000000018f       0x30 spy/stm32f4xx_hal_uart.o
 .ARM.attributes
                0x00000000000001bf       0x30 spy/stm32f4xx_hal.o
 .ARM.attributes
                0x00000000000001ef       0x30 spy/stm32f4xx_hal_cortex.o
 .ARM.attributes
                0x000000000000021f       0x30 spy/qep_hsm.o
 .ARM.attributes
                0x000000000000024f       0x30 spy/qf_act.o
 .ARM.attributes
                0x000000000000027f       0x30 spy/qf_actq.o
 .ARM.attributes
                0x00000000000002af       0x30 spy/qf_dyn.o
 .ARM.attributes
                0x00000000000002df       0x30 spy/qf_mem.o
 .ARM.attributes
                0x000000000000030f       0x30 spy/qf_ps.o
 .ARM.attributes
                0x000000000000033f       0x30 spy/qf_qact.o
 .ARM.attributes
                0x000000000000036f       0x30 spy/qf_qeq.o
 .ARM.attributes
                0x000000000000039f       0x30 spy/qf_time.o
 .ARM.attributes
                0x00000000000003cf       0x30 spy/qv.o
 .ARM.attributes
                0x00000000000003ff       0x30 spy/qv_port.o
 .ARM.attributes
                0x000000000000042f       0x30 spy/qs.o
 .ARM.attributes
                0x000000000000045f       0x30 spy/qs_rx.o
 .ARM.attributes
                0x000000000000048f       0x30 spy/qstamp.o
 .ARM.attributes
                0x00000000000004bf       0x1e /usr/share/gcc-arm-none-eabi-10.3-2021.10/bin/../lib/gcc/arm-none-eabi/10.3.1/thumb/v7e-m+dp/softfp/libgcc.a(_aeabi_uldivmod.o)
 .ARM.attributes
                0x00000000000004dd       0x30 /usr/share/gcc-arm-none-eabi-10.3-2021.10/bin/../lib/gcc/arm-none-eabi/10.3.1/thumb/v7e-m+dp/softfp/libgcc.a(_udivmoddi4.o)
 .ARM.attributes
                0x000000000000050d       0x1e /usr/share/gcc-arm-none-eabi-10.3-2021.10/bin/../lib/gcc/arm-none-eabi/10.3.1/thumb/v7e-m+dp/softfp/libgcc.a(_dvmd_tls.o)
 .ARM.attributes
                0x000000000000052b       0x30 /usr/share/gcc-arm-none-eabi-10.3-2021.10/bin/../lib/gcc/arm-none-eabi/10.3.1/../../../../arm-none-eabi/lib/thumb/v7e-m+dp/softfp/libc_nano.a(lib_a-init.o)
 .ARM.attributes
                0x000000000000055b       0x30 /usr/share/gcc-arm-none-eabi-10.3-2021.10/bin/../lib/gcc/arm-none-eabi/10.3.1/../../../../arm-none-eabi/lib/thumb/v7e-m+dp/softfp/libc_nano.a(lib_a-memset.o)
 .ARM.attributes
                0x000000000000058b       0x1e /usr/share/gcc-arm-none-eabi-10.3-2021.10/bin/../lib/gcc/arm-none-eabi/10.3.1/thumb/v7e-m+dp/softfp/crtn.o
OUTPUT(spy/blinky-qv.elf elf32-littlearm)
LOAD linker stubs
LOAD /usr/share/gcc-arm-none-eabi-10.3-2021.10/bin/../lib/gcc/arm-none-eabi/10.3.1/../../../../arm-none-eabi/lib/thumb/v7e-m+dp/softfp/libc.a
LOAD /usr/share/gcc-arm-none-eabi-10.3-2021.10/bin/../lib/gcc/arm-none-eabi/10.3.1/../../../../arm-none-eabi/lib/thumb/v7e-m+dp/softfp/libm.a
LOAD /usr/share/gcc-arm-none-eabi-10.3-2021.10/bin/../lib/gcc/arm-none-eabi/10.3.1/thumb/v7e-m+dp/softfp/libgcc.a

.debug_line     0x0000000000000000     0xccfb
 .debug_line    0x0000000000000000       0xa0 spy/startup_stm32f411xe.o
 .debug_line    0x00000000000000a0      0xa37 spy/bsp.o
 .debug_line    0x0000000000000ad7      0x1d2 spy/main.o
 .debug_line    0x0000000000000ca9      0x273 spy/blinky.o
 .debug_line    0x0000000000000f1c      0x296 spy/system_stm32f4xx.o
 .debug_line    0x00000000000011b2      0x72e spy/stm32f4xx_hal_gpio.o
 .debug_line    0x00000000000018e0      0xb3e spy/stm32f4xx_hal_rcc.o
 .debug_line    0x000000000000241e     0x4541 spy/stm32f4xx_hal_uart.o
 .debug_line    0x000000000000695f      0x5a2 spy/stm32f4xx_hal.o
 .debug_line    0x0000000000006f01      0x7a8 spy/stm32f4xx_hal_cortex.o
 .debug_line    0x00000000000076a9      0xb92 spy/qep_hsm.o
 .debug_line    0x000000000000823b      0x271 spy/qf_act.o
 .debug_line    0x00000000000084ac      0x6a8 spy/qf_actq.o
 .debug_line    0x0000000000008b54      0x4de spy/qf_dyn.o
 .debug_line    0x0000000000009032      0x4b7 spy/qf_mem.o
 .debug_line    0x00000000000094e9      0x447 spy/qf_ps.o
 .debug_line    0x0000000000009930      0x19a spy/qf_qact.o
 .debug_line    0x0000000000009aca      0x545 spy/qf_qeq.o
 .debug_line    0x000000000000a00f      0x6ea spy/qf_time.o
 .debug_line    0x000000000000a6f9      0x37d spy/qv.o
 .debug_line    0x000000000000aa76      0x165 spy/qv_port.o
 .debug_line    0x000000000000abdb     0x14f1 spy/qs.o
 .debug_line    0x000000000000c0cc      0xbe1 spy/qs_rx.o
 .debug_line    0x000000000000ccad       0x4e spy/qstamp.o

.debug_info     0x0000000000000000    0x16203
 .debug_info    0x0000000000000000       0x22 spy/startup_stm32f411xe.o
 .debug_info    0x0000000000000022     0x21e7 spy/bsp.o
 .debug_info    0x0000000000002209      0x9a0 spy/main.o
 .debug_info    0x0000000000002ba9      0x805 spy/blinky.o
 .debug_info    0x00000000000033ae      0x564 spy/system_stm32f4xx.o
 .debug_info    0x0000000000003912      0x7d4 spy/stm32f4xx_hal_gpio.o
 .debug_info    0x00000000000040e6      0xb4d spy/stm32f4xx_hal_rcc.o
 .debug_info    0x0000000000004c33     0x42d7 spy/stm32f4xx_hal_uart.o
 .debug_info    0x0000000000008f0a      0x982 spy/stm32f4xx_hal.o
 .debug_info    0x000000000000988c     0x1004 spy/stm32f4xx_hal_cortex.o
 .debug_info    0x000000000000a890     0x1673 spy/qep_hsm.o
 .debug_info    0x000000000000bf03      0x8f8 spy/qf_act.o
 .debug_info    0x000000000000c7fb     0x11e9 spy/qf_actq.o
 .debug_info    0x000000000000d9e4      0xbb7 spy/qf_dyn.o
 .debug_info    0x000000000000e59b      0x9c0 spy/qf_mem.o
 .debug_info    0x000000000000ef5b      0xeae spy/qf_ps.o
 .debug_info    0x000000000000fe09      0x5f2 spy/qf_qact.o
 .debug_info    0x00000000000103fb      0xaae spy/qf_qeq.o
 .debug_info    0x0000000000010ea9     0x113b spy/qf_time.o
 .debug_info    0x0000000000011fe4      0xdf9 spy/qv.o
 .debug_info    0x0000000000012ddd       0xc5 spy/qv_port.o
 .debug_info    0x0000000000012ea2     0x18e5 spy/qs.o
 .debug_info    0x0000000000014787     0x19ed spy/qs_rx.o
 .debug_info    0x0000000000016174       0x8f spy/qstamp.o

.debug_abbrev   0x0000000000000000     0x3cae
 .debug_abbrev  0x0000000000000000       0x12 spy/startup_stm32f411xe.o
 .debug_abbrev  0x0000000000000012      0x4c2 spy/bsp.o
 .debug_abbrev  0x00000000000004d4      0x23f spy/main.o
 .debug_abbrev  0x0000000000000713      0x280 spy/blinky.o
 .debug_abbrev  0x0000000000000993      0x119 spy/system_stm32f4xx.o
 .debug_abbrev  0x0000000000000aac      0x1ef spy/stm32f4xx_hal_gpio.o
 .debug_abbrev  0x0000000000000c9b      0x2a9 spy/stm32f4xx_hal_rcc.o
 .debug_abbrev  0x0000000000000f44      0x353 spy/stm32f4xx_hal_uart.o
 .debug_abbrev  0x0000000000001297      0x237 spy/stm32f4xx_hal.o
 .debug_abbrev  0x00000000000014ce      0x351 spy/stm32f4xx_hal_cortex.o
 .debug_abbrev  0x000000000000181f      0x403 spy/qep_hsm.o
 .debug_abbrev  0x0000000000001c22      0x24d spy/qf_act.o
 .debug_abbrev  0x0000000000001e6f      0x387 spy/qf_actq.o
 .debug_abbrev  0x00000000000021f6      0x2c9 spy/qf_dyn.o
 .debug_abbrev  0x00000000000024bf      0x285 spy/qf_mem.o
 .debug_abbrev  0x0000000000002744      0x2fc spy/qf_ps.o
 .debug_abbrev  0x0000000000002a40      0x1e0 spy/qf_qact.o
 .debug_abbrev  0x0000000000002c20      0x2a2 spy/qf_qeq.o
 .debug_abbrev  0x0000000000002ec2      0x367 spy/qf_time.o
 .debug_abbrev  0x0000000000003229      0x2c0 spy/qv.o
 .debug_abbrev  0x00000000000034e9       0x67 spy/qv_port.o
 .debug_abbrev  0x0000000000003550      0x342 spy/qs.o
 .debug_abbrev  0x0000000000003892      0x3c6 spy/qs_rx.o
 .debug_abbrev  0x0000000000003c58       0x56 spy/qstamp.o

.debug_aranges  0x0000000000000000      0xa08
 .debug_aranges
                0x0000000000000000       0x28 spy/startup_stm32f411xe.o
 .debug_aranges
                0x0000000000000028       0xe0 spy/bsp.o
 .debug_aranges
                0x0000000000000108       0x20 spy/main.o
 .debug_aranges
                0x0000000000000128       0x38 spy/blinky.o
 .debug_aranges
                0x0000000000000160       0x28 spy/system_stm32f4xx.o
 .debug_aranges
                0x0000000000000188       0x58 spy/stm32f4xx_hal_gpio.o
 .debug_aranges
                0x00000000000001e0       0x88 spy/stm32f4xx_hal_rcc.o
 .debug_aranges
                0x0000000000000268      0x1e8 spy/stm32f4xx_hal_uart.o
 .debug_aranges
                0x0000000000000450       0xf0 spy/stm32f4xx_hal.o
 .debug_aranges
                0x0000000000000540       0xa8 spy/stm32f4xx_hal_cortex.o
 .debug_aranges
                0x00000000000005e8       0x50 spy/qep_hsm.o
 .debug_aranges
                0x0000000000000638       0x30 spy/qf_act.o
 .debug_aranges
                0x0000000000000668       0x60 spy/qf_actq.o
 .debug_aranges
                0x00000000000006c8       0x48 spy/qf_dyn.o
 .debug_aranges
                0x0000000000000710       0x38 spy/qf_mem.o
 .debug_aranges
                0x0000000000000748       0x40 spy/qf_ps.o
 .debug_aranges
                0x0000000000000788       0x20 spy/qf_qact.o
 .debug_aranges
                0x00000000000007a8       0x38 spy/qf_qeq.o
 .debug_aranges
                0x00000000000007e0       0x58 spy/qf_time.o
 .debug_aranges
                0x0000000000000838       0x38 spy/qv.o
 .debug_aranges
                0x0000000000000870       0x20 spy/qv_port.o
 .debug_aranges
                0x0000000000000890       0xf8 spy/qs.o
 .debug_aranges
                0x0000000000000988       0x68 spy/qs_rx.o
 .debug_aranges
                0x00000000000009f0       0x18 spy/qstamp.o

.debug_str      0x0000000000000000     0x3b51
 .debug_str     0x0000000000000000       0xa3 spy/startup_stm32f411xe.o
 .debug_str     0x00000000000000a3     0x19e4 spy/bsp.o
                                       0x1b00 (size before relaxing)
 .debug_str     0x0000000000001a87      0x184 spy/main.o
                                        0xada (size before relaxing)
 .debug_str     0x0000000000001c0b      0x162 spy/blinky.o
                                        0x4e8 (size before relaxing)
 .debug_str     0x0000000000001d6d       0x7f spy/system_stm32f4xx.o
                                        0x3ab (size before relaxing)
 .debug_str     0x0000000000001dec      0x13f spy/stm32f4xx_hal_gpio.o
                                        0x502 (size before relaxing)
 .debug_str     0x0000000000001f2b      0x1a9 spy/stm32f4xx_hal_rcc.o
                                        0x728 (size before relaxing)
 .debug_str     0x00000000000020d4      0x640 spy/stm32f4xx_hal_uart.o
                                        0xd69 (size before relaxing)
 .debug_str     0x0000000000002714      0x2e8 spy/stm32f4xx_hal.o
                                        0xa24 (size before relaxing)
 .debug_str     0x00000000000029fc      0x41f spy/stm32f4xx_hal_cortex.o
                                        0xae5 (size before relaxing)
 .debug_str     0x0000000000002e1b      0x10d spy/qep_hsm.o
                                        0xc8b (size before relaxing)
 .debug_str     0x0000000000002f28       0x48 spy/qf_act.o
                                        0xa83 (size before relaxing)
 .debug_str     0x0000000000002f70      0x113 spy/qf_actq.o
                                        0xc58 (size before relaxing)
 .debug_str     0x0000000000003083      0x109 spy/qf_dyn.o
                                        0xade (size before relaxing)
 .debug_str     0x000000000000318c       0x51 spy/qf_mem.o
                                        0xa8e (size before relaxing)
 .debug_str     0x00000000000031dd       0xbe spy/qf_ps.o
                                        0xc37 (size before relaxing)
 .debug_str     0x000000000000329b       0x22 spy/qf_qact.o
                                        0x38d (size before relaxing)
 .debug_str     0x00000000000032bd       0x62 spy/qf_qeq.o
                                        0xa65 (size before relaxing)
 .debug_str     0x000000000000331f       0x9e spy/qf_time.o
                                        0xc50 (size before relaxing)
 .debug_str     0x00000000000033bd       0x51 spy/qv.o
                                        0xc49 (size before relaxing)
 .debug_str     0x000000000000340e       0x2f spy/qv_port.o
                                        0x1d5 (size before relaxing)
 .debug_str     0x000000000000343d      0x194 spy/qs.o
                                        0xd64 (size before relaxing)
 .debug_str     0x00000000000035d1      0x55e spy/qs_rx.o
                                       0x11c6 (size before relaxing)
 .debug_str     0x0000000000003b2f       0x22 spy/qstamp.o
                                        0x13c (size before relaxing)

.debug_ranges   0x0000000000000000      0xae8
 .debug_ranges  0x0000000000000000       0x20 spy/startup_stm32f411xe.o
 .debug_ranges  0x0000000000000020      0x150 spy/bsp.o
 .debug_ranges  0x0000000000000170       0x10 spy/main.o
 .debug_ranges  0x0000000000000180       0x28 spy/blinky.o
 .debug_ranges  0x00000000000001a8       0x18 spy/system_stm32f4xx.o
 .debug_ranges  0x00000000000001c0       0x48 spy/stm32f4xx_hal_gpio.o
 .debug_ranges  0x0000000000000208       0x90 spy/stm32f4xx_hal_rcc.o
 .debug_ranges  0x0000000000000298      0x208 spy/stm32f4xx_hal_uart.o
 .debug_ranges  0x00000000000004a0       0xe0 spy/stm32f4xx_hal.o
 .debug_ranges  0x0000000000000580       0xc8 spy/stm32f4xx_hal_cortex.o
 .debug_ranges  0x0000000000000648       0xa8 spy/qep_hsm.o
 .debug_ranges  0x00000000000006f0       0x20 spy/qf_act.o
 .debug_ranges  0x0000000000000710       0x50 spy/qf_actq.o
 .debug_ranges  0x0000000000000760       0x50 spy/qf_dyn.o
 .debug_ranges  0x00000000000007b0       0x28 spy/qf_mem.o
 .debug_ranges  0x00000000000007d8       0x48 spy/qf_ps.o
 .debug_ranges  0x0000000000000820       0x10 spy/qf_qact.o
 .debug_ranges  0x0000000000000830       0x40 spy/qf_qeq.o
 .debug_ranges  0x0000000000000870       0x80 spy/qf_time.o
 .debug_ranges  0x00000000000008f0       0x48 spy/qv.o
 .debug_ranges  0x0000000000000938       0x10 spy/qv_port.o
 .debug_ranges  0x0000000000000948       0xe8 spy/qs.o
 .debug_ranges  0x0000000000000a30       0xb8 spy/qs_rx.o

.debug_loc      0x0000000000000000     0xb2f9
 .debug_loc     0x0000000000000000      0x2ec spy/bsp.o
 .debug_loc     0x00000000000002ec      0x1dd spy/blinky.o
 .debug_loc     0x00000000000004c9      0x185 spy/system_stm32f4xx.o
 .debug_loc     0x000000000000064e      0x4db spy/stm32f4xx_hal_gpio.o
 .debug_loc     0x0000000000000b29      0x573 spy/stm32f4xx_hal_rcc.o
 .debug_loc     0x000000000000109c     0x4b4e spy/stm32f4xx_hal_uart.o
 .debug_loc     0x0000000000005bea      0x141 spy/stm32f4xx_hal.o
 .debug_loc     0x0000000000005d2b      0x655 spy/stm32f4xx_hal_cortex.o
 .debug_loc     0x0000000000006380      0xad0 spy/qep_hsm.o
 .debug_loc     0x0000000000006e50       0xec spy/qf_act.o
 .debug_loc     0x0000000000006f3c      0x70e spy/qf_actq.o
 .debug_loc     0x000000000000764a      0x4c9 spy/qf_dyn.o
 .debug_loc     0x0000000000007b13      0x548 spy/qf_mem.o
 .debug_loc     0x000000000000805b      0x3e6 spy/qf_ps.o
 .debug_loc     0x0000000000008441       0x64 spy/qf_qact.o
 .debug_loc     0x00000000000084a5      0x4d8 spy/qf_qeq.o
 .debug_loc     0x000000000000897d      0x5d4 spy/qf_time.o
 .debug_loc     0x0000000000008f51      0x26a spy/qv.o
 .debug_loc     0x00000000000091bb       0x1e spy/qv_port.o
 .debug_loc     0x00000000000091d9     0x1929 spy/qs.o
 .debug_loc     0x000000000000ab02      0x7f7 spy/qs_rx.o

.comment        0x0000000000000000       0x49
 .comment       0x0000000000000000       0x49 spy/bsp.o
                                         0x4a (size before relaxing)
 .comment       0x0000000000000049       0x4a spy/main.o
 .comment       0x0000000000000049       0x4a spy/blinky.o
 .comment       0x0000000000000049       0x4a spy/system_stm32f4xx.o
 .comment       0x0000000000000049       0x4a spy/stm32f4xx_hal_gpio.o
 .comment       0x0000000000000049       0x4a spy/stm32f4xx_hal_rcc.o
 .comment       0x0000000000000049       0x4a spy/stm32f4xx_hal_uart.o
 .comment       0x0000000000000049       0x4a spy/stm32f4xx_hal.o
 .comment       0x0000000000000049       0x4a spy/stm32f4xx_hal_cortex.o
 .comment       0x0000000000000049       0x4a spy/qep_hsm.o
 .comment       0x0000000000000049       0x4a spy/qf_act.o
 .comment       0x0000000000000049       0x4a spy/qf_actq.o
 .comment       0x0000000000000049       0x4a spy/qf_dyn.o
 .comment       0x0000000000000049       0x4a spy/qf_mem.o
 .comment       0x0000000000000049       0x4a spy/qf_ps.o
 .comment       0x0000000000000049       0x4a spy/qf_qact.o
 .comment       0x0000000000000049       0x4a spy/qf_qeq.o
 .comment       0x0000000000000049       0x4a spy/qf_time.o
 .comment       0x0000000000000049       0x4a spy/qv.o
 .comment       0x0000000000000049       0x4a spy/qv_port.o
 .comment       0x0000000000000049       0x4a spy/qs.o
 .comment       0x0000000000000049       0x4a spy/qs_rx.o
 .comment       0x0000000000000049       0x4a spy/qstamp.o

.debug_frame    0x0000000000000000     0x1954
 .debug_frame   0x0000000000000000      0x258 spy/bsp.o
 .debug_frame   0x0000000000000258       0x30 spy/main.o
 .debug_frame   0x0000000000000288       0x70 spy/blinky.o
 .debug_frame   0x00000000000002f8       0x30 spy/system_stm32f4xx.o
 .debug_frame   0x0000000000000328       0xd8 spy/stm32f4xx_hal_gpio.o
 .debug_frame   0x0000000000000400      0x170 spy/stm32f4xx_hal_rcc.o
 .debug_frame   0x0000000000000570      0x598 spy/stm32f4xx_hal_uart.o
 .debug_frame   0x0000000000000b08      0x1ec spy/stm32f4xx_hal.o
 .debug_frame   0x0000000000000cf4      0x148 spy/stm32f4xx_hal_cortex.o
 .debug_frame   0x0000000000000e3c       0xdc spy/qep_hsm.o
 .debug_frame   0x0000000000000f18       0x50 spy/qf_act.o
 .debug_frame   0x0000000000000f68      0x100 spy/qf_actq.o
 .debug_frame   0x0000000000001068       0xb0 spy/qf_dyn.o
 .debug_frame   0x0000000000001118       0x74 spy/qf_mem.o
 .debug_frame   0x000000000000118c       0xac spy/qf_ps.o
 .debug_frame   0x0000000000001238       0x2c spy/qf_qact.o
 .debug_frame   0x0000000000001264       0x78 spy/qf_qeq.o
 .debug_frame   0x00000000000012dc       0xd0 spy/qf_time.o
 .debug_frame   0x00000000000013ac       0x80 spy/qv.o
 .debug_frame   0x000000000000142c       0x20 spy/qv_port.o
 .debug_frame   0x000000000000144c      0x354 spy/qs.o
 .debug_frame   0x00000000000017a0      0x108 spy/qs_rx.o
 .debug_frame   0x00000000000018a8       0x2c /usr/share/gcc-arm-none-eabi-10.3-2021.10/bin/../lib/gcc/arm-none-eabi/10.3.1/thumb/v7e-m+dp/softfp/libgcc.a(_aeabi_uldivmod.o)
 .debug_frame   0x00000000000018d4       0x34 /usr/share/gcc-arm-none-eabi-10.3-2021.10/bin/../lib/gcc/arm-none-eabi/10.3.1/thumb/v7e-m+dp/softfp/libgcc.a(_udivmoddi4.o)
 .debug_frame   0x0000000000001908       0x2c /usr/share/gcc-arm-none-eabi-10.3-2021.10/bin/../lib/gcc/arm-none-eabi/10.3.1/../../../../arm-none-eabi/lib/thumb/v7e-m+dp/softfp/libc_nano.a(lib_a-init.o)
 .debug_frame   0x0000000000001934       0x20 /usr/share/gcc-arm-none-eabi-10.3-2021.10/bin/../lib/gcc/arm-none-eabi/10.3.1/../../../../arm-none-eabi/lib/thumb/v7e-m+dp/softfp/libc_nano.a(lib_a-memset.o)

Cross Reference Table

Symbol                                            File
ADC_IRQHandler                                    spy/startup_stm32f411xe.o
AHBPrescTable                                     spy/system_stm32f4xx.o
                                                  spy/stm32f4xx_hal_rcc.o
AO_Blinky                                         spy/blinky.o
                                                  spy/main.o
APBPrescTable                                     spy/system_stm32f4xx.o
                                                  spy/stm32f4xx_hal_rcc.o
BSP_init                                          spy/bsp.o
                                                  spy/main.o
BSP_ledoff                                        spy/bsp.o
                                                  spy/blinky.o
BSP_ledon                                         spy/bsp.o
                                                  spy/blinky.o
BSP_random                                        spy/bsp.o
BSP_randomSeed                                    spy/bsp.o
BSP_terminate                                     spy/bsp.o
BusFault_Handler                                  spy/startup_stm32f411xe.o
DMA1_Stream0_IRQHandler                           spy/startup_stm32f411xe.o
DMA1_Stream1_IRQHandler                           spy/startup_stm32f411xe.o
DMA1_Stream2_IRQHandler                           spy/startup_stm32f411xe.o
DMA1_Stream3_IRQHandler                           spy/startup_stm32f411xe.o
DMA1_Stream4_IRQHandler                           spy/startup_stm32f411xe.o
DMA1_Stream5_IRQHandler                           spy/startup_stm32f411xe.o
DMA1_Stream6_IRQHandler                           spy/startup_stm32f411xe.o
DMA1_Stream7_IRQHandler                           spy/startup_stm32f411xe.o
DMA2_Stream0_IRQHandler                           spy/startup_stm32f411xe.o
DMA2_Stream1_IRQHandler                           spy/startup_stm32f411xe.o
DMA2_Stream2_IRQHandler                           spy/startup_stm32f411xe.o
DMA2_Stream3_IRQHandler                           spy/startup_stm32f411xe.o
DMA2_Stream4_IRQHandler                           spy/startup_stm32f411xe.o
DMA2_Stream5_IRQHandler                           spy/startup_stm32f411xe.o
DMA2_Stream6_IRQHandler                           spy/startup_stm32f411xe.o
DMA2_Stream7_IRQHandler                           spy/startup_stm32f411xe.o
DebugMon_Handler                                  spy/startup_stm32f411xe.o
Default_Handler                                   spy/startup_stm32f411xe.o
EXTI0_IRQHandler                                  spy/startup_stm32f411xe.o
EXTI15_10_IRQHandler                              spy/startup_stm32f411xe.o
EXTI1_IRQHandler                                  spy/startup_stm32f411xe.o
EXTI2_IRQHandler                                  spy/startup_stm32f411xe.o
EXTI3_IRQHandler                                  spy/startup_stm32f411xe.o
EXTI4_IRQHandler                                  spy/startup_stm32f411xe.o
EXTI9_5_IRQHandler                                spy/startup_stm32f411xe.o
Error_Handler                                     spy/bsp.o
FLASH_IRQHandler                                  spy/startup_stm32f411xe.o
FPU_IRQHandler                                    spy/startup_stm32f411xe.o
HAL_DBGMCU_DisableDBGSleepMode                    spy/stm32f4xx_hal.o
HAL_DBGMCU_DisableDBGStandbyMode                  spy/stm32f4xx_hal.o
HAL_DBGMCU_DisableDBGStopMode                     spy/stm32f4xx_hal.o
HAL_DBGMCU_EnableDBGSleepMode                     spy/stm32f4xx_hal.o
HAL_DBGMCU_EnableDBGStandbyMode                   spy/stm32f4xx_hal.o
HAL_DBGMCU_EnableDBGStopMode                      spy/stm32f4xx_hal.o
HAL_DMA_Abort                                     spy/stm32f4xx_hal_uart.o
HAL_DMA_Abort_IT                                  spy/stm32f4xx_hal_uart.o
HAL_DMA_GetError                                  spy/stm32f4xx_hal_uart.o
HAL_DMA_Start_IT                                  spy/stm32f4xx_hal_uart.o
HAL_DeInit                                        spy/stm32f4xx_hal.o
HAL_Delay                                         spy/stm32f4xx_hal.o
HAL_DisableCompensationCell                       spy/stm32f4xx_hal.o
HAL_EnableCompensationCell                        spy/stm32f4xx_hal.o
HAL_GPIO_DeInit                                   spy/stm32f4xx_hal_gpio.o
                                                  spy/bsp.o
HAL_GPIO_EXTI_Callback                            spy/stm32f4xx_hal_gpio.o
HAL_GPIO_EXTI_IRQHandler                          spy/stm32f4xx_hal_gpio.o
HAL_GPIO_Init                                     spy/stm32f4xx_hal_gpio.o
                                                  spy/stm32f4xx_hal_rcc.o
                                                  spy/bsp.o
HAL_GPIO_LockPin                                  spy/stm32f4xx_hal_gpio.o
HAL_GPIO_ReadPin                                  spy/stm32f4xx_hal_gpio.o
HAL_GPIO_TogglePin                                spy/stm32f4xx_hal_gpio.o
HAL_GPIO_WritePin                                 spy/stm32f4xx_hal_gpio.o
                                                  spy/bsp.o
HAL_GetDEVID                                      spy/stm32f4xx_hal.o
HAL_GetHalVersion                                 spy/stm32f4xx_hal.o
HAL_GetREVID                                      spy/stm32f4xx_hal.o
HAL_GetTick                                       spy/stm32f4xx_hal.o
                                                  spy/stm32f4xx_hal_uart.o
                                                  spy/stm32f4xx_hal_rcc.o
HAL_GetTickFreq                                   spy/stm32f4xx_hal.o
HAL_GetTickPrio                                   spy/stm32f4xx_hal.o
HAL_GetUIDw0                                      spy/stm32f4xx_hal.o
HAL_GetUIDw1                                      spy/stm32f4xx_hal.o
HAL_GetUIDw2                                      spy/stm32f4xx_hal.o
HAL_HalfDuplex_EnableReceiver                     spy/stm32f4xx_hal_uart.o
HAL_HalfDuplex_EnableTransmitter                  spy/stm32f4xx_hal_uart.o
HAL_HalfDuplex_Init                               spy/stm32f4xx_hal_uart.o
HAL_IncTick                                       spy/stm32f4xx_hal.o
HAL_Init                                          spy/stm32f4xx_hal.o
                                                  spy/bsp.o
HAL_InitTick                                      spy/stm32f4xx_hal.o
                                                  spy/stm32f4xx_hal_rcc.o
HAL_LIN_Init                                      spy/stm32f4xx_hal_uart.o
HAL_LIN_SendBreak                                 spy/stm32f4xx_hal_uart.o
HAL_MPU_ConfigRegion                              spy/stm32f4xx_hal_cortex.o
HAL_MPU_Disable                                   spy/stm32f4xx_hal_cortex.o
HAL_MPU_Enable                                    spy/stm32f4xx_hal_cortex.o
HAL_MspDeInit                                     spy/stm32f4xx_hal.o
HAL_MspInit                                       spy/bsp.o
HAL_MultiProcessor_EnterMuteMode                  spy/stm32f4xx_hal_uart.o
HAL_MultiProcessor_ExitMuteMode                   spy/stm32f4xx_hal_uart.o
HAL_MultiProcessor_Init                           spy/stm32f4xx_hal_uart.o
HAL_NVIC_ClearPendingIRQ                          spy/stm32f4xx_hal_cortex.o
HAL_NVIC_DisableIRQ                               spy/stm32f4xx_hal_cortex.o
                                                  spy/bsp.o
HAL_NVIC_EnableIRQ                                spy/stm32f4xx_hal_cortex.o
                                                  spy/bsp.o
HAL_NVIC_GetActive                                spy/stm32f4xx_hal_cortex.o
HAL_NVIC_GetPendingIRQ                            spy/stm32f4xx_hal_cortex.o
HAL_NVIC_GetPriority                              spy/stm32f4xx_hal_cortex.o
HAL_NVIC_GetPriorityGrouping                      spy/stm32f4xx_hal_cortex.o
HAL_NVIC_SetPendingIRQ                            spy/stm32f4xx_hal_cortex.o
HAL_NVIC_SetPriority                              spy/stm32f4xx_hal_cortex.o
                                                  spy/stm32f4xx_hal.o
                                                  spy/bsp.o
HAL_NVIC_SetPriorityGrouping                      spy/stm32f4xx_hal_cortex.o
                                                  spy/stm32f4xx_hal.o
HAL_NVIC_SystemReset                              spy/stm32f4xx_hal_cortex.o
HAL_RCC_CSSCallback                               spy/stm32f4xx_hal_rcc.o
HAL_RCC_ClockConfig                               spy/stm32f4xx_hal_rcc.o
                                                  spy/bsp.o
HAL_RCC_DeInit                                    spy/stm32f4xx_hal_rcc.o
HAL_RCC_DisableCSS                                spy/stm32f4xx_hal_rcc.o
HAL_RCC_EnableCSS                                 spy/stm32f4xx_hal_rcc.o
HAL_RCC_GetClockConfig                            spy/stm32f4xx_hal_rcc.o
HAL_RCC_GetHCLKFreq                               spy/stm32f4xx_hal_rcc.o
                                                  spy/bsp.o
HAL_RCC_GetOscConfig                              spy/stm32f4xx_hal_rcc.o
HAL_RCC_GetPCLK1Freq                              spy/stm32f4xx_hal_rcc.o
                                                  spy/stm32f4xx_hal_uart.o
                                                  spy/bsp.o
HAL_RCC_GetPCLK2Freq                              spy/stm32f4xx_hal_rcc.o
                                                  spy/stm32f4xx_hal_uart.o
                                                  spy/bsp.o
HAL_RCC_GetSysClockFreq                           spy/stm32f4xx_hal_rcc.o
                                                  spy/bsp.o
HAL_RCC_MCOConfig                                 spy/stm32f4xx_hal_rcc.o
HAL_RCC_NMI_IRQHandler                            spy/stm32f4xx_hal_rcc.o
HAL_RCC_OscConfig                                 spy/stm32f4xx_hal_rcc.o
                                                  spy/bsp.o
HAL_ResumeTick                                    spy/stm32f4xx_hal.o
HAL_SYSTICK_CLKSourceConfig                       spy/stm32f4xx_hal_cortex.o
HAL_SYSTICK_Callback                              spy/stm32f4xx_hal_cortex.o
HAL_SYSTICK_Config                                spy/stm32f4xx_hal_cortex.o
                                                  spy/stm32f4xx_hal.o
HAL_SYSTICK_IRQHandler                            spy/stm32f4xx_hal_cortex.o
HAL_SetTickFreq                                   spy/stm32f4xx_hal.o
HAL_SuspendTick                                   spy/stm32f4xx_hal.o
HAL_UARTEx_ReceiveToIdle                          spy/stm32f4xx_hal_uart.o
HAL_UARTEx_ReceiveToIdle_DMA                      spy/stm32f4xx_hal_uart.o
HAL_UARTEx_ReceiveToIdle_IT                       spy/stm32f4xx_hal_uart.o
HAL_UARTEx_RxEventCallback                        spy/stm32f4xx_hal_uart.o
HAL_UART_Abort                                    spy/stm32f4xx_hal_uart.o
HAL_UART_AbortCpltCallback                        spy/stm32f4xx_hal_uart.o
HAL_UART_AbortReceive                             spy/stm32f4xx_hal_uart.o
HAL_UART_AbortReceiveCpltCallback                 spy/stm32f4xx_hal_uart.o
HAL_UART_AbortReceive_IT                          spy/stm32f4xx_hal_uart.o
HAL_UART_AbortTransmit                            spy/stm32f4xx_hal_uart.o
HAL_UART_AbortTransmitCpltCallback                spy/stm32f4xx_hal_uart.o
HAL_UART_AbortTransmit_IT                         spy/stm32f4xx_hal_uart.o
HAL_UART_Abort_IT                                 spy/stm32f4xx_hal_uart.o
HAL_UART_DMAPause                                 spy/stm32f4xx_hal_uart.o
HAL_UART_DMAResume                                spy/stm32f4xx_hal_uart.o
HAL_UART_DMAStop                                  spy/stm32f4xx_hal_uart.o
HAL_UART_DeInit                                   spy/stm32f4xx_hal_uart.o
HAL_UART_ErrorCallback                            spy/stm32f4xx_hal_uart.o
HAL_UART_GetError                                 spy/stm32f4xx_hal_uart.o
HAL_UART_GetState                                 spy/stm32f4xx_hal_uart.o
HAL_UART_IRQHandler                               spy/stm32f4xx_hal_uart.o
HAL_UART_Init                                     spy/stm32f4xx_hal_uart.o
                                                  spy/bsp.o
HAL_UART_MspDeInit                                spy/bsp.o
HAL_UART_MspInit                                  spy/bsp.o
HAL_UART_Receive                                  spy/stm32f4xx_hal_uart.o
HAL_UART_Receive_DMA                              spy/stm32f4xx_hal_uart.o
HAL_UART_Receive_IT                               spy/stm32f4xx_hal_uart.o
HAL_UART_RxCpltCallback                           spy/stm32f4xx_hal_uart.o
HAL_UART_RxHalfCpltCallback                       spy/stm32f4xx_hal_uart.o
HAL_UART_Transmit                                 spy/stm32f4xx_hal_uart.o
                                                  spy/bsp.o
HAL_UART_Transmit_DMA                             spy/stm32f4xx_hal_uart.o
HAL_UART_Transmit_IT                              spy/stm32f4xx_hal_uart.o
HAL_UART_TxCpltCallback                           spy/stm32f4xx_hal_uart.o
HAL_UART_TxHalfCpltCallback                       spy/stm32f4xx_hal_uart.o
HardFault_Handler                                 spy/startup_stm32f411xe.o
I2C1_ER_IRQHandler                                spy/startup_stm32f411xe.o
I2C1_EV_IRQHandler                                spy/startup_stm32f411xe.o
I2C2_ER_IRQHandler                                spy/startup_stm32f411xe.o
I2C2_EV_IRQHandler                                spy/startup_stm32f411xe.o
I2C3_ER_IRQHandler                                spy/startup_stm32f411xe.o
I2C3_EV_IRQHandler                                spy/startup_stm32f411xe.o
MemManage_Handler                                 spy/startup_stm32f411xe.o
NMI_Handler                                       spy/startup_stm32f411xe.o
OTG_FS_IRQHandler                                 spy/startup_stm32f411xe.o
OTG_FS_WKUP_IRQHandler                            spy/startup_stm32f411xe.o
PVD_IRQHandler                                    spy/startup_stm32f411xe.o
PendSV_Handler                                    spy/startup_stm32f411xe.o
QActive_ctor                                      spy/qf_qact.o
                                                  spy/qf_actq.o
                                                  spy/blinky.o
QActive_defer                                     spy/qf_defer.o
QActive_flushDeferred                             spy/qf_defer.o
QActive_get_                                      spy/qf_actq.o
                                                  spy/qv.o
QActive_postLIFO_                                 spy/qf_actq.o
                                                  spy/qf_qmact.o
                                                  spy/qf_qact.o
QActive_post_                                     spy/qf_actq.o
                                                  spy/qf_qmact.o
                                                  spy/qf_qact.o
QActive_recall                                    spy/qf_defer.o
QActive_start_                                    spy/qv.o
                                                  spy/qf_qmact.o
                                                  spy/qf_qact.o
                                                  spy/qf_actq.o
QActive_subscribe                                 spy/qf_ps.o
QActive_unsubscribe                               spy/qf_ps.o
QActive_unsubscribeAll                            spy/qf_ps.o
QEQueue_get                                       spy/qf_qeq.o
                                                  spy/qf_defer.o
QEQueue_init                                      spy/qf_qeq.o
                                                  spy/qv.o
QEQueue_post                                      spy/qf_qeq.o
                                                  spy/qf_defer.o
QEQueue_postLIFO                                  spy/qf_qeq.o
QF_QS_CRIT_ENTRY                                  spy/qs.o
QF_QS_CRIT_EXIT                                   spy/qs.o
QF_QS_ISR_ENTRY                                   spy/qs.o
QF_QS_ISR_EXIT                                    spy/qs.o
QF_active_                                        spy/qf_act.o
                                                  spy/qs_rx.o
                                                  spy/qv.o
                                                  spy/qf_ps.o
                                                  spy/qf_actq.o
QF_add_                                           spy/qf_act.o
                                                  spy/qv.o
QF_bzero                                          spy/qf_act.o
                                                  spy/qv.o
                                                  spy/qf_qmact.o
                                                  spy/qf_qact.o
                                                  spy/qf_ps.o
QF_deleteRef_                                     spy/qf_dyn.o
QF_gc                                             spy/qf_dyn.o
                                                  spy/qs_rx.o
                                                  spy/qv.o
                                                  spy/qf_ps.o
                                                  spy/qf_defer.o
                                                  spy/qf_actq.o
QF_getPoolMin                                     spy/qf_mem.o
QF_getQueueMin                                    spy/qf_actq.o
QF_init                                           spy/qv.o
                                                  spy/main.o
QF_maxPool_                                       spy/qf_dyn.o
                                                  spy/qv.o
                                                  spy/qf_mem.o
QF_maxPubSignal_                                  spy/qf_ps.o
                                                  spy/qv.o
QF_newRef_                                        spy/qf_dyn.o
QF_newX_                                          spy/qf_dyn.o
                                                  spy/qs_rx.o
QF_noTimeEvtsActiveX                              spy/qf_time.o
QF_onCleanup                                      spy/bsp.o
                                                  spy/qv.o
QF_onStartup                                      spy/bsp.o
                                                  spy/qv.o
QF_poolGetMaxBlockSize                            spy/qf_dyn.o
                                                  spy/qs_rx.o
QF_poolInit                                       spy/qf_dyn.o
QF_pool_                                          spy/qf_dyn.o
                                                  spy/qf_mem.o
QF_psInit                                         spy/qf_ps.o
QF_publish_                                       spy/qf_ps.o
                                                  spy/qs_rx.o
QF_remove_                                        spy/qf_act.o
QF_run                                            spy/qv.o
                                                  spy/main.o
QF_stop                                           spy/qv.o
QF_subscrList_                                    spy/qf_ps.o
                                                  spy/qv.o
QF_tickX_                                         spy/qf_time.o
                                                  spy/qs_rx.o
                                                  spy/qf_actq.o
                                                  spy/bsp.o
QF_timeEvtHead_                                   spy/qf_time.o
                                                  spy/qv.o
QHsm_childState_                                  spy/qep_hsm.o
QHsm_ctor                                         spy/qep_hsm.o
                                                  spy/qf_qact.o
QHsm_dispatch_                                    spy/qep_hsm.o
                                                  spy/qf_qact.o
QHsm_getStateHandler_                             spy/qep_hsm.o
                                                  spy/qf_qact.o
                                                  spy/qf_actq.o
QHsm_init_                                        spy/qep_hsm.o
                                                  spy/qf_qact.o
QHsm_isIn                                         spy/qep_hsm.o
QHsm_top                                          spy/qep_hsm.o
                                                  spy/blinky.o
QMActive_ctor                                     spy/qf_qmact.o
QMPool_get                                        spy/qf_mem.o
                                                  spy/qf_dyn.o
QMPool_init                                       spy/qf_mem.o
                                                  spy/qf_dyn.o
QMPool_put                                        spy/qf_mem.o
                                                  spy/qf_dyn.o
QMsm_childStateObj_                               spy/qep_msm.o
QMsm_ctor                                         spy/qep_msm.o
                                                  spy/qf_qmact.o
QMsm_dispatch_                                    spy/qep_msm.o
                                                  spy/qf_qmact.o
QMsm_getStateHandler_                             spy/qep_msm.o
                                                  spy/qf_qmact.o
QMsm_init_                                        spy/qep_msm.o
                                                  spy/qf_qmact.o
QMsm_isInState                                    spy/qep_msm.o
QP_versionStr                                     spy/qep_hsm.o
QS_2u8_raw_                                       spy/qs.o
                                                  spy/qv.o
                                                  spy/qf_time.o
                                                  spy/qf_qeq.o
                                                  spy/qf_ps.o
                                                  spy/qf_dyn.o
                                                  spy/qf_defer.o
                                                  spy/qf_actq.o
QS_ASSERTION                                      spy/qs.o
                                                  spy/bsp.o
QS_RX_PUT                                         spy/qs_rx.o
                                                  spy/bsp.o
QS_beginRec_                                      spy/qs.o
                                                  spy/qs_rx.o
                                                  spy/qv.o
                                                  spy/qf_time.o
                                                  spy/qf_qeq.o
                                                  spy/qf_ps.o
                                                  spy/qf_mem.o
                                                  spy/qf_dyn.o
                                                  spy/qf_defer.o
                                                  spy/qf_actq.o
                                                  spy/qep_msm.o
                                                  spy/qep_hsm.o
                                                  spy/bsp.o
QS_endRec_                                        spy/qs.o
                                                  spy/qs_rx.o
                                                  spy/qv.o
                                                  spy/qf_time.o
                                                  spy/qf_qeq.o
                                                  spy/qf_ps.o
                                                  spy/qf_mem.o
                                                  spy/qf_dyn.o
                                                  spy/qf_defer.o
                                                  spy/qf_actq.o
                                                  spy/qep_msm.o
                                                  spy/qep_hsm.o
                                                  spy/bsp.o
QS_f32_fmt_                                       spy/qs_fp.o
QS_f64_fmt_                                       spy/qs_fp.o
QS_fun_dict_pre_                                  spy/qs.o
QS_getBlock                                       spy/qs.o
QS_getByte                                        spy/qs.o
                                                  spy/bsp.o
QS_glbFilter_                                     spy/qs.o
                                                  spy/bsp.o
QS_initBuf                                        spy/qs.o
                                                  spy/bsp.o
QS_locFilter_                                     spy/qs.o
                                                  spy/qs_rx.o
QS_mem_fmt_                                       spy/qs.o
QS_obj_dict_pre_                                  spy/qs.o
                                                  spy/qf_dyn.o
                                                  spy/bsp.o
QS_obj_raw_                                       spy/qs.o
                                                  spy/qs_rx.o
                                                  spy/qf_time.o
                                                  spy/qf_qeq.o
                                                  spy/qf_ps.o
                                                  spy/qf_mem.o
                                                  spy/qf_defer.o
                                                  spy/qf_actq.o
                                                  spy/qep_msm.o
                                                  spy/qep_hsm.o
QS_onCleanup                                      spy/bsp.o
                                                  spy/qs.o
QS_onCommand                                      spy/bsp.o
                                                  spy/qs_rx.o
QS_onFlush                                        spy/bsp.o
                                                  spy/qs.o
                                                  spy/qv.o
QS_onGetTime                                      spy/bsp.o
                                                  spy/qs_rx.o
                                                  spy/qs.o
                                                  spy/qv.o
                                                  spy/qf_time.o
                                                  spy/qf_qeq.o
                                                  spy/qf_ps.o
                                                  spy/qf_mem.o
                                                  spy/qf_dyn.o
                                                  spy/qf_defer.o
                                                  spy/qf_actq.o
                                                  spy/qep_msm.o
                                                  spy/qep_hsm.o
QS_onReset                                        spy/bsp.o
                                                  spy/qs_rx.o
QS_onStartup                                      spy/bsp.o
QS_priv_                                          spy/qs.o
                                                  spy/qs_fp.o
                                                  spy/qs_rx.o
                                                  spy/qv.o
                                                  spy/qf_time.o
                                                  spy/qf_qeq.o
                                                  spy/qf_ps.o
                                                  spy/qf_mem.o
                                                  spy/qf_dyn.o
                                                  spy/qf_defer.o
                                                  spy/qf_actq.o
                                                  spy/qep_msm.o
                                                  spy/qep_hsm.o
                                                  spy/bsp.o
QS_queryCurrObj                                   spy/qs_rx.o
QS_rxGetNfree                                     spy/qs_rx.o
QS_rxInitBuf                                      spy/qs_rx.o
                                                  spy/bsp.o
QS_rxParse                                        spy/qs_rx.o
                                                  spy/bsp.o
QS_rxPriv_                                        spy/qs_rx.o
QS_setCurrObj                                     spy/qs_rx.o
QS_sig_dict_pre_                                  spy/qs.o
QS_str_fmt_                                       spy/qs.o
QS_str_raw_                                       spy/qs.o
                                                  spy/qs_rx.o
QS_target_info_pre_                               spy/qs.o
                                                  spy/qs_rx.o
QS_u16_fmt_                                       spy/qs.o
QS_u16_raw_                                       spy/qs.o
                                                  spy/qs_rx.o
                                                  spy/qf_time.o
                                                  spy/qf_qeq.o
                                                  spy/qf_ps.o
                                                  spy/qf_mem.o
                                                  spy/qf_dyn.o
                                                  spy/qf_defer.o
                                                  spy/qf_actq.o
                                                  spy/qep_msm.o
                                                  spy/qep_hsm.o
QS_u32_fmt_                                       spy/qs.o
                                                  spy/bsp.o
QS_u32_raw_                                       spy/qs.o
                                                  spy/qs_rx.o
                                                  spy/qv.o
                                                  spy/qf_time.o
                                                  spy/qf_qeq.o
                                                  spy/qf_ps.o
                                                  spy/qf_mem.o
                                                  spy/qf_dyn.o
                                                  spy/qf_defer.o
                                                  spy/qf_actq.o
                                                  spy/qep_msm.o
                                                  spy/qep_hsm.o
                                                  spy/bsp.o
QS_u8_fmt_                                        spy/qs.o
                                                  spy/bsp.o
QS_u8_raw_                                        spy/qs.o
                                                  spy/qs_rx.o
                                                  spy/qv.o
                                                  spy/qf_time.o
                                                  spy/qf_qeq.o
                                                  spy/qf_actq.o
QS_usr_dict_pre_                                  spy/qs.o
                                                  spy/bsp.o
QTicker_ctor                                      spy/qf_actq.o
QTimeEvt_armX                                     spy/qf_time.o
                                                  spy/blinky.o
QTimeEvt_ctorX                                    spy/qf_time.o
                                                  spy/blinky.o
QTimeEvt_currCtr                                  spy/qf_time.o
QTimeEvt_disarm                                   spy/qf_time.o
QTimeEvt_rearm                                    spy/qf_time.o
QTimeEvt_wasDisarmed                              spy/qf_time.o
QV_init                                           spy/qv_port.o
                                                  spy/qv.o
QV_onIdle                                         spy/bsp.o
                                                  spy/qv.o
QV_readySet_                                      spy/qv.o
                                                  spy/qf_actq.o
Q_BUILD_DATE                                      spy/qstamp.o
                                                  spy/qs.o
Q_BUILD_TIME                                      spy/qstamp.o
                                                  spy/qs.o
Q_onAssert                                        spy/bsp.o
                                                  spy/qs_rx.o
                                                  spy/qs.o
                                                  spy/qv.o
                                                  spy/qf_time.o
                                                  spy/qf_qeq.o
                                                  spy/qf_ps.o
                                                  spy/qf_mem.o
                                                  spy/qf_dyn.o
                                                  spy/qf_defer.o
                                                  spy/qf_actq.o
                                                  spy/qf_act.o
                                                  spy/qep_msm.o
                                                  spy/qep_hsm.o
                                                  spy/main.o
RCC_IRQHandler                                    spy/startup_stm32f411xe.o
RTC_Alarm_IRQHandler                              spy/startup_stm32f411xe.o
RTC_WKUP_IRQHandler                               spy/startup_stm32f411xe.o
Reset_Handler                                     spy/startup_stm32f411xe.o
SDIO_IRQHandler                                   spy/startup_stm32f411xe.o
SPI1_IRQHandler                                   spy/startup_stm32f411xe.o
SPI2_IRQHandler                                   spy/startup_stm32f411xe.o
SPI3_IRQHandler                                   spy/startup_stm32f411xe.o
SPI4_IRQHandler                                   spy/startup_stm32f411xe.o
SPI5_IRQHandler                                   spy/startup_stm32f411xe.o
SVC_Handler                                       spy/startup_stm32f411xe.o
SysTick_Handler                                   spy/bsp.o
                                                  spy/startup_stm32f411xe.o
SystemClock_Config                                spy/bsp.o
SystemCoreClock                                   spy/system_stm32f4xx.o
                                                  spy/stm32f4xx_hal.o
                                                  spy/stm32f4xx_hal_rcc.o
                                                  spy/bsp.o
SystemCoreClockUpdate                             spy/system_stm32f4xx.o
                                                  spy/bsp.o
SystemInit                                        spy/system_stm32f4xx.o
                                                  spy/startup_stm32f411xe.o
TAMP_STAMP_IRQHandler                             spy/startup_stm32f411xe.o
TIM1_BRK_TIM9_IRQHandler                          spy/startup_stm32f411xe.o
TIM1_CC_IRQHandler                                spy/startup_stm32f411xe.o
TIM1_TRG_COM_TIM11_IRQHandler                     spy/startup_stm32f411xe.o
TIM1_UP_TIM10_IRQHandler                          spy/startup_stm32f411xe.o
TIM2_IRQHandler                                   spy/startup_stm32f411xe.o
TIM3_IRQHandler                                   spy/startup_stm32f411xe.o
TIM4_IRQHandler                                   spy/startup_stm32f411xe.o
TIM5_IRQHandler                                   spy/startup_stm32f411xe.o
UART_Start_Receive_DMA                            spy/stm32f4xx_hal_uart.o
UART_Start_Receive_IT                             spy/stm32f4xx_hal_uart.o
USART1_IRQHandler                                 spy/startup_stm32f411xe.o
USART2_IRQHandler                                 spy/bsp.o
                                                  spy/startup_stm32f411xe.o
USART6_IRQHandler                                 spy/startup_stm32f411xe.o
UsageFault_Handler                                spy/startup_stm32f411xe.o
WWDG_IRQHandler                                   spy/startup_stm32f411xe.o
__aeabi_idiv0                                     /usr/share/gcc-arm-none-eabi-10.3-2021.10/bin/../lib/gcc/arm-none-eabi/10.3.1/thumb/v7e-m+dp/softfp/libgcc.a(_dvmd_tls.o)
__aeabi_ldiv0                                     /usr/share/gcc-arm-none-eabi-10.3-2021.10/bin/../lib/gcc/arm-none-eabi/10.3.1/thumb/v7e-m+dp/softfp/libgcc.a(_dvmd_tls.o)
                                                  /usr/share/gcc-arm-none-eabi-10.3-2021.10/bin/../lib/gcc/arm-none-eabi/10.3.1/thumb/v7e-m+dp/softfp/libgcc.a(_aeabi_uldivmod.o)
__aeabi_uldivmod                                  /usr/share/gcc-arm-none-eabi-10.3-2021.10/bin/../lib/gcc/arm-none-eabi/10.3.1/thumb/v7e-m+dp/softfp/libgcc.a(_aeabi_uldivmod.o)
                                                  spy/stm32f4xx_hal_uart.o
                                                  spy/stm32f4xx_hal_rcc.o
__bss_end__                                       /usr/share/gcc-arm-none-eabi-10.3-2021.10/bin/../lib/gcc/arm-none-eabi/10.3.1/../../../../arm-none-eabi/lib/thumb/v7e-m+dp/softfp/crt0.o
__bss_start__                                     /usr/share/gcc-arm-none-eabi-10.3-2021.10/bin/../lib/gcc/arm-none-eabi/10.3.1/../../../../arm-none-eabi/lib/thumb/v7e-m+dp/softfp/crt0.o
__call_exitprocs                                  /usr/share/gcc-arm-none-eabi-10.3-2021.10/bin/../lib/gcc/arm-none-eabi/10.3.1/../../../../arm-none-eabi/lib/thumb/v7e-m+dp/softfp/libc_nano.a(lib_a-exit.o)
__deregister_frame_info                           /usr/share/gcc-arm-none-eabi-10.3-2021.10/bin/../lib/gcc/arm-none-eabi/10.3.1/thumb/v7e-m+dp/softfp/crtbegin.o
__dso_handle                                      /usr/share/gcc-arm-none-eabi-10.3-2021.10/bin/../lib/gcc/arm-none-eabi/10.3.1/thumb/v7e-m+dp/softfp/crtbegin.o
__init_array_end                                  /usr/share/gcc-arm-none-eabi-10.3-2021.10/bin/../lib/gcc/arm-none-eabi/10.3.1/../../../../arm-none-eabi/lib/thumb/v7e-m+dp/softfp/libc_nano.a(lib_a-init.o)
__init_array_start                                /usr/share/gcc-arm-none-eabi-10.3-2021.10/bin/../lib/gcc/arm-none-eabi/10.3.1/../../../../arm-none-eabi/lib/thumb/v7e-m+dp/softfp/libc_nano.a(lib_a-init.o)
__io_putchar                                      spy/bsp.o
__libc_fini_array                                 /usr/share/gcc-arm-none-eabi-10.3-2021.10/bin/../lib/gcc/arm-none-eabi/10.3.1/../../../../arm-none-eabi/lib/thumb/v7e-m+dp/softfp/crt0.o
__libc_init_array                                 /usr/share/gcc-arm-none-eabi-10.3-2021.10/bin/../lib/gcc/arm-none-eabi/10.3.1/../../../../arm-none-eabi/lib/thumb/v7e-m+dp/softfp/libc_nano.a(lib_a-init.o)
                                                  spy/startup_stm32f411xe.o
                                                  /usr/share/gcc-arm-none-eabi-10.3-2021.10/bin/../lib/gcc/arm-none-eabi/10.3.1/../../../../arm-none-eabi/lib/thumb/v7e-m+dp/softfp/crt0.o
__preinit_array_end                               /usr/share/gcc-arm-none-eabi-10.3-2021.10/bin/../lib/gcc/arm-none-eabi/10.3.1/../../../../arm-none-eabi/lib/thumb/v7e-m+dp/softfp/libc_nano.a(lib_a-init.o)
__preinit_array_start                             /usr/share/gcc-arm-none-eabi-10.3-2021.10/bin/../lib/gcc/arm-none-eabi/10.3.1/../../../../arm-none-eabi/lib/thumb/v7e-m+dp/softfp/libc_nano.a(lib_a-init.o)
__register_frame_info                             /usr/share/gcc-arm-none-eabi-10.3-2021.10/bin/../lib/gcc/arm-none-eabi/10.3.1/thumb/v7e-m+dp/softfp/crtbegin.o
__sf_fake_stderr                                  /usr/share/gcc-arm-none-eabi-10.3-2021.10/bin/../lib/gcc/arm-none-eabi/10.3.1/../../../../arm-none-eabi/lib/thumb/v7e-m+dp/softfp/libc_nano.a(lib_a-impure.o)
__sf_fake_stdin                                   /usr/share/gcc-arm-none-eabi-10.3-2021.10/bin/../lib/gcc/arm-none-eabi/10.3.1/../../../../arm-none-eabi/lib/thumb/v7e-m+dp/softfp/libc_nano.a(lib_a-impure.o)
__sf_fake_stdout                                  /usr/share/gcc-arm-none-eabi-10.3-2021.10/bin/../lib/gcc/arm-none-eabi/10.3.1/../../../../arm-none-eabi/lib/thumb/v7e-m+dp/softfp/libc_nano.a(lib_a-impure.o)
__stack                                           /usr/share/gcc-arm-none-eabi-10.3-2021.10/bin/../lib/gcc/arm-none-eabi/10.3.1/../../../../arm-none-eabi/lib/thumb/v7e-m+dp/softfp/crt0.o
__udivmoddi4                                      /usr/share/gcc-arm-none-eabi-10.3-2021.10/bin/../lib/gcc/arm-none-eabi/10.3.1/thumb/v7e-m+dp/softfp/libgcc.a(_udivmoddi4.o)
                                                  /usr/share/gcc-arm-none-eabi-10.3-2021.10/bin/../lib/gcc/arm-none-eabi/10.3.1/thumb/v7e-m+dp/softfp/libgcc.a(_aeabi_uldivmod.o)
_ebss                                             spy/startup_stm32f411xe.o
_edata                                            spy/startup_stm32f411xe.o
_estack                                           spy/startup_stm32f411xe.o
_exit                                             /usr/share/gcc-arm-none-eabi-10.3-2021.10/bin/../lib/gcc/arm-none-eabi/10.3.1/../../../../arm-none-eabi/lib/thumb/v7e-m+dp/softfp/libnosys.a(_exit.o)