Archive member included to satisfy reference by file (symbol)

/usr/share/gcc-arm-none-eabi-10.3-2021.10/bin/../lib/gcc/arm-none-eabi/10.3.1/../../../../arm-none-eabi/lib/thumb/v7e-m+dp/softfp/libc_nano.a(lib_a-exit.o)
                              /usr/share/gcc-arm-none-eabi-10.3-2021.10/bin/../lib/gcc/arm-none-eabi/10.3.1/../../../../arm-none-eabi/lib/thumb/v7e-m+dp/softfp/crt0.o (exit)
/usr/share/gcc-arm-none-eabi-10.3-2021.10/bin/../lib/gcc/arm-none-eabi/10.3.1/../../../../arm-none-eabi/lib/thumb/v7e-m+dp/softfp/libc_nano.a(lib_a-impure.o)
                              /usr/share/gcc-arm-none-eabi-10.3-2021.10/bin/../lib/gcc/arm-none-eabi/10.3.1/../../../../arm-none-eabi/lib/thumb/v7e-m+dp/softfp/libc_nano.a(lib_a-exit.o) (_global_impure_ptr)
/usr/share/gcc-arm-none-eabi-10.3-2021.10/bin/../lib/gcc/arm-none-eabi/10.3.1/../../../../arm-none-eabi/lib/thumb/v7e-m+dp/softfp/libc_nano.a(lib_a-init.o)
                              /usr/share/gcc-arm-none-eabi-10.3-2021.10/bin/../lib/gcc/arm-none-eabi/10.3.1/../../../../arm-none-eabi/lib/thumb/v7e-m+dp/softfp/crt0.o (__libc_init_array)
/usr/share/gcc-arm-none-eabi-10.3-2021.10/bin/../lib/gcc/arm-none-eabi/10.3.1/../../../../arm-none-eabi/lib/thumb/v7e-m+dp/softfp/libc_nano.a(lib_a-memset.o)
                              /usr/share/gcc-arm-none-eabi-10.3-2021.10/bin/../lib/gcc/arm-none-eabi/10.3.1/../../../../arm-none-eabi/lib/thumb/v7e-m+dp/softfp/crt0.o (memset)
/usr/share/gcc-arm-none-eabi-10.3-2021.10/bin/../lib/gcc/arm-none-eabi/10.3.1/../../../../arm-none-eabi/lib/thumb/v7e-m+dp/softfp/libnosys.a(_exit.o)
                              /usr/share/gcc-arm-none-eabi-10.3-2021.10/bin/../lib/gcc/arm-none-eabi/10.3.1/../../../../arm-none-eabi/lib/thumb/v7e-m+dp/softfp/libc_nano.a(lib_a-exit.o) (_exit)

Discarded input sections

 .text          0x0000000000000000        0x0 /usr/share/gcc-arm-none-eabi-10.3-2021.10/bin/../lib/gcc/arm-none-eabi/10.3.1/thumb/v7e-m+dp/softfp/crti.o
 .data          0x0000000000000000        0x0 /usr/share/gcc-arm-none-eabi-10.3-2021.10/bin/../lib/gcc/arm-none-eabi/10.3.1/thumb/v7e-m+dp/softfp/crti.o
 .bss           0x0000000000000000        0x0 /usr/share/gcc-arm-none-eabi-10.3-2021.10/bin/../lib/gcc/arm-none-eabi/10.3.1/thumb/v7e-m+dp/softfp/crti.o
 .data          0x0000000000000000        0x4 /usr/share/gcc-arm-none-eabi-10.3-2021.10/bin/../lib/gcc/arm-none-eabi/10.3.1/thumb/v7e-m+dp/softfp/crtbegin.o
 .rodata        0x0000000000000000       0x24 /usr/share/gcc-arm-none-eabi-10.3-2021.10/bin/../lib/gcc/arm-none-eabi/10.3.1/thumb/v7e-m+dp/softfp/crtbegin.o
 .text          0x0000000000000000       0x7c /usr/share/gcc-arm-none-eabi-10.3-2021.10/bin/../lib/gcc/arm-none-eabi/10.3.1/../../../../arm-none-eabi/lib/thumb/v7e-m+dp/softfp/crt0.o
 .data          0x0000000000000000        0x0 /usr/share/gcc-arm-none-eabi-10.3-2021.10/bin/../lib/gcc/arm-none-eabi/10.3.1/../../../../arm-none-eabi/lib/thumb/v7e-m+dp/softfp/crt0.o
 .bss           0x0000000000000000        0x0 /usr/share/gcc-arm-none-eabi-10.3-2021.10/bin/../lib/gcc/arm-none-eabi/10.3.1/../../../../arm-none-eabi/lib/thumb/v7e-m+dp/softfp/crt0.o
 .ARM.extab     0x0000000000000000        0x0 /usr/share/gcc-arm-none-eabi-10.3-2021.10/bin/../lib/gcc/arm-none-eabi/10.3.1/../../../../arm-none-eabi/lib/thumb/v7e-m+dp/softfp/crt0.o
 .ARM.exidx     0x0000000000000000       0x10 /usr/share/gcc-arm-none-eabi-10.3-2021.10/bin/../lib/gcc/arm-none-eabi/10.3.1/../../../../arm-none-eabi/lib/thumb/v7e-m+dp/softfp/crt0.o
 .ARM.attributes
                0x0000000000000000       0x1c /usr/share/gcc-arm-none-eabi-10.3-2021.10/bin/../lib/gcc/arm-none-eabi/10.3.1/../../../../arm-none-eabi/lib/thumb/v7e-m+dp/softfp/crt0.o
 .text          0x0000000000000000        0x0 dbg/bsp.o
 .data          0x0000000000000000        0x0 dbg/bsp.o
 .bss           0x0000000000000000        0x0 dbg/bsp.o
 .text.BSP_ledOn
                0x0000000000000000       0x10 dbg/bsp.o
 .text.BSP_ledOff
                0x0000000000000000       0x10 dbg/bsp.o
 .text.BSP_randomSeed
                0x0000000000000000        0xc dbg/bsp.o
 .text.BSP_terminate
                0x0000000000000000        0x2 dbg/bsp.o
 .text.QF_onCleanup
                0x0000000000000000        0x2 dbg/bsp.o
 .text          0x0000000000000000        0x0 dbg/main.o
 .data          0x0000000000000000        0x0 dbg/main.o
 .bss           0x0000000000000000        0x0 dbg/main.o
 .text          0x0000000000000000        0x0 dbg/philo.o
 .data          0x0000000000000000        0x0 dbg/philo.o
 .bss           0x0000000000000000        0x0 dbg/philo.o
 .text          0x0000000000000000        0x0 dbg/table.o
 .data          0x0000000000000000        0x0 dbg/table.o
 .bss           0x0000000000000000        0x0 dbg/table.o
 .text          0x0000000000000000        0x0 dbg/system_stm32f4xx.o
 .data          0x0000000000000000        0x0 dbg/system_stm32f4xx.o
 .bss           0x0000000000000000        0x0 dbg/system_stm32f4xx.o
[...]
Memory Configuration

Name             Origin             Length             Attributes
ROM              0x0000000008000000 0x0000000000100000 xr
RAM              0x0000000020000000 0x0000000000020000 xrw
*default*        0x0000000000000000 0xffffffffffffffff

Linker script and memory map

LOAD /usr/share/gcc-arm-none-eabi-10.3-2021.10/bin/../lib/gcc/arm-none-eabi/10.3.1/thumb/v7e-m+dp/softfp/crti.o
LOAD /usr/share/gcc-arm-none-eabi-10.3-2021.10/bin/../lib/gcc/arm-none-eabi/10.3.1/thumb/v7e-m+dp/softfp/crtbegin.o
LOAD /usr/share/gcc-arm-none-eabi-10.3-2021.10/bin/../lib/gcc/arm-none-eabi/10.3.1/../../../../arm-none-eabi/lib/thumb/v7e-m+dp/softfp/crt0.o
LOAD dbg/bsp.o
LOAD dbg/main.o
LOAD dbg/philo.o
LOAD dbg/table.o
LOAD dbg/system_stm32f4xx.o
LOAD dbg/startup_stm32f4xx.o
LOAD dbg/stm32f4xx_gpio.o
LOAD dbg/stm32f4xx_rcc.o
LOAD dbg/stm32f4xx_usart.o
LOAD dbg/qep_hsm.o
LOAD dbg/qep_msm.o
LOAD dbg/qf_act.o
LOAD dbg/qf_actq.o
LOAD dbg/qf_defer.o
LOAD dbg/qf_dyn.o
LOAD dbg/qf_mem.o
LOAD dbg/qf_ps.o
LOAD dbg/qf_qact.o
LOAD dbg/qf_qeq.o
LOAD dbg/qf_qmact.o
LOAD dbg/qf_time.o
LOAD dbg/qv.o
LOAD dbg/qv_port.o
LOAD dbg/qstamp.o
START GROUP
LOAD /usr/share/gcc-arm-none-eabi-10.3-2021.10/bin/../lib/gcc/arm-none-eabi/10.3.1/thumb/v7e-m+dp/softfp/libgcc.a
LOAD /usr/share/gcc-arm-none-eabi-10.3-2021.10/bin/../lib/gcc/arm-none-eabi/10.3.1/../../../../arm-none-eabi/lib/thumb/v7e-m+dp/softfp/libc_nano.a
END GROUP
START GROUP
LOAD /usr/share/gcc-arm-none-eabi-10.3-2021.10/bin/../lib/gcc/arm-none-eabi/10.3.1/thumb/v7e-m+dp/softfp/libgcc.a
LOAD /usr/share/gcc-arm-none-eabi-10.3-2021.10/bin/../lib/gcc/arm-none-eabi/10.3.1/../../../../arm-none-eabi/lib/thumb/v7e-m+dp/softfp/libc_nano.a
LOAD /usr/share/gcc-arm-none-eabi-10.3-2021.10/bin/../lib/gcc/arm-none-eabi/10.3.1/../../../../arm-none-eabi/lib/thumb/v7e-m+dp/softfp/libnosys.a
END GROUP
START GROUP
LOAD /usr/share/gcc-arm-none-eabi-10.3-2021.10/bin/../lib/gcc/arm-none-eabi/10.3.1/thumb/v7e-m+dp/softfp/libgcc.a
LOAD /usr/share/gcc-arm-none-eabi-10.3-2021.10/bin/../lib/gcc/arm-none-eabi/10.3.1/../../../../arm-none-eabi/lib/thumb/v7e-m+dp/softfp/libc_nano.a
LOAD /usr/share/gcc-arm-none-eabi-10.3-2021.10/bin/../lib/gcc/arm-none-eabi/10.3.1/../../../../arm-none-eabi/lib/thumb/v7e-m+dp/softfp/libnosys.a
END GROUP
LOAD /usr/share/gcc-arm-none-eabi-10.3-2021.10/bin/../lib/gcc/arm-none-eabi/10.3.1/thumb/v7e-m+dp/softfp/crtend.o
LOAD /usr/share/gcc-arm-none-eabi-10.3-2021.10/bin/../lib/gcc/arm-none-eabi/10.3.1/thumb/v7e-m+dp/softfp/crtn.o
                0x0000000000000400                STACK_SIZE = 0x400
                0x0000000000000000                HEAP_SIZE = 0x0

.isr_vector     0x0000000008000000      0x188
 *(.isr_vector)
 .isr_vector    0x0000000008000000      0x188 dbg/startup_stm32f4xx.o
                0x0000000008000000                g_pfnVectors
                0x0000000008000188                . = ALIGN (0x4)

.eh_frame       0x0000000008000188        0x0
 .eh_frame      0x0000000008000188        0x0 /usr/share/gcc-arm-none-eabi-10.3-2021.10/bin/../lib/gcc/arm-none-eabi/10.3.1/thumb/v7e-m+dp/softfp/crtbegin.o

.text           0x0000000008000188     0x1a60
                0x0000000008000188                . = ALIGN (0x4)
 *(.text)
 .text          0x0000000008000188       0x40 /usr/share/gcc-arm-none-eabi-10.3-2021.10/bin/../lib/gcc/arm-none-eabi/10.3.1/thumb/v7e-m+dp/softfp/crtbegin.o
 *(.text*)
 .text.SysTick_Handler
                0x00000000080001c8       0x4c dbg/bsp.o
                0x00000000080001c8                SysTick_Handler
 .text.USART2_IRQHandler
                0x0000000008000214        0x2 dbg/bsp.o
                0x0000000008000214                USART2_IRQHandler
 *fill*         0x0000000008000216        0x2 
 .text.BSP_init
                0x0000000008000218       0xc4 dbg/bsp.o
                0x0000000008000218                BSP_init
 .text.BSP_displayPhilStat
                0x00000000080002dc       0x28 dbg/bsp.o
                0x00000000080002dc                BSP_displayPhilStat
 .text.BSP_displayPaused
                0x0000000008000304       0x1c dbg/bsp.o
                0x0000000008000304                BSP_displayPaused
 .text.BSP_random
                0x0000000008000320       0x38 dbg/bsp.o
                0x0000000008000320                BSP_random
 .text.QF_onStartup
                0x0000000008000358       0x60 dbg/bsp.o
                0x0000000008000358                QF_onStartup
 .text.QV_onIdle
                0x00000000080003b8       0x20 dbg/bsp.o
                0x00000000080003b8                QV_onIdle
 .text.Q_onAssert
                0x00000000080003d8       0x24 dbg/bsp.o
                0x00000000080003d8                Q_onAssert
 .text.main     0x00000000080003fc       0xd8 dbg/main.o
                0x00000000080003fc                main
 .text.Philo_initial
                0x00000000080004d4       0x30 dbg/philo.o
 .text.Philo_thinking
                0x0000000008000504       0x98 dbg/philo.o
 .text.Philo_hungry
                0x000000000800059c       0xa0 dbg/philo.o
 .text.Philo_eating
                0x000000000800063c       0xac dbg/philo.o
 .text.Philo_ctor
                0x00000000080006e8       0x38 dbg/philo.o
                0x00000000080006e8                Philo_ctor
 .text.Table_initial
                0x0000000008000720       0x58 dbg/table.o
 .text.Table_serving
                0x0000000008000778      0x264 dbg/table.o
 .text.Table_active
                0x00000000080009dc       0x28 dbg/table.o
 .text.Table_paused
                0x0000000008000a04       0xe4 dbg/table.o
 .text.Table_ctor
                0x0000000008000ae8       0x40 dbg/table.o
                0x0000000008000ae8                Table_ctor
 .text.SystemInit
                0x0000000008000b28      0x104 dbg/system_stm32f4xx.o
                0x0000000008000b28                SystemInit
 .text.SystemCoreClockUpdate
                0x0000000008000c2c       0xa0 dbg/system_stm32f4xx.o
                0x0000000008000c2c                SystemCoreClockUpdate
 .text.NMI_Handler
                0x0000000008000ccc       0x14 dbg/startup_stm32f4xx.o
                0x0000000008000ccc                NMI_Handler
 .text.MemManage_Handler
                0x0000000008000ce0       0x18 dbg/startup_stm32f4xx.o
                0x0000000008000ce0                MemManage_Handler
 .text.HardFault_Handler
                0x0000000008000cf8       0x18 dbg/startup_stm32f4xx.o
                0x0000000008000cf8                HardFault_Handler
 .text.BusFault_Handler
                0x0000000008000d10       0x18 dbg/startup_stm32f4xx.o
                0x0000000008000d10                BusFault_Handler
 .text.UsageFault_Handler
                0x0000000008000d28       0x1c dbg/startup_stm32f4xx.o
                0x0000000008000d28                UsageFault_Handler
 .text.Default_Handler
                0x0000000008000d44       0x18 dbg/startup_stm32f4xx.o
                0x0000000008000d44                RTC_Alarm_IRQHandler
                0x0000000008000d44                HASH_RNG_IRQHandler
                0x0000000008000d44                EXTI2_IRQHandler
                0x0000000008000d44                TIM8_CC_IRQHandler
                0x0000000008000d44                DebugMon_Handler
                0x0000000008000d44                TIM1_CC_IRQHandler
                0x0000000008000d44                DMA2_Stream5_IRQHandler
                0x0000000008000d44                DMA1_Stream5_IRQHandler
                0x0000000008000d44                PVD_IRQHandler
                0x0000000008000d44                SDIO_IRQHandler
                0x0000000008000d44                TAMP_STAMP_IRQHandler
                0x0000000008000d44                PendSV_Handler
                0x0000000008000d44                CAN2_RX1_IRQHandler
                0x0000000008000d44                EXTI3_IRQHandler
                0x0000000008000d44                TIM8_TRG_COM_TIM14_IRQHandler
                0x0000000008000d44                TIM1_UP_TIM10_IRQHandler
                0x0000000008000d44                TIM8_UP_TIM13_IRQHandler
                0x0000000008000d44                I2C3_ER_IRQHandler
                0x0000000008000d44                EXTI0_IRQHandler
                0x0000000008000d44                I2C2_EV_IRQHandler
                0x0000000008000d44                DMA1_Stream2_IRQHandler
                0x0000000008000d44                CAN1_RX0_IRQHandler
                0x0000000008000d44                FPU_IRQHandler
                0x0000000008000d44                OTG_HS_WKUP_IRQHandler
                0x0000000008000d44                CAN2_SCE_IRQHandler
                0x0000000008000d44                DMA2_Stream2_IRQHandler
                0x0000000008000d44                SPI1_IRQHandler
                0x0000000008000d44                TIM6_DAC_IRQHandler
                0x0000000008000d44                TIM1_BRK_TIM9_IRQHandler
                0x0000000008000d44                DCMI_IRQHandler
                0x0000000008000d44                CAN2_RX0_IRQHandler
                0x0000000008000d44                DMA2_Stream3_IRQHandler
                0x0000000008000d44                USART6_IRQHandler
                0x0000000008000d44                USART3_IRQHandler
                0x0000000008000d44                CRYP_IRQHandler
                0x0000000008000d44                CAN1_RX1_IRQHandler
                0x0000000008000d44                UART5_IRQHandler
                0x0000000008000d44                DMA2_Stream0_IRQHandler
                0x0000000008000d44                TIM4_IRQHandler
                0x0000000008000d44                I2C1_EV_IRQHandler
                0x0000000008000d44                DMA1_Stream6_IRQHandler
                0x0000000008000d44                DMA1_Stream1_IRQHandler
                0x0000000008000d44                UART4_IRQHandler
                0x0000000008000d44                TIM3_IRQHandler
                0x0000000008000d44                RCC_IRQHandler
                0x0000000008000d44                TIM8_BRK_TIM12_IRQHandler
                0x0000000008000d44                Default_Handler
                0x0000000008000d44                EXTI15_10_IRQHandler
                0x0000000008000d44                ADC_IRQHandler
                0x0000000008000d44                DMA1_Stream7_IRQHandler
                0x0000000008000d44                TIM7_IRQHandler
                0x0000000008000d44                CAN2_TX_IRQHandler
                0x0000000008000d44                TIM5_IRQHandler
                0x0000000008000d44                DMA2_Stream7_IRQHandler
                0x0000000008000d44                I2C3_EV_IRQHandler
                0x0000000008000d44                EXTI9_5_IRQHandler
                0x0000000008000d44                RTC_WKUP_IRQHandler
                0x0000000008000d44                ETH_WKUP_IRQHandler
                0x0000000008000d44                SPI2_IRQHandler
                0x0000000008000d44                OTG_HS_EP1_IN_IRQHandler
                0x0000000008000d44                DMA1_Stream0_IRQHandler
                0x0000000008000d44                CAN1_TX_IRQHandler
                0x0000000008000d44                SVC_Handler
                0x0000000008000d44                EXTI4_IRQHandler
                0x0000000008000d44                FSMC_IRQHandler
                0x0000000008000d44                ETH_IRQHandler
                0x0000000008000d44                OTG_HS_EP1_OUT_IRQHandler
                0x0000000008000d44                WWDG_IRQHandler
                0x0000000008000d44                TIM2_IRQHandler
                0x0000000008000d44                OTG_FS_WKUP_IRQHandler
                0x0000000008000d44                TIM1_TRG_COM_TIM11_IRQHandler
                0x0000000008000d44                OTG_HS_IRQHandler
                0x0000000008000d44                EXTI1_IRQHandler
                0x0000000008000d44                I2C2_ER_IRQHandler
                0x0000000008000d44                DMA2_Stream1_IRQHandler
                0x0000000008000d44                CAN1_SCE_IRQHandler
                0x0000000008000d44                FLASH_IRQHandler
                0x0000000008000d44                DMA2_Stream4_IRQHandler
                0x0000000008000d44                USART1_IRQHandler
                0x0000000008000d44                OTG_FS_IRQHandler
                0x0000000008000d44                SPI3_IRQHandler
                0x0000000008000d44                DMA1_Stream4_IRQHandler
                0x0000000008000d44                I2C1_ER_IRQHandler
                0x0000000008000d44                DMA2_Stream6_IRQHandler
                0x0000000008000d44                DMA1_Stream3_IRQHandler
 .text.assert_failed
                0x0000000008000d5c        0xc dbg/startup_stm32f4xx.o
                0x0000000008000d5c                assert_failed
 .text.Reset_Handler
                0x0000000008000d68       0x84 dbg/startup_stm32f4xx.o
                0x0000000008000d68                Reset_Handler
 .text.GPIO_Init
                0x0000000008000dec       0x8e dbg/stm32f4xx_gpio.o
                0x0000000008000dec                GPIO_Init
 *fill*         0x0000000008000e7a        0x2 
 .text.RCC_AHB1PeriphClockCmd
                0x0000000008000e7c       0x1c dbg/stm32f4xx_rcc.o
                0x0000000008000e7c                RCC_AHB1PeriphClockCmd
 .text.QHsm_top
                0x0000000008000e98        0x4 dbg/qep_hsm.o
                0x0000000008000e98                QHsm_top
 .text.QHsm_init_
                0x0000000008000e9c       0xa8 dbg/qep_hsm.o
                0x0000000008000e9c                QHsm_init_
 .text.QHsm_dispatch_
                0x0000000008000f44      0x204 dbg/qep_hsm.o
                0x0000000008000f44                QHsm_dispatch_
 .text.QHsm_ctor
                0x0000000008001148       0x14 dbg/qep_hsm.o
                0x0000000008001148                QHsm_ctor
 .text.QF_add_  0x000000000800115c       0x3c dbg/qf_act.o
                0x000000000800115c                QF_add_
 .text.QF_bzero
                0x0000000008001198       0x12 dbg/qf_act.o
                0x0000000008001198                QF_bzero
 .text.QTicker_init_
                0x00000000080011aa        0x6 dbg/qf_actq.o
 .text.QTicker_post_
                0x00000000080011b0       0x4c dbg/qf_actq.o
 .text.QTicker_postLIFO_
                0x00000000080011fc       0x10 dbg/qf_actq.o
 .text.QTicker_dispatch_
                0x000000000800120c       0x2c dbg/qf_actq.o
 .text.QActive_post_
                0x0000000008001238       0xbc dbg/qf_actq.o
                0x0000000008001238                QActive_post_
 .text.QActive_postLIFO_
                0x00000000080012f4       0x84 dbg/qf_actq.o
                0x00000000080012f4                QActive_postLIFO_
 .text.QActive_get_
                0x0000000008001378       0x68 dbg/qf_actq.o
                0x0000000008001378                QActive_get_
 .text.QTicker_ctor
                0x00000000080013e0       0x1c dbg/qf_actq.o
                0x00000000080013e0                QTicker_ctor
 .text.QF_poolInit
                0x00000000080013fc       0x58 dbg/qf_dyn.o
                0x00000000080013fc                QF_poolInit
 .text.QF_newX_
                0x0000000008001454       0x7c dbg/qf_dyn.o
                0x0000000008001454                QF_newX_
 .text.QF_gc    0x00000000080014d0       0x64 dbg/qf_dyn.o
                0x00000000080014d0                QF_gc
 .text.QMPool_init
                0x0000000008001534       0x90 dbg/qf_mem.o
                0x0000000008001534                QMPool_init
 .text.QMPool_put
                0x00000000080015c4       0x44 dbg/qf_mem.o
                0x00000000080015c4                QMPool_put
 .text.QMPool_get
                0x0000000008001608       0x94 dbg/qf_mem.o
                0x0000000008001608                QMPool_get
 .text.QF_psInit
                0x000000000800169c       0x1c dbg/qf_ps.o
                0x000000000800169c                QF_psInit
 .text.QF_publish_
                0x00000000080016b8       0x98 dbg/qf_ps.o
                0x00000000080016b8                QF_publish_
 .text.QActive_subscribe
                0x0000000008001750       0x64 dbg/qf_ps.o
                0x0000000008001750                QActive_subscribe
 .text.QActive_ctor
                0x00000000080017b4       0x20 dbg/qf_qact.o
                0x00000000080017b4                QActive_ctor
 .text.QEQueue_init
                0x00000000080017d4       0x1e dbg/qf_qeq.o
                0x00000000080017d4                QEQueue_init
 *fill*         0x00000000080017f2        0x2 
 .text.QF_tickX_
                0x00000000080017f4       0xac dbg/qf_time.o
                0x00000000080017f4                QF_tickX_
 .text.QTimeEvt_ctorX
                0x00000000080018a0       0x2c dbg/qf_time.o
                0x00000000080018a0                QTimeEvt_ctorX
 .text.QTimeEvt_armX
                0x00000000080018cc       0x68 dbg/qf_time.o
                0x00000000080018cc                QTimeEvt_armX
 .text.QTimeEvt_disarm
                0x0000000008001934       0x32 dbg/qf_time.o
                0x0000000008001934                QTimeEvt_disarm
 *fill*         0x0000000008001966        0x2 
 .text.QF_init  0x0000000008001968       0x48 dbg/qv.o
                0x0000000008001968                QF_init
 .text.QF_run   0x00000000080019b0       0x84 dbg/qv.o
                0x00000000080019b0                QF_run
 .text.QActive_start_
                0x0000000008001a34       0x48 dbg/qv.o
                0x0000000008001a34                QActive_start_
 .text.QV_init  0x0000000008001a7c       0x54 dbg/qv_port.o
                0x0000000008001a7c                QV_init
 *(.rodata)
 *(.rodata*)
 .rodata.pauseEvt.1
                0x0000000008001ad0        0x4 dbg/bsp.o
 .rodata.serveEvt.0
                0x0000000008001ad4        0x4 dbg/bsp.o
 .rodata.Q_this_module_
                0x0000000008001ad8        0xa dbg/main.o
 *fill*         0x0000000008001ae2        0x2 
 .rodata.AO_Philo
                0x0000000008001ae4       0x14 dbg/philo.o
                0x0000000008001ae4                AO_Philo
 .rodata.Q_this_module_
                0x0000000008001af8        0xe dbg/philo.o
 *fill*         0x0000000008001b06        0x2 
 .rodata.Table_initial.str1.4
                0x0000000008001b08        0x9 dbg/table.o
 *fill*         0x0000000008001b11        0x3 
 .rodata.Table_serving.str1.4
                0x0000000008001b14       0x15 dbg/table.o
 *fill*         0x0000000008001b29        0x3 
 .rodata.AO_Table
                0x0000000008001b2c        0x4 dbg/table.o
                0x0000000008001b2c                AO_Table
 .rodata.Q_this_module_
                0x0000000008001b30        0xe dbg/table.o
 *fill*         0x0000000008001b3e        0x2 
 .rodata.Reset_Handler.str1.4
                0x0000000008001b40        0xe dbg/startup_stm32f4xx.o
 *fill*         0x0000000008001b4e        0x2 
 .rodata.QEP_reservedEvt_
                0x0000000008001b50       0x10 dbg/qep_hsm.o
 .rodata.Q_this_module_
                0x0000000008001b60        0x8 dbg/qep_hsm.o
 .rodata.vtable.0
                0x0000000008001b68        0x8 dbg/qep_hsm.o
 .rodata.Q_this_module_
                0x0000000008001b70        0x7 dbg/qf_act.o
 *fill*         0x0000000008001b77        0x1 
 .rodata.Q_this_module_
                0x0000000008001b78        0x8 dbg/qf_actq.o
 .rodata.tickEvt.0
                0x0000000008001b80        0x4 dbg/qf_actq.o
 .rodata.vtable.1
                0x0000000008001b84       0x14 dbg/qf_actq.o
 .rodata.Q_this_module_
                0x0000000008001b98        0x7 dbg/qf_dyn.o
 *fill*         0x0000000008001b9f        0x1 
 .rodata.Q_this_module_
                0x0000000008001ba0        0x7 dbg/qf_mem.o
 *fill*         0x0000000008001ba7        0x1 
 .rodata.Q_this_module_
                0x0000000008001ba8        0x6 dbg/qf_ps.o
 *fill*         0x0000000008001bae        0x2 
 .rodata.vtable.0
                0x0000000008001bb0       0x14 dbg/qf_qact.o
 .rodata.Q_this_module_
                0x0000000008001bc4        0x8 dbg/qf_time.o
 .rodata.Q_this_module_
                0x0000000008001bcc        0x3 dbg/qv.o
 *(.init)
 *fill*         0x0000000008001bcf        0x1 
 .init          0x0000000008001bd0        0x4 /usr/share/gcc-arm-none-eabi-10.3-2021.10/bin/../lib/gcc/arm-none-eabi/10.3.1/thumb/v7e-m+dp/softfp/crti.o
                0x0000000008001bd0                _init
 .init          0x0000000008001bd4        0x8 /usr/share/gcc-arm-none-eabi-10.3-2021.10/bin/../lib/gcc/arm-none-eabi/10.3.1/thumb/v7e-m+dp/softfp/crtn.o
 *(.fini)
 .fini          0x0000000008001bdc        0x4 /usr/share/gcc-arm-none-eabi-10.3-2021.10/bin/../lib/gcc/arm-none-eabi/10.3.1/thumb/v7e-m+dp/softfp/crti.o
                0x0000000008001bdc                _fini
 .fini          0x0000000008001be0        0x8 /usr/share/gcc-arm-none-eabi-10.3-2021.10/bin/../lib/gcc/arm-none-eabi/10.3.1/thumb/v7e-m+dp/softfp/crtn.o
                0x0000000008001be8                . = ALIGN (0x4)

.glue_7         0x0000000008001be8        0x0
 .glue_7        0x0000000008001be8        0x0 linker stubs

.glue_7t        0x0000000008001be8        0x0
 .glue_7t       0x0000000008001be8        0x0 linker stubs

.vfp11_veneer   0x0000000008001be8        0x0
 .vfp11_veneer  0x0000000008001be8        0x0 linker stubs

.v4_bx          0x0000000008001be8        0x0
 .v4_bx         0x0000000008001be8        0x0 linker stubs

.iplt           0x0000000008001be8        0x0
 .iplt          0x0000000008001be8        0x0 /usr/share/gcc-arm-none-eabi-10.3-2021.10/bin/../lib/gcc/arm-none-eabi/10.3.1/thumb/v7e-m+dp/softfp/crtbegin.o

.rel.dyn        0x0000000008001be8        0x0
 .rel.iplt      0x0000000008001be8        0x0 /usr/share/gcc-arm-none-eabi-10.3-2021.10/bin/../lib/gcc/arm-none-eabi/10.3.1/thumb/v7e-m+dp/softfp/crtbegin.o

.preinit_array  0x0000000008001be8        0x0
                0x0000000008001be8                PROVIDE (__preinit_array_start = .)
 *(.preinit_array*)
                0x0000000008001be8                PROVIDE (__preinit_array_end = .)

.init_array     0x0000000008001be8        0x4
                0x0000000008001be8                PROVIDE (__init_array_start = .)
 *(SORT_BY_NAME(.init_array.*))
 *(.init_array*)
 .init_array    0x0000000008001be8        0x4 /usr/share/gcc-arm-none-eabi-10.3-2021.10/bin/../lib/gcc/arm-none-eabi/10.3.1/thumb/v7e-m+dp/softfp/crtbegin.o
                0x0000000008001bec                PROVIDE (__init_array_end = .)

.fini_array     0x0000000008001bec        0x4
                [!provide]                        PROVIDE (__fini_array_start = .)
 *(.fini_array*)
 .fini_array    0x0000000008001bec        0x4 /usr/share/gcc-arm-none-eabi-10.3-2021.10/bin/../lib/gcc/arm-none-eabi/10.3.1/thumb/v7e-m+dp/softfp/crtbegin.o
 *(SORT_BY_NAME(.fini_array.*))
                [!provide]                        PROVIDE (__fini_array_end = .)
                0x0000000008001bf0                _etext = .

.stack          0x0000000020000000      0x400
                0x0000000020000000                __stack_start__ = .
                0x0000000020000400                . = (. + STACK_SIZE)
 *fill*         0x0000000020000000      0x400 
                0x0000000020000400                . = ALIGN (0x4)
                0x0000000020000400                __stack_end__ = .

.data           0x0000000020000400       0x18 load address 0x0000000008001bf0
                0x0000000008001bf0                __data_load = LOADADDR (.data)
                0x0000000020000400                __data_start = .
 *(.data)
 *(.data*)
 .data.the_Ticker0
                0x0000000020000400        0x4 dbg/main.o
                0x0000000020000400                the_Ticker0
 .data.AHBPrescTable
                0x0000000020000404       0x10 dbg/system_stm32f4xx.o
                0x0000000020000404                AHBPrescTable
 .data.SystemCoreClock
                0x0000000020000414        0x4 dbg/system_stm32f4xx.o
                0x0000000020000414                SystemCoreClock
                0x0000000020000418                . = ALIGN (0x4)
                0x0000000020000418                __data_end__ = .
                0x0000000020000418                _edata = __data_end__

.igot.plt       0x0000000020000418        0x0 load address 0x0000000008001c08
 .igot.plt      0x0000000020000418        0x0 /usr/share/gcc-arm-none-eabi-10.3-2021.10/bin/../lib/gcc/arm-none-eabi/10.3.1/thumb/v7e-m+dp/softfp/crtbegin.o

.bss            0x0000000020000418      0x344 load address 0x0000000008001c08
                0x0000000020000418                __bss_start__ = .
 *(.bss)
 .bss           0x0000000020000418       0x1c /usr/share/gcc-arm-none-eabi-10.3-2021.10/bin/../lib/gcc/arm-none-eabi/10.3.1/thumb/v7e-m+dp/softfp/crtbegin.o
 *(.bss*)
 .bss.buttons.2
                0x0000000020000434        0x8 dbg/bsp.o
 .bss.l_rnd     0x000000002000043c        0x4 dbg/bsp.o
 .bss.l_ticker0
                0x0000000020000440       0x20 dbg/main.o
 .bss.philoQueueSto.1
                0x0000000020000460       0x64 dbg/main.o
 .bss.smlPoolSto.2
                0x00000000200004c4       0x50 dbg/main.o
 .bss.subscrSto.3
                0x0000000020000514       0x24 dbg/main.o
 .bss.tableQueueSto.0
                0x0000000020000538       0x14 dbg/main.o
 .bss.l_philo   0x000000002000054c       0xf0 dbg/philo.o
 .bss.registered.0
                0x000000002000063c        0x1 dbg/philo.o
 *fill*         0x000000002000063d        0x3 
 .bss.l_table   0x0000000020000640       0x2c dbg/table.o
 .bss.QF_active_
                0x000000002000066c       0x84 dbg/qf_act.o
                0x000000002000066c                QF_active_
 .bss.QF_maxPool_
                0x00000000200006f0        0x4 dbg/qf_dyn.o
                0x00000000200006f0                QF_maxPool_
 .bss.QF_pool_  0x00000000200006f4       0x3c dbg/qf_dyn.o
                0x00000000200006f4                QF_pool_
 .bss.QF_maxPubSignal_
                0x0000000020000730        0x4 dbg/qf_ps.o
                0x0000000020000730                QF_maxPubSignal_
 .bss.QF_subscrList_
                0x0000000020000734        0x4 dbg/qf_ps.o
                0x0000000020000734                QF_subscrList_
 .bss.QF_timeEvtHead_
                0x0000000020000738       0x20 dbg/qf_time.o
                0x0000000020000738                QF_timeEvtHead_
 .bss.QV_readySet_
                0x0000000020000758        0x4 dbg/qv.o
                0x0000000020000758                QV_readySet_
 *(COMMON)
                0x000000002000075c                . = ALIGN (0x4)
                0x000000002000075c                _ebss = .
                0x000000002000075c                __bss_end__ = .
                0x000000002000075c                __exidx_start = .

.ARM.exidx
 *(.ARM.exidx* .gnu.linkonce.armexidx.*)
                0x000000002000075c                __exidx_end = .
                [!provide]                        PROVIDE (end = _ebss)
                [!provide]                        PROVIDE (_end = _ebss)
                [!provide]                        PROVIDE (__end__ = _ebss)

.heap           0x000000002000075c        0x0
                0x000000002000075c                __heap_start__ = .
                0x000000002000075c                . = (. + HEAP_SIZE)
                0x000000002000075c                . = ALIGN (0x4)
                0x000000002000075c                __heap_end__ = .

/DISCARD/
 libc.a(*)
 libm.a(*)
 libgcc.a(*)
OUTPUT(dbg/dpp-qv.elf elf32-littlearm)
LOAD linker stubs
LOAD /usr/share/gcc-arm-none-eabi-10.3-2021.10/bin/../lib/gcc/arm-none-eabi/10.3.1/../../../../arm-none-eabi/lib/thumb/v7e-m+dp/softfp/libc.a
LOAD /usr/share/gcc-arm-none-eabi-10.3-2021.10/bin/../lib/gcc/arm-none-eabi/10.3.1/../../../../arm-none-eabi/lib/thumb/v7e-m+dp/softfp/libm.a
LOAD /usr/share/gcc-arm-none-eabi-10.3-2021.10/bin/../lib/gcc/arm-none-eabi/10.3.1/thumb/v7e-m+dp/softfp/libgcc.a

.ARM.attributes
                0x0000000000000000       0x2c
 .ARM.attributes
                0x0000000000000000       0x1e /usr/share/gcc-arm-none-eabi-10.3-2021.10/bin/../lib/gcc/arm-none-eabi/10.3.1/thumb/v7e-m+dp/softfp/crti.o
 .ARM.attributes
                0x000000000000001e       0x30 /usr/share/gcc-arm-none-eabi-10.3-2021.10/bin/../lib/gcc/arm-none-eabi/10.3.1/thumb/v7e-m+dp/softfp/crtbegin.o
 .ARM.attributes
                0x000000000000004e       0x30 dbg/bsp.o
 .ARM.attributes
                0x000000000000007e       0x30 dbg/main.o
 .ARM.attributes
                0x00000000000000ae       0x30 dbg/philo.o
 .ARM.attributes
                0x00000000000000de       0x30 dbg/table.o
 .ARM.attributes
                0x000000000000010e       0x30 dbg/system_stm32f4xx.o
 .ARM.attributes
                0x000000000000013e       0x30 dbg/startup_stm32f4xx.o
 .ARM.attributes
                0x000000000000016e       0x30 dbg/stm32f4xx_gpio.o
 .ARM.attributes
                0x000000000000019e       0x30 dbg/stm32f4xx_rcc.o
 .ARM.attributes
                0x00000000000001ce       0x30 dbg/qep_hsm.o
 .ARM.attributes
                0x00000000000001fe       0x30 dbg/qf_act.o
 .ARM.attributes
                0x000000000000022e       0x30 dbg/qf_actq.o
 .ARM.attributes
                0x000000000000025e       0x30 dbg/qf_dyn.o
 .ARM.attributes
                0x000000000000028e       0x30 dbg/qf_mem.o
 .ARM.attributes
                0x00000000000002be       0x30 dbg/qf_ps.o
 .ARM.attributes
                0x00000000000002ee       0x30 dbg/qf_qact.o
 .ARM.attributes
                0x000000000000031e       0x30 dbg/qf_qeq.o
 .ARM.attributes
                0x000000000000034e       0x30 dbg/qf_time.o
 .ARM.attributes
                0x000000000000037e       0x30 dbg/qv.o
 .ARM.attributes
                0x00000000000003ae       0x30 dbg/qv_port.o
 .ARM.attributes
                0x00000000000003de       0x1e /usr/share/gcc-arm-none-eabi-10.3-2021.10/bin/../lib/gcc/arm-none-eabi/10.3.1/thumb/v7e-m+dp/softfp/crtn.o

.comment        0x0000000000000000       0x49
 .comment       0x0000000000000000       0x49 dbg/bsp.o
                                         0x4a (size before relaxing)
 .comment       0x0000000000000049       0x4a dbg/main.o
 .comment       0x0000000000000049       0x4a dbg/philo.o
 .comment       0x0000000000000049       0x4a dbg/table.o
 .comment       0x0000000000000049       0x4a dbg/system_stm32f4xx.o
 .comment       0x0000000000000049       0x4a dbg/startup_stm32f4xx.o
 .comment       0x0000000000000049       0x4a dbg/stm32f4xx_gpio.o
 .comment       0x0000000000000049       0x4a dbg/stm32f4xx_rcc.o
 .comment       0x0000000000000049       0x4a dbg/qep_hsm.o
 .comment       0x0000000000000049       0x4a dbg/qf_act.o
 .comment       0x0000000000000049       0x4a dbg/qf_actq.o
 .comment       0x0000000000000049       0x4a dbg/qf_dyn.o
 .comment       0x0000000000000049       0x4a dbg/qf_mem.o
 .comment       0x0000000000000049       0x4a dbg/qf_ps.o
 .comment       0x0000000000000049       0x4a dbg/qf_qact.o
 .comment       0x0000000000000049       0x4a dbg/qf_qeq.o
 .comment       0x0000000000000049       0x4a dbg/qf_time.o
 .comment       0x0000000000000049       0x4a dbg/qv.o
 .comment       0x0000000000000049       0x4a dbg/qv_port.o

.debug_info     0x0000000000000000     0x9b25
 .debug_info    0x0000000000000000      0xf95 dbg/bsp.o
 .debug_info    0x0000000000000f95      0x962 dbg/main.o
 .debug_info    0x00000000000018f7      0xb0f dbg/philo.o
 .debug_info    0x0000000000002406      0xc29 dbg/table.o
 .debug_info    0x000000000000302f      0x652 dbg/system_stm32f4xx.o
 .debug_info    0x0000000000003681      0x26c dbg/startup_stm32f4xx.o
 .debug_info    0x00000000000038ed      0x84c dbg/stm32f4xx_gpio.o
 .debug_info    0x0000000000004139      0xddf dbg/stm32f4xx_rcc.o
 .debug_info    0x0000000000004f18      0xbb1 dbg/qep_hsm.o
 .debug_info    0x0000000000005ac9      0x5e0 dbg/qf_act.o
 .debug_info    0x00000000000060a9      0xa36 dbg/qf_actq.o
 .debug_info    0x0000000000006adf      0x598 dbg/qf_dyn.o
 .debug_info    0x0000000000007077      0x480 dbg/qf_mem.o
 .debug_info    0x00000000000074f7      0x8c9 dbg/qf_ps.o
 .debug_info    0x0000000000007dc0      0x5bb dbg/qf_qact.o
 .debug_info    0x000000000000837b      0x454 dbg/qf_qeq.o
 .debug_info    0x00000000000087cf      0x9ab dbg/qf_time.o
 .debug_info    0x000000000000917a      0x8e6 dbg/qv.o
 .debug_info    0x0000000000009a60       0xc5 dbg/qv_port.o

.debug_abbrev   0x0000000000000000     0x2ce6
 .debug_abbrev  0x0000000000000000      0x46b dbg/bsp.o
 .debug_abbrev  0x000000000000046b      0x24b dbg/main.o
 .debug_abbrev  0x00000000000006b6      0x2a4 dbg/philo.o
 .debug_abbrev  0x000000000000095a      0x2c1 dbg/table.o
 .debug_abbrev  0x0000000000000c1b      0x197 dbg/system_stm32f4xx.o
 .debug_abbrev  0x0000000000000db2      0x193 dbg/startup_stm32f4xx.o
 .debug_abbrev  0x0000000000000f45      0x20e dbg/stm32f4xx_gpio.o
 .debug_abbrev  0x0000000000001153      0x231 dbg/stm32f4xx_rcc.o
 .debug_abbrev  0x0000000000001384      0x3a9 dbg/qep_hsm.o
 .debug_abbrev  0x000000000000172d      0x21a dbg/qf_act.o
 .debug_abbrev  0x0000000000001947      0x341 dbg/qf_actq.o
 .debug_abbrev  0x0000000000001c88      0x218 dbg/qf_dyn.o
 .debug_abbrev  0x0000000000001ea0      0x1d8 dbg/qf_mem.o
 .debug_abbrev  0x0000000000002078      0x2c4 dbg/qf_ps.o
 .debug_abbrev  0x000000000000233c      0x1e0 dbg/qf_qact.o
 .debug_abbrev  0x000000000000251c      0x1f9 dbg/qf_qeq.o
 .debug_abbrev  0x0000000000002715      0x2f1 dbg/qf_time.o
 .debug_abbrev  0x0000000000002a06      0x279 dbg/qv.o
 .debug_abbrev  0x0000000000002c7f       0x67 dbg/qv_port.o

.debug_loc      0x0000000000000000     0x44d1
 .debug_loc     0x0000000000000000      0x1b1 dbg/bsp.o
 .debug_loc     0x00000000000001b1       0x43 dbg/main.o
 .debug_loc     0x00000000000001f4      0x4f9 dbg/philo.o
 .debug_loc     0x00000000000006ed      0x8b4 dbg/table.o
 .debug_loc     0x0000000000000fa1      0x179 dbg/system_stm32f4xx.o
 .debug_loc     0x000000000000111a       0xd5 dbg/startup_stm32f4xx.o
 .debug_loc     0x00000000000011ef      0x337 dbg/stm32f4xx_gpio.o
 .debug_loc     0x0000000000001526      0xa65 dbg/stm32f4xx_rcc.o
 .debug_loc     0x0000000000001f8b      0x815 dbg/qep_hsm.o
 .debug_loc     0x00000000000027a0       0xec dbg/qf_act.o
 .debug_loc     0x000000000000288c      0x671 dbg/qf_actq.o
 .debug_loc     0x0000000000002efd      0x414 dbg/qf_dyn.o
 .debug_loc     0x0000000000003311      0x3db dbg/qf_mem.o
 .debug_loc     0x00000000000036ec      0x30d dbg/qf_ps.o
 .debug_loc     0x00000000000039f9       0x64 dbg/qf_qact.o
 .debug_loc     0x0000000000003a5d      0x3e7 dbg/qf_qeq.o
 .debug_loc     0x0000000000003e44      0x47a dbg/qf_time.o
 .debug_loc     0x00000000000042be      0x1f5 dbg/qv.o
 .debug_loc     0x00000000000044b3       0x1e dbg/qv_port.o

.debug_aranges  0x0000000000000000      0x648
 .debug_aranges
                0x0000000000000000       0x88 dbg/bsp.o
 .debug_aranges
                0x0000000000000088       0x20 dbg/main.o
 .debug_aranges
                0x00000000000000a8       0x40 dbg/philo.o
 .debug_aranges
                0x00000000000000e8       0x40 dbg/table.o
 .debug_aranges
                0x0000000000000128       0x28 dbg/system_stm32f4xx.o
 .debug_aranges
                0x0000000000000150       0x58 dbg/startup_stm32f4xx.o
 .debug_aranges
                0x00000000000001a8       0x88 dbg/stm32f4xx_gpio.o
 .debug_aranges
                0x0000000000000230      0x178 dbg/stm32f4xx_rcc.o
 .debug_aranges
                0x00000000000003a8       0x48 dbg/qep_hsm.o
 .debug_aranges
                0x00000000000003f0       0x30 dbg/qf_act.o
 .debug_aranges
                0x0000000000000420       0x60 dbg/qf_actq.o
 .debug_aranges
                0x0000000000000480       0x48 dbg/qf_dyn.o
 .debug_aranges
                0x00000000000004c8       0x38 dbg/qf_mem.o
 .debug_aranges
                0x0000000000000500       0x40 dbg/qf_ps.o
 .debug_aranges
                0x0000000000000540       0x20 dbg/qf_qact.o
 .debug_aranges
                0x0000000000000560       0x38 dbg/qf_qeq.o
 .debug_aranges
                0x0000000000000598       0x58 dbg/qf_time.o
 .debug_aranges
                0x00000000000005f0       0x38 dbg/qv.o
 .debug_aranges
                0x0000000000000628       0x20 dbg/qv_port.o

.debug_ranges   0x0000000000000000      0x698
 .debug_ranges  0x0000000000000000       0x90 dbg/bsp.o
 .debug_ranges  0x0000000000000090       0x10 dbg/main.o
 .debug_ranges  0x00000000000000a0       0x30 dbg/philo.o
 .debug_ranges  0x00000000000000d0       0x68 dbg/table.o
 .debug_ranges  0x0000000000000138       0x30 dbg/system_stm32f4xx.o
 .debug_ranges  0x0000000000000168       0x48 dbg/startup_stm32f4xx.o
 .debug_ranges  0x00000000000001b0       0x78 dbg/stm32f4xx_gpio.o
 .debug_ranges  0x0000000000000228      0x168 dbg/stm32f4xx_rcc.o
 .debug_ranges  0x0000000000000390       0x98 dbg/qep_hsm.o
 .debug_ranges  0x0000000000000428       0x20 dbg/qf_act.o
 .debug_ranges  0x0000000000000448       0x50 dbg/qf_actq.o
 .debug_ranges  0x0000000000000498       0x50 dbg/qf_dyn.o
 .debug_ranges  0x00000000000004e8       0x40 dbg/qf_mem.o
 .debug_ranges  0x0000000000000528       0x48 dbg/qf_ps.o
 .debug_ranges  0x0000000000000570       0x10 dbg/qf_qact.o
 .debug_ranges  0x0000000000000580       0x40 dbg/qf_qeq.o
 .debug_ranges  0x00000000000005c0       0x80 dbg/qf_time.o
 .debug_ranges  0x0000000000000640       0x48 dbg/qv.o
 .debug_ranges  0x0000000000000688       0x10 dbg/qv_port.o

.debug_line     0x0000000000000000     0x50ad
 .debug_line    0x0000000000000000      0x5f6 dbg/bsp.o
 .debug_line    0x00000000000005f6      0x230 dbg/main.o
 .debug_line    0x0000000000000826      0x3ae dbg/philo.o
 .debug_line    0x0000000000000bd4      0x633 dbg/table.o
 .debug_line    0x0000000000001207      0x371 dbg/system_stm32f4xx.o
 .debug_line    0x0000000000001578      0x1af dbg/startup_stm32f4xx.o
 .debug_line    0x0000000000001727      0x53b dbg/stm32f4xx_gpio.o
 .debug_line    0x0000000000001c62      0xaa9 dbg/stm32f4xx_rcc.o
 .debug_line    0x000000000000270b      0x6e7 dbg/qep_hsm.o
 .debug_line    0x0000000000002df2      0x265 dbg/qf_act.o
 .debug_line    0x0000000000003057      0x572 dbg/qf_actq.o
 .debug_line    0x00000000000035c9      0x388 dbg/qf_dyn.o
 .debug_line    0x0000000000003951      0x430 dbg/qf_mem.o
 .debug_line    0x0000000000003d81      0x3bf dbg/qf_ps.o
 .debug_line    0x0000000000004140      0x196 dbg/qf_qact.o
 .debug_line    0x00000000000042d6      0x427 dbg/qf_qeq.o
 .debug_line    0x00000000000046fd      0x55a dbg/qf_time.o
 .debug_line    0x0000000000004c57      0x2f3 dbg/qv.o
 .debug_line    0x0000000000004f4a      0x163 dbg/qv_port.o

.debug_str      0x0000000000000000     0x1f23
 .debug_str     0x0000000000000000      0xbe3 dbg/bsp.o
                                        0xc52 (size before relaxing)
 .debug_str     0x0000000000000be3      0x246 dbg/main.o
                                        0x4da (size before relaxing)
 .debug_str     0x0000000000000e29      0x19e dbg/philo.o
                                        0x5bc (size before relaxing)
 .debug_str     0x0000000000000fc7       0x5a dbg/table.o
                                        0x556 (size before relaxing)
 .debug_str     0x0000000000001021      0x186 dbg/system_stm32f4xx.o
                                        0x407 (size before relaxing)
 .debug_str     0x00000000000011a7      0x143 dbg/startup_stm32f4xx.o
                                        0x266 (size before relaxing)
 .debug_str     0x00000000000012ea      0x1ab dbg/stm32f4xx_gpio.o
                                        0x4fb (size before relaxing)
 .debug_str     0x0000000000001495      0x551 dbg/stm32f4xx_rcc.o
                                        0x8a4 (size before relaxing)
 .debug_str     0x00000000000019e6       0xdf dbg/qep_hsm.o
                                        0x49f (size before relaxing)
 .debug_str     0x0000000000001ac5       0x46 dbg/qf_act.o
                                        0x378 (size before relaxing)
 .debug_str     0x0000000000001b0b       0xce dbg/qf_actq.o
                                        0x490 (size before relaxing)
 .debug_str     0x0000000000001bd9       0xf0 dbg/qf_dyn.o
                                        0x32d (size before relaxing)
 .debug_str     0x0000000000001cc9       0x55 dbg/qf_mem.o
                                        0x2de (size before relaxing)
 .debug_str     0x0000000000001d1e       0x7e dbg/qf_ps.o
                                        0x481 (size before relaxing)
 .debug_str     0x0000000000001d9c       0x20 dbg/qf_qact.o
                                        0x37c (size before relaxing)
 .debug_str     0x0000000000001dbc       0x60 dbg/qf_qeq.o
                                        0x2ba (size before relaxing)
 .debug_str     0x0000000000001e1c       0x91 dbg/qf_time.o
                                        0x48f (size before relaxing)
 .debug_str     0x0000000000001ead       0x49 dbg/qv.o
                                        0x49c (size before relaxing)
 .debug_str     0x0000000000001ef6       0x2d dbg/qv_port.o
                                        0x1d4 (size before relaxing)

.debug_frame    0x0000000000000000      0xcec
 .debug_frame   0x0000000000000000      0x118 dbg/bsp.o
 .debug_frame   0x0000000000000118       0x3c dbg/main.o
 .debug_frame   0x0000000000000154       0x90 dbg/philo.o
 .debug_frame   0x00000000000001e4       0xa0 dbg/table.o
 .debug_frame   0x0000000000000284       0x3c dbg/system_stm32f4xx.o
 .debug_frame   0x00000000000002c0       0x90 dbg/startup_stm32f4xx.o
 .debug_frame   0x0000000000000350      0x10c dbg/stm32f4xx_gpio.o
 .debug_frame   0x000000000000045c      0x2f8 dbg/stm32f4xx_rcc.o
 .debug_frame   0x0000000000000754       0xc4 dbg/qep_hsm.o
 .debug_frame   0x0000000000000818       0x50 dbg/qf_act.o
 .debug_frame   0x0000000000000868       0xec dbg/qf_actq.o
 .debug_frame   0x0000000000000954       0xa0 dbg/qf_dyn.o
 .debug_frame   0x00000000000009f4       0x70 dbg/qf_mem.o
 .debug_frame   0x0000000000000a64       0x98 dbg/qf_ps.o
 .debug_frame   0x0000000000000afc       0x2c dbg/qf_qact.o
 .debug_frame   0x0000000000000b28       0x6c dbg/qf_qeq.o
 .debug_frame   0x0000000000000b94       0xb8 dbg/qf_time.o
 .debug_frame   0x0000000000000c4c       0x80 dbg/qv.o
 .debug_frame   0x0000000000000ccc       0x20 dbg/qv_port.o

Cross Reference Table

Symbol                                            File
ADC_IRQHandler                                    dbg/startup_stm32f4xx.o
AHBPrescTable                                     dbg/system_stm32f4xx.o
AO_Philo                                          dbg/philo.o
                                                  dbg/main.o
AO_Table                                          dbg/table.o
                                                  dbg/philo.o
                                                  dbg/main.o
BSP_displayPaused                                 dbg/bsp.o
                                                  dbg/table.o
BSP_displayPhilStat                               dbg/bsp.o
                                                  dbg/table.o
BSP_init                                          dbg/bsp.o
                                                  dbg/main.o
BSP_ledOff                                        dbg/bsp.o
BSP_ledOn                                         dbg/bsp.o
BSP_random                                        dbg/bsp.o
                                                  dbg/philo.o
BSP_randomSeed                                    dbg/bsp.o
BSP_terminate                                     dbg/bsp.o
BusFault_Handler                                  dbg/startup_stm32f4xx.o
CAN1_RX0_IRQHandler                               dbg/startup_stm32f4xx.o
CAN1_RX1_IRQHandler                               dbg/startup_stm32f4xx.o
CAN1_SCE_IRQHandler                               dbg/startup_stm32f4xx.o
CAN1_TX_IRQHandler                                dbg/startup_stm32f4xx.o
CAN2_RX0_IRQHandler                               dbg/startup_stm32f4xx.o
CAN2_RX1_IRQHandler                               dbg/startup_stm32f4xx.o
CAN2_SCE_IRQHandler                               dbg/startup_stm32f4xx.o
CAN2_TX_IRQHandler                                dbg/startup_stm32f4xx.o
CRYP_IRQHandler                                   dbg/startup_stm32f4xx.o
DCMI_IRQHandler                                   dbg/startup_stm32f4xx.o
DMA1_Stream0_IRQHandler                           dbg/startup_stm32f4xx.o
DMA1_Stream1_IRQHandler                           dbg/startup_stm32f4xx.o
DMA1_Stream2_IRQHandler                           dbg/startup_stm32f4xx.o
DMA1_Stream3_IRQHandler                           dbg/startup_stm32f4xx.o
DMA1_Stream4_IRQHandler                           dbg/startup_stm32f4xx.o
DMA1_Stream5_IRQHandler                           dbg/startup_stm32f4xx.o
DMA1_Stream6_IRQHandler                           dbg/startup_stm32f4xx.o
DMA1_Stream7_IRQHandler                           dbg/startup_stm32f4xx.o
DMA2_Stream0_IRQHandler                           dbg/startup_stm32f4xx.o
DMA2_Stream1_IRQHandler                           dbg/startup_stm32f4xx.o
DMA2_Stream2_IRQHandler                           dbg/startup_stm32f4xx.o
DMA2_Stream3_IRQHandler                           dbg/startup_stm32f4xx.o
DMA2_Stream4_IRQHandler                           dbg/startup_stm32f4xx.o
DMA2_Stream5_IRQHandler                           dbg/startup_stm32f4xx.o
DMA2_Stream6_IRQHandler                           dbg/startup_stm32f4xx.o
DMA2_Stream7_IRQHandler                           dbg/startup_stm32f4xx.o
DebugMon_Handler                                  dbg/startup_stm32f4xx.o
Default_Handler                                   dbg/startup_stm32f4xx.o
ETH_IRQHandler                                    dbg/startup_stm32f4xx.o
ETH_WKUP_IRQHandler                               dbg/startup_stm32f4xx.o
EXTI0_IRQHandler                                  dbg/startup_stm32f4xx.o
EXTI15_10_IRQHandler                              dbg/startup_stm32f4xx.o
EXTI1_IRQHandler                                  dbg/startup_stm32f4xx.o
EXTI2_IRQHandler                                  dbg/startup_stm32f4xx.o
EXTI3_IRQHandler                                  dbg/startup_stm32f4xx.o
EXTI4_IRQHandler                                  dbg/startup_stm32f4xx.o
EXTI9_5_IRQHandler                                dbg/startup_stm32f4xx.o
FLASH_IRQHandler                                  dbg/startup_stm32f4xx.o
FPU_IRQHandler                                    dbg/startup_stm32f4xx.o
FSMC_IRQHandler                                   dbg/startup_stm32f4xx.o
GPIO_DeInit                                       dbg/stm32f4xx_gpio.o
GPIO_Init                                         dbg/stm32f4xx_gpio.o
                                                  dbg/bsp.o
GPIO_PinAFConfig                                  dbg/stm32f4xx_gpio.o
GPIO_PinLockConfig                                dbg/stm32f4xx_gpio.o
GPIO_ReadInputData                                dbg/stm32f4xx_gpio.o
GPIO_ReadInputDataBit                             dbg/stm32f4xx_gpio.o
GPIO_ReadOutputData                               dbg/stm32f4xx_gpio.o
GPIO_ReadOutputDataBit                            dbg/stm32f4xx_gpio.o
GPIO_ResetBits                                    dbg/stm32f4xx_gpio.o
GPIO_SetBits                                      dbg/stm32f4xx_gpio.o
GPIO_StructInit                                   dbg/stm32f4xx_gpio.o
GPIO_ToggleBits                                   dbg/stm32f4xx_gpio.o
GPIO_Write                                        dbg/stm32f4xx_gpio.o
GPIO_WriteBit                                     dbg/stm32f4xx_gpio.o
HASH_RNG_IRQHandler                               dbg/startup_stm32f4xx.o
HardFault_Handler                                 dbg/startup_stm32f4xx.o
I2C1_ER_IRQHandler                                dbg/startup_stm32f4xx.o
I2C1_EV_IRQHandler                                dbg/startup_stm32f4xx.o
I2C2_ER_IRQHandler                                dbg/startup_stm32f4xx.o
I2C2_EV_IRQHandler                                dbg/startup_stm32f4xx.o
I2C3_ER_IRQHandler                                dbg/startup_stm32f4xx.o
I2C3_EV_IRQHandler                                dbg/startup_stm32f4xx.o
MemManage_Handler                                 dbg/startup_stm32f4xx.o
NMI_Handler                                       dbg/startup_stm32f4xx.o
OTG_FS_IRQHandler                                 dbg/startup_stm32f4xx.o
OTG_FS_WKUP_IRQHandler                            dbg/startup_stm32f4xx.o
OTG_HS_EP1_IN_IRQHandler                          dbg/startup_stm32f4xx.o
OTG_HS_EP1_OUT_IRQHandler                         dbg/startup_stm32f4xx.o
OTG_HS_IRQHandler                                 dbg/startup_stm32f4xx.o
OTG_HS_WKUP_IRQHandler                            dbg/startup_stm32f4xx.o
PVD_IRQHandler                                    dbg/startup_stm32f4xx.o
PendSV_Handler                                    dbg/startup_stm32f4xx.o
Philo_ctor                                        dbg/philo.o
                                                  dbg/main.o
QActive_ctor                                      dbg/qf_qact.o
                                                  dbg/qf_actq.o
                                                  dbg/table.o
                                                  dbg/philo.o
QActive_defer                                     dbg/qf_defer.o
QActive_flushDeferred                             dbg/qf_defer.o
QActive_get_                                      dbg/qf_actq.o
                                                  dbg/qv.o
QActive_postLIFO_                                 dbg/qf_actq.o
                                                  dbg/qf_qmact.o
                                                  dbg/qf_qact.o
QActive_post_                                     dbg/qf_actq.o
                                                  dbg/qf_qmact.o
                                                  dbg/qf_qact.o
QActive_recall                                    dbg/qf_defer.o
QActive_start_                                    dbg/qv.o
                                                  dbg/qf_qmact.o
                                                  dbg/qf_qact.o
                                                  dbg/qf_actq.o
QActive_subscribe                                 dbg/qf_ps.o
                                                  dbg/table.o
                                                  dbg/philo.o
QActive_unsubscribe                               dbg/qf_ps.o
QActive_unsubscribeAll                            dbg/qf_ps.o
QEQueue_get                                       dbg/qf_qeq.o
                                                  dbg/qf_defer.o
QEQueue_init                                      dbg/qf_qeq.o
                                                  dbg/qv.o
QEQueue_post                                      dbg/qf_qeq.o
                                                  dbg/qf_defer.o
QEQueue_postLIFO                                  dbg/qf_qeq.o
QF_active_                                        dbg/qf_act.o
                                                  dbg/qv.o
                                                  dbg/qf_ps.o
                                                  dbg/qf_actq.o
QF_add_                                           dbg/qf_act.o
                                                  dbg/qv.o
QF_bzero                                          dbg/qf_act.o
                                                  dbg/qv.o
                                                  dbg/qf_qmact.o
                                                  dbg/qf_qact.o
                                                  dbg/qf_ps.o
QF_deleteRef_                                     dbg/qf_dyn.o
QF_gc                                             dbg/qf_dyn.o
                                                  dbg/qv.o
                                                  dbg/qf_ps.o
                                                  dbg/qf_defer.o
                                                  dbg/qf_actq.o
QF_getPoolMin                                     dbg/qf_mem.o
QF_getQueueMin                                    dbg/qf_actq.o
QF_init                                           dbg/qv.o
                                                  dbg/main.o
QF_maxPool_                                       dbg/qf_dyn.o
                                                  dbg/qv.o
                                                  dbg/qf_mem.o
QF_maxPubSignal_                                  dbg/qf_ps.o
                                                  dbg/qv.o
QF_newRef_                                        dbg/qf_dyn.o
QF_newX_                                          dbg/qf_dyn.o
                                                  dbg/table.o
                                                  dbg/philo.o
QF_noTimeEvtsActiveX                              dbg/qf_time.o
QF_onCleanup                                      dbg/bsp.o
                                                  dbg/qv.o
QF_onStartup                                      dbg/bsp.o
                                                  dbg/qv.o
QF_poolGetMaxBlockSize                            dbg/qf_dyn.o
QF_poolInit                                       dbg/qf_dyn.o
                                                  dbg/main.o
QF_pool_                                          dbg/qf_dyn.o
                                                  dbg/qf_mem.o
QF_psInit                                         dbg/qf_ps.o
                                                  dbg/main.o
QF_publish_                                       dbg/qf_ps.o
                                                  dbg/table.o
                                                  dbg/philo.o
                                                  dbg/bsp.o
QF_remove_                                        dbg/qf_act.o
QF_run                                            dbg/qv.o
                                                  dbg/main.o
QF_stop                                           dbg/qv.o
QF_subscrList_                                    dbg/qf_ps.o
                                                  dbg/qv.o
QF_tickX_                                         dbg/qf_time.o
                                                  dbg/qf_actq.o
                                                  dbg/bsp.o
QF_timeEvtHead_                                   dbg/qf_time.o
                                                  dbg/qv.o
QHsm_childState_                                  dbg/qep_hsm.o
QHsm_ctor                                         dbg/qep_hsm.o
                                                  dbg/qf_qact.o
QHsm_dispatch_                                    dbg/qep_hsm.o
                                                  dbg/qf_qact.o
QHsm_init_                                        dbg/qep_hsm.o
                                                  dbg/qf_qact.o
QHsm_isIn                                         dbg/qep_hsm.o
QHsm_top                                          dbg/qep_hsm.o
                                                  dbg/table.o
                                                  dbg/philo.o
QMActive_ctor                                     dbg/qf_qmact.o
QMPool_get                                        dbg/qf_mem.o
                                                  dbg/qf_dyn.o
QMPool_init                                       dbg/qf_mem.o
                                                  dbg/qf_dyn.o
QMPool_put                                        dbg/qf_mem.o
                                                  dbg/qf_dyn.o
QMsm_childStateObj_                               dbg/qep_msm.o
QMsm_ctor                                         dbg/qep_msm.o
                                                  dbg/qf_qmact.o
QMsm_dispatch_                                    dbg/qep_msm.o
                                                  dbg/qf_qmact.o
QMsm_init_                                        dbg/qep_msm.o
                                                  dbg/qf_qmact.o
QMsm_isInState                                    dbg/qep_msm.o
QP_versionStr                                     dbg/qep_hsm.o
QTicker_ctor                                      dbg/qf_actq.o
                                                  dbg/main.o
QTimeEvt_armX                                     dbg/qf_time.o
                                                  dbg/philo.o
QTimeEvt_ctorX                                    dbg/qf_time.o
                                                  dbg/philo.o
QTimeEvt_currCtr                                  dbg/qf_time.o
QTimeEvt_disarm                                   dbg/qf_time.o
                                                  dbg/philo.o
QTimeEvt_rearm                                    dbg/qf_time.o
QTimeEvt_wasDisarmed                              dbg/qf_time.o
QV_init                                           dbg/qv_port.o
                                                  dbg/qv.o
QV_onIdle                                         dbg/bsp.o
                                                  dbg/qv.o
QV_readySet_                                      dbg/qv.o
                                                  dbg/qf_actq.o
Q_BUILD_DATE                                      dbg/qstamp.o
Q_BUILD_TIME                                      dbg/qstamp.o
Q_onAssert                                        dbg/bsp.o
                                                  dbg/qv.o
                                                  dbg/qf_time.o
                                                  dbg/qf_qeq.o
                                                  dbg/qf_ps.o
                                                  dbg/qf_mem.o
                                                  dbg/qf_dyn.o
                                                  dbg/qf_defer.o
                                                  dbg/qf_actq.o
                                                  dbg/qf_act.o
                                                  dbg/qep_msm.o
                                                  dbg/qep_hsm.o
                                                  dbg/startup_stm32f4xx.o
                                                  dbg/table.o
                                                  dbg/philo.o
                                                  dbg/main.o
RCC_AHB1PeriphClockCmd                            dbg/stm32f4xx_rcc.o
                                                  dbg/bsp.o
RCC_AHB1PeriphClockLPModeCmd                      dbg/stm32f4xx_rcc.o
RCC_AHB1PeriphResetCmd                            dbg/stm32f4xx_rcc.o
                                                  dbg/stm32f4xx_gpio.o
RCC_AHB2PeriphClockCmd                            dbg/stm32f4xx_rcc.o
RCC_AHB2PeriphClockLPModeCmd                      dbg/stm32f4xx_rcc.o
RCC_AHB2PeriphResetCmd                            dbg/stm32f4xx_rcc.o
RCC_AHB3PeriphClockCmd                            dbg/stm32f4xx_rcc.o
RCC_AHB3PeriphClockLPModeCmd                      dbg/stm32f4xx_rcc.o
RCC_AHB3PeriphResetCmd                            dbg/stm32f4xx_rcc.o
RCC_APB1PeriphClockCmd                            dbg/stm32f4xx_rcc.o
RCC_APB1PeriphClockLPModeCmd                      dbg/stm32f4xx_rcc.o
RCC_APB1PeriphResetCmd                            dbg/stm32f4xx_rcc.o
                                                  dbg/stm32f4xx_usart.o
RCC_APB2PeriphClockCmd                            dbg/stm32f4xx_rcc.o
RCC_APB2PeriphClockLPModeCmd                      dbg/stm32f4xx_rcc.o
RCC_APB2PeriphResetCmd                            dbg/stm32f4xx_rcc.o
                                                  dbg/stm32f4xx_usart.o
RCC_AdjustHSICalibrationValue                     dbg/stm32f4xx_rcc.o
RCC_BackupResetCmd                                dbg/stm32f4xx_rcc.o
RCC_ClearFlag                                     dbg/stm32f4xx_rcc.o
RCC_ClearITPendingBit                             dbg/stm32f4xx_rcc.o
RCC_ClockSecuritySystemCmd                        dbg/stm32f4xx_rcc.o
RCC_DeInit                                        dbg/stm32f4xx_rcc.o
RCC_GetClocksFreq                                 dbg/stm32f4xx_rcc.o
                                                  dbg/stm32f4xx_usart.o
RCC_GetFlagStatus                                 dbg/stm32f4xx_rcc.o
RCC_GetITStatus                                   dbg/stm32f4xx_rcc.o
RCC_GetSYSCLKSource                               dbg/stm32f4xx_rcc.o
RCC_HCLKConfig                                    dbg/stm32f4xx_rcc.o
RCC_HSEConfig                                     dbg/stm32f4xx_rcc.o
RCC_HSICmd                                        dbg/stm32f4xx_rcc.o
RCC_I2SCLKConfig                                  dbg/stm32f4xx_rcc.o
RCC_IRQHandler                                    dbg/startup_stm32f4xx.o
RCC_ITConfig                                      dbg/stm32f4xx_rcc.o
RCC_LSEConfig                                     dbg/stm32f4xx_rcc.o
RCC_LSICmd                                        dbg/stm32f4xx_rcc.o
RCC_MCO1Config                                    dbg/stm32f4xx_rcc.o
RCC_MCO2Config                                    dbg/stm32f4xx_rcc.o
RCC_PCLK1Config                                   dbg/stm32f4xx_rcc.o
RCC_PCLK2Config                                   dbg/stm32f4xx_rcc.o
RCC_PLLCmd                                        dbg/stm32f4xx_rcc.o
RCC_PLLConfig                                     dbg/stm32f4xx_rcc.o
RCC_PLLI2SCmd                                     dbg/stm32f4xx_rcc.o
RCC_PLLI2SConfig                                  dbg/stm32f4xx_rcc.o
RCC_RTCCLKCmd                                     dbg/stm32f4xx_rcc.o
RCC_RTCCLKConfig                                  dbg/stm32f4xx_rcc.o
RCC_SYSCLKConfig                                  dbg/stm32f4xx_rcc.o
RCC_WaitForHSEStartUp                             dbg/stm32f4xx_rcc.o
RTC_Alarm_IRQHandler                              dbg/startup_stm32f4xx.o
RTC_WKUP_IRQHandler                               dbg/startup_stm32f4xx.o
Reset_Handler                                     dbg/startup_stm32f4xx.o
SDIO_IRQHandler                                   dbg/startup_stm32f4xx.o
SPI1_IRQHandler                                   dbg/startup_stm32f4xx.o
SPI2_IRQHandler                                   dbg/startup_stm32f4xx.o
SPI3_IRQHandler                                   dbg/startup_stm32f4xx.o
SVC_Handler                                       dbg/startup_stm32f4xx.o
SysTick_Handler                                   dbg/bsp.o
SystemCoreClock                                   dbg/system_stm32f4xx.o
                                                  dbg/bsp.o
SystemCoreClockUpdate                             dbg/system_stm32f4xx.o
                                                  dbg/bsp.o
SystemInit                                        dbg/system_stm32f4xx.o
                                                  dbg/startup_stm32f4xx.o
TAMP_STAMP_IRQHandler                             dbg/startup_stm32f4xx.o
TIM1_BRK_TIM9_IRQHandler                          dbg/startup_stm32f4xx.o
TIM1_CC_IRQHandler                                dbg/startup_stm32f4xx.o
TIM1_TRG_COM_TIM11_IRQHandler                     dbg/startup_stm32f4xx.o
TIM1_UP_TIM10_IRQHandler                          dbg/startup_stm32f4xx.o
TIM2_IRQHandler                                   dbg/startup_stm32f4xx.o
TIM3_IRQHandler                                   dbg/startup_stm32f4xx.o
TIM4_IRQHandler                                   dbg/startup_stm32f4xx.o
TIM5_IRQHandler                                   dbg/startup_stm32f4xx.o
TIM6_DAC_IRQHandler                               dbg/startup_stm32f4xx.o
TIM7_IRQHandler                                   dbg/startup_stm32f4xx.o
TIM8_BRK_TIM12_IRQHandler                         dbg/startup_stm32f4xx.o
TIM8_CC_IRQHandler                                dbg/startup_stm32f4xx.o
TIM8_TRG_COM_TIM14_IRQHandler                     dbg/startup_stm32f4xx.o
TIM8_UP_TIM13_IRQHandler                          dbg/startup_stm32f4xx.o
Table_ctor                                        dbg/table.o
                                                  dbg/main.o
UART4_IRQHandler                                  dbg/startup_stm32f4xx.o
UART5_IRQHandler                                  dbg/startup_stm32f4xx.o
USART1_IRQHandler                                 dbg/startup_stm32f4xx.o
USART2_IRQHandler                                 dbg/bsp.o
USART3_IRQHandler                                 dbg/startup_stm32f4xx.o
USART6_IRQHandler                                 dbg/startup_stm32f4xx.o
USART_ClearFlag                                   dbg/stm32f4xx_usart.o
USART_ClearITPendingBit                           dbg/stm32f4xx_usart.o
USART_ClockInit                                   dbg/stm32f4xx_usart.o
USART_ClockStructInit                             dbg/stm32f4xx_usart.o
USART_Cmd                                         dbg/stm32f4xx_usart.o
USART_DMACmd                                      dbg/stm32f4xx_usart.o
USART_DeInit                                      dbg/stm32f4xx_usart.o
USART_GetFlagStatus                               dbg/stm32f4xx_usart.o
USART_GetITStatus                                 dbg/stm32f4xx_usart.o
USART_HalfDuplexCmd                               dbg/stm32f4xx_usart.o
USART_ITConfig                                    dbg/stm32f4xx_usart.o
USART_Init                                        dbg/stm32f4xx_usart.o
USART_IrDACmd                                     dbg/stm32f4xx_usart.o
USART_IrDAConfig                                  dbg/stm32f4xx_usart.o
USART_LINBreakDetectLengthConfig                  dbg/stm32f4xx_usart.o
USART_LINCmd                                      dbg/stm32f4xx_usart.o
USART_OneBitMethodCmd                             dbg/stm32f4xx_usart.o
USART_OverSampling8Cmd                            dbg/stm32f4xx_usart.o
USART_ReceiveData                                 dbg/stm32f4xx_usart.o
USART_ReceiverWakeUpCmd                           dbg/stm32f4xx_usart.o
USART_SendBreak                                   dbg/stm32f4xx_usart.o
USART_SendData                                    dbg/stm32f4xx_usart.o
USART_SetAddress                                  dbg/stm32f4xx_usart.o
USART_SetGuardTime                                dbg/stm32f4xx_usart.o
USART_SetPrescaler                                dbg/stm32f4xx_usart.o
USART_SmartCardCmd                                dbg/stm32f4xx_usart.o
USART_SmartCardNACKCmd                            dbg/stm32f4xx_usart.o
USART_StructInit                                  dbg/stm32f4xx_usart.o
USART_WakeUpConfig                                dbg/stm32f4xx_usart.o
UsageFault_Handler                                dbg/startup_stm32f4xx.o
WWDG_IRQHandler                                   dbg/startup_stm32f4xx.o
__bss_end__                                       dbg/startup_stm32f4xx.o
                                                  /usr/share/gcc-arm-none-eabi-10.3-2021.10/bin/../lib/gcc/arm-none-eabi/10.3.1/../../../../arm-none-eabi/lib/thumb/v7e-m+dp/softfp/crt0.o
__bss_start__                                     dbg/startup_stm32f4xx.o
                                                  /usr/share/gcc-arm-none-eabi-10.3-2021.10/bin/../lib/gcc/arm-none-eabi/10.3.1/../../../../arm-none-eabi/lib/thumb/v7e-m+dp/softfp/crt0.o
__call_exitprocs                                  /usr/share/gcc-arm-none-eabi-10.3-2021.10/bin/../lib/gcc/arm-none-eabi/10.3.1/../../../../arm-none-eabi/lib/thumb/v7e-m+dp/softfp/libc_nano.a(lib_a-exit.o)
__data_end__                                      dbg/startup_stm32f4xx.o
__data_load                                       dbg/startup_stm32f4xx.o
__data_start                                      dbg/startup_stm32f4xx.o
__deregister_frame_info                           /usr/share/gcc-arm-none-eabi-10.3-2021.10/bin/../lib/gcc/arm-none-eabi/10.3.1/thumb/v7e-m+dp/softfp/crtbegin.o
__dso_handle                                      /usr/share/gcc-arm-none-eabi-10.3-2021.10/bin/../lib/gcc/arm-none-eabi/10.3.1/thumb/v7e-m+dp/softfp/crtbegin.o
__init_array_end                                  /usr/share/gcc-arm-none-eabi-10.3-2021.10/bin/../lib/gcc/arm-none-eabi/10.3.1/../../../../arm-none-eabi/lib/thumb/v7e-m+dp/softfp/libc_nano.a(lib_a-init.o)
__init_array_start                                /usr/share/gcc-arm-none-eabi-10.3-2021.10/bin/../lib/gcc/arm-none-eabi/10.3.1/../../../../arm-none-eabi/lib/thumb/v7e-m+dp/softfp/libc_nano.a(lib_a-init.o)
__libc_fini_array                                 /usr/share/gcc-arm-none-eabi-10.3-2021.10/bin/../lib/gcc/arm-none-eabi/10.3.1/../../../../arm-none-eabi/lib/thumb/v7e-m+dp/softfp/crt0.o
__libc_init_array                                 /usr/share/gcc-arm-none-eabi-10.3-2021.10/bin/../lib/gcc/arm-none-eabi/10.3.1/../../../../arm-none-eabi/lib/thumb/v7e-m+dp/softfp/libc_nano.a(lib_a-init.o)
                                                  /usr/share/gcc-arm-none-eabi-10.3-2021.10/bin/../lib/gcc/arm-none-eabi/10.3.1/../../../../arm-none-eabi/lib/thumb/v7e-m+dp/softfp/crt0.o
__preinit_array_end                               /usr/share/gcc-arm-none-eabi-10.3-2021.10/bin/../lib/gcc/arm-none-eabi/10.3.1/../../../../arm-none-eabi/lib/thumb/v7e-m+dp/softfp/libc_nano.a(lib_a-init.o)
__preinit_array_start                             /usr/share/gcc-arm-none-eabi-10.3-2021.10/bin/../lib/gcc/arm-none-eabi/10.3.1/../../../../arm-none-eabi/lib/thumb/v7e-m+dp/softfp/libc_nano.a(lib_a-init.o)
__register_frame_info                             /usr/share/gcc-arm-none-eabi-10.3-2021.10/bin/../lib/gcc/arm-none-eabi/10.3.1/thumb/v7e-m+dp/softfp/crtbegin.o
__sf_fake_stderr                                  /usr/share/gcc-arm-none-eabi-10.3-2021.10/bin/../lib/gcc/arm-none-eabi/10.3.1/../../../../arm-none-eabi/lib/thumb/v7e-m+dp/softfp/libc_nano.a(lib_a-impure.o)
__sf_fake_stdin                                   /usr/share/gcc-arm-none-eabi-10.3-2021.10/bin/../lib/gcc/arm-none-eabi/10.3.1/../../../../arm-none-eabi/lib/thumb/v7e-m+dp/softfp/libc_nano.a(lib_a-impure.o)
__sf_fake_stdout                                  /usr/share/gcc-arm-none-eabi-10.3-2021.10/bin/../lib/gcc/arm-none-eabi/10.3.1/../../../../arm-none-eabi/lib/thumb/v7e-m+dp/softfp/libc_nano.a(lib_a-impure.o)
__stack                                           /usr/share/gcc-arm-none-eabi-10.3-2021.10/bin/../lib/gcc/arm-none-eabi/10.3.1/../../../../arm-none-eabi/lib/thumb/v7e-m+dp/softfp/crt0.o
__stack_end__                                     dbg/startup_stm32f4xx.o
_exit                                             /usr/share/gcc-arm-none-eabi-10.3-2021.10/bin/../lib/gcc/arm-none-eabi/10.3.1/../../../../arm-none-eabi/lib/thumb/v7e-m+dp/softfp/libnosys.a(_exit.o)
                                                  /usr/share/gcc-arm-none-eabi-10.3-2021.10/bin/../lib/gcc/arm-none-eabi/10.3.1/../../../../arm-none-eabi/lib/thumb/v7e-m+dp/softfp/libc_nano.a(lib_a-exit.o)
_fini                                             /usr/share/gcc-arm-none-eabi-10.3-2021.10/bin/../lib/gcc/arm-none-eabi/10.3.1/thumb/v7e-m+dp/softfp/crti.o
_global_impure_ptr                                /usr/share/gcc-arm-none-eabi-10.3-2021.10/bin/../lib/gcc/arm-none-eabi/10.3.1/../../../../arm-none-eabi/lib/thumb/v7e-m+dp/softfp/libc_nano.a(lib_a-impure.o)
                                                  /usr/share/gcc-arm-none-eabi-10.3-2021.10/bin/../lib/gcc/arm-none-eabi/10.3.1/../../../../arm-none-eabi/lib/thumb/v7e-m+dp/softfp/libc_nano.a(lib_a-exit.o)
_impure_ptr                                       /usr/share/gcc-arm-none-eabi-10.3-2021.10/bin/../lib/gcc/arm-none-eabi/10.3.1/../../../../arm-none-eabi/lib/thumb/v7e-m+dp/softfp/libc_nano.a(lib_a-impure.o)
_init                                             /usr/share/gcc-arm-none-eabi-10.3-2021.10/bin/../lib/gcc/arm-none-eabi/10.3.1/thumb/v7e-m+dp/softfp/crti.o
                                                  /usr/share/gcc-arm-none-eabi-10.3-2021.10/bin/../lib/gcc/arm-none-eabi/10.3.1/../../../../arm-none-eabi/lib/thumb/v7e-m+dp/softfp/libc_nano.a(lib_a-init.o)
_mainCRTStartup                                   /usr/share/gcc-arm-none-eabi-10.3-2021.10/bin/../lib/gcc/arm-none-eabi/10.3.1/../../../../arm-none-eabi/lib/thumb/v7e-m+dp/softfp/crt0.o
_stack_init                                       /usr/share/gcc-arm-none-eabi-10.3-2021.10/bin/../lib/gcc/arm-none-eabi/10.3.1/../../../../arm-none-eabi/lib/thumb/v7e-m+dp/softfp/crt0.o
_start                                            /usr/share/gcc-arm-none-eabi-10.3-2021.10/bin/../lib/gcc/arm-none-eabi/10.3.1/../../../../arm-none-eabi/lib/thumb/v7e-m+dp/softfp/crt0.o
assert_failed                                     dbg/startup_stm32f4xx.o
atexit                                            /usr/share/gcc-arm-none-eabi-10.3-2021.10/bin/../lib/gcc/arm-none-eabi/10.3.1/../../../../arm-none-eabi/lib/thumb/v7e-m+dp/softfp/crt0.o
exit                                              /usr/share/gcc-arm-none-eabi-10.3-2021.10/bin/../lib/gcc/arm-none-eabi/10.3.1/../../../../arm-none-eabi/lib/thumb/v7e-m+dp/softfp/libc_nano.a(lib_a-exit.o)
                                                  /usr/share/gcc-arm-none-eabi-10.3-2021.10/bin/../lib/gcc/arm-none-eabi/10.3.1/../../../../arm-none-eabi/lib/thumb/v7e-m+dp/softfp/crt0.o
g_pfnVectors                                      dbg/startup_stm32f4xx.o
hardware_init_hook                                /usr/share/gcc-arm-none-eabi-10.3-2021.10/bin/../lib/gcc/arm-none-eabi/10.3.1/../../../../arm-none-eabi/lib/thumb/v7e-m+dp/softfp/crt0.o
main                                              dbg/main.o
                                                  dbg/startup_stm32f4xx.o
                                                  /usr/share/gcc-arm-none-eabi-10.3-2021.10/bin/../lib/gcc/arm-none-eabi/10.3.1/../../../../arm-none-eabi/lib/thumb/v7e-m+dp/softfp/crt0.o
memset                                            /usr/share/gcc-arm-none-eabi-10.3-2021.10/bin/../lib/gcc/arm-none-eabi/10.3.1/../../../../arm-none-eabi/lib/thumb/v7e-m+dp/softfp/libc_nano.a(lib_a-memset.o)
                                                  /usr/share/gcc-arm-none-eabi-10.3-2021.10/bin/../lib/gcc/arm-none-eabi/10.3.1/../../../../arm-none-eabi/lib/thumb/v7e-m+dp/softfp/crt0.o
software_init_hook                                dbg/startup_stm32f4xx.o
                                                  /usr/share/gcc-arm-none-eabi-10.3-2021.10/bin/../lib/gcc/arm-none-eabi/10.3.1/../../../../arm-none-eabi/lib/thumb/v7e-m+dp/softfp/crt0.o
the_Ticker0                                       dbg/main.o
